<?xml version="1.0"?>
<link_info>
   <banner>TI ARM Linker PC v5.2.6</banner>
   <copyright>Copyright (c) 1996-2015 Texas Instruments Incorporated</copyright>
   <link_time>0x57f7e2e8</link_time>
   <link_errors>0x0</link_errors>
   <output_file>timac_cc13xx_rfd.out</output_file>
   <entry_point>
      <name>startup_entry</name>
      <address>0xf001</address>
   </entry_point>
   <input_file_list>
      <input_file id="fl-3">
         <path>C:\Users\nghia\workspace\timac_cc13xx\Stack-RFD\</path>
         <kind>object</kind>
         <file>hal_aes.obj</file>
         <name>hal_aes.obj</name>
      </input_file>
      <input_file id="fl-4">
         <path>C:\Users\nghia\workspace\timac_cc13xx\Stack-RFD\</path>
         <kind>object</kind>
         <file>hal_ccm.obj</file>
         <name>hal_ccm.obj</name>
      </input_file>
      <input_file id="fl-141">
         <path>C:\ti\ccsv6\tools\compiler\ti-cgt-arm_5.2.6\lib\</path>
         <kind>archive</kind>
         <file>rtsv7M3_T_le_eabi.lib</file>
         <name>autoinit.obj</name>
      </input_file>
      <input_file id="fl-142">
         <path>C:\ti\ccsv6\tools\compiler\ti-cgt-arm_5.2.6\lib\</path>
         <kind>archive</kind>
         <file>rtsv7M3_T_le_eabi.lib</file>
         <name>boot.obj</name>
      </input_file>
      <input_file id="fl-147">
         <path>C:\ti\ccsv6\tools\compiler\ti-cgt-arm_5.2.6\lib\</path>
         <kind>archive</kind>
         <file>rtsv7M3_T_le_eabi.lib</file>
         <name>exit.obj</name>
      </input_file>
      <input_file id="fl-148">
         <path>C:\ti\ccsv6\tools\compiler\ti-cgt-arm_5.2.6\lib\</path>
         <kind>archive</kind>
         <file>rtsv7M3_T_le_eabi.lib</file>
         <name>ll_mul_t2.obj</name>
      </input_file>
      <input_file id="fl-14b">
         <path>C:\ti\ccsv6\tools\compiler\ti-cgt-arm_5.2.6\lib\</path>
         <kind>archive</kind>
         <file>rtsv7M3_T_le_eabi.lib</file>
         <name>memcpy_t2.obj</name>
      </input_file>
      <input_file id="fl-14c">
         <path>C:\ti\ccsv6\tools\compiler\ti-cgt-arm_5.2.6\lib\</path>
         <kind>archive</kind>
         <file>rtsv7M3_T_le_eabi.lib</file>
         <name>memset_t2.obj</name>
      </input_file>
      <input_file id="fl-150">
         <path>C:\ti\ccsv6\tools\compiler\ti-cgt-arm_5.2.6\lib\</path>
         <kind>archive</kind>
         <file>rtsv7M3_T_le_eabi.lib</file>
         <name>ull_div_t2.obj</name>
      </input_file>
      <input_file id="fl-152">
         <path>C:\ti\ccsv6\tools\compiler\ti-cgt-arm_5.2.6\lib\</path>
         <kind>archive</kind>
         <file>rtsv7M3_T_le_eabi.lib</file>
         <name>args_main.obj</name>
      </input_file>
      <input_file id="fl-157">
         <path>C:\ti\tirtos_cc13xx_cc26xx_2_18_01_04\products\cc13xxware_2_03_03_17251\driverlib\bin\ccs\</path>
         <kind>archive</kind>
         <file>driverlib.lib</file>
         <name>cpu.obj</name>
      </input_file>
      <input_file id="fl-177">
         <path>C:\ti\ccsv6\tools\compiler\ti-cgt-arm_5.2.6\lib\</path>
         <kind>archive</kind>
         <file>rtsv7M3_T_le_eabi.lib</file>
         <name>ll_div_t2.obj</name>
      </input_file>
      <input_file id="fl-178">
         <path>C:\ti\ccsv6\tools\compiler\ti-cgt-arm_5.2.6\lib\</path>
         <kind>archive</kind>
         <file>rtsv7M3_T_le_eabi.lib</file>
         <name>u_divt2.obj</name>
      </input_file>
      <input_file id="fl-17c">
         <path>C:\Users\nghia\workspace\timac_cc13xx\Stack-RFD\</path>
         <kind>object</kind>
         <file>lto_timac_cc13xx_rfd.obj</file>
         <name>lto_timac_cc13xx_rfd.obj</name>
      </input_file>
   </input_file_list>
   <object_component_list>
      <object_component id="oc-27">
         <name>EntrySection</name>
         <load_address>0xf000</load_address>
         <run_address>0xf000</run_address>
         <size>0x24</size>
         <input_file_ref idref="fl-18"/>
      </object_component>
      <object_component id="oc-201">
         <name>.text</name>
         <load_address>0xf024</load_address>
         <run_address>0xf024</run_address>
         <size>0x112c</size>
         <input_file_ref idref="fl-16b"/>
      </object_component>
      <object_component id="oc-39e">
         <name>.text</name>
         <load_address>0x10150</load_address>
         <run_address>0x10150</run_address>
         <size>0x1120</size>
         <input_file_ref idref="fl-173"/>
      </object_component>
      <object_component id="oc-20d">
         <name>.text</name>
         <load_address>0x11270</load_address>
         <run_address>0x11270</run_address>
         <size>0xe38</size>
         <input_file_ref idref="fl-165"/>
      </object_component>
      <object_component id="oc-2ff">
         <name>.text</name>
         <load_address>0x120a8</load_address>
         <run_address>0x120a8</run_address>
         <size>0x9f8</size>
         <input_file_ref idref="fl-166"/>
      </object_component>
      <object_component id="oc-3b0">
         <name>.text</name>
         <load_address>0x12aa0</load_address>
         <run_address>0x12aa0</run_address>
         <size>0x9d0</size>
         <input_file_ref idref="fl-174"/>
      </object_component>
      <object_component id="oc-33c">
         <name>.text</name>
         <load_address>0x13470</load_address>
         <run_address>0x13470</run_address>
         <size>0x990</size>
         <input_file_ref idref="fl-15f"/>
      </object_component>
      <object_component id="oc-323">
         <name>.text</name>
         <load_address>0x13e00</load_address>
         <run_address>0x13e00</run_address>
         <size>0x89c</size>
         <input_file_ref idref="fl-16e"/>
      </object_component>
      <object_component id="oc-3de">
         <name>.text</name>
         <load_address>0x1469c</load_address>
         <run_address>0x1469c</run_address>
         <size>0x830</size>
         <input_file_ref idref="fl-162"/>
      </object_component>
      <object_component id="oc-30b">
         <name>.text</name>
         <load_address>0x14ecc</load_address>
         <run_address>0x14ecc</run_address>
         <size>0x760</size>
         <input_file_ref idref="fl-b"/>
      </object_component>
      <object_component id="oc-1e3">
         <name>.text</name>
         <load_address>0x1562c</load_address>
         <run_address>0x1562c</run_address>
         <size>0x760</size>
         <input_file_ref idref="fl-f"/>
      </object_component>
      <object_component id="oc-1ef">
         <name>.text</name>
         <load_address>0x15d8c</load_address>
         <run_address>0x15d8c</run_address>
         <size>0x73c</size>
         <input_file_ref idref="fl-15b"/>
      </object_component>
      <object_component id="oc-213">
         <name>.text</name>
         <load_address>0x164c8</load_address>
         <run_address>0x164c8</run_address>
         <size>0x6f8</size>
         <input_file_ref idref="fl-164"/>
      </object_component>
      <object_component id="oc-207">
         <name>.text</name>
         <load_address>0x16bc0</load_address>
         <run_address>0x16bc0</run_address>
         <size>0x6e0</size>
         <input_file_ref idref="fl-167"/>
      </object_component>
      <object_component id="oc-219">
         <name>.text</name>
         <load_address>0x172a0</load_address>
         <run_address>0x172a0</run_address>
         <size>0x654</size>
         <input_file_ref idref="fl-163"/>
      </object_component>
      <object_component id="oc-392">
         <name>.text</name>
         <load_address>0x178f4</load_address>
         <run_address>0x178f4</run_address>
         <size>0x648</size>
         <input_file_ref idref="fl-15e"/>
      </object_component>
      <object_component id="oc-1e9">
         <name>.text</name>
         <load_address>0x17f3c</load_address>
         <run_address>0x17f3c</run_address>
         <size>0x5dc</size>
         <input_file_ref idref="fl-17"/>
      </object_component>
      <object_component id="oc-31d">
         <name>.text</name>
         <load_address>0x18518</load_address>
         <run_address>0x18518</run_address>
         <size>0x5c8</size>
         <input_file_ref idref="fl-16d"/>
      </object_component>
      <object_component id="oc-357">
         <name>.text</name>
         <load_address>0x18ae0</load_address>
         <run_address>0x18ae0</run_address>
         <size>0x4f8</size>
         <input_file_ref idref="fl-170"/>
      </object_component>
      <object_component id="oc-46d">
         <name>.text</name>
         <load_address>0x18fd8</load_address>
         <run_address>0x18fd8</run_address>
         <size>0x4cc</size>
         <input_file_ref idref="fl-15a"/>
      </object_component>
      <object_component id="oc-348">
         <name>.text</name>
         <load_address>0x194a4</load_address>
         <run_address>0x194a4</run_address>
         <size>0x45c</size>
         <input_file_ref idref="fl-161"/>
      </object_component>
      <object_component id="oc-2f9">
         <name>.text</name>
         <load_address>0x19900</load_address>
         <run_address>0x19900</run_address>
         <size>0x3f4</size>
         <input_file_ref idref="fl-a"/>
      </object_component>
      <object_component id="oc-398">
         <name>.text</name>
         <load_address>0x19cf4</load_address>
         <run_address>0x19cf4</run_address>
         <size>0x350</size>
         <input_file_ref idref="fl-16f"/>
      </object_component>
      <object_component id="oc-311">
         <name>.text</name>
         <load_address>0x1a044</load_address>
         <run_address>0x1a044</run_address>
         <size>0x2f4</size>
         <input_file_ref idref="fl-16a"/>
      </object_component>
      <object_component id="oc-461">
         <name>.text</name>
         <load_address>0x1a338</load_address>
         <run_address>0x1a338</run_address>
         <size>0x2c4</size>
         <input_file_ref idref="fl-158"/>
      </object_component>
      <object_component id="oc-473">
         <name>.text</name>
         <load_address>0x1a5fc</load_address>
         <run_address>0x1a5fc</run_address>
         <size>0x294</size>
         <input_file_ref idref="fl-171"/>
      </object_component>
      <object_component id="oc-3aa">
         <name>.text</name>
         <load_address>0x1a890</load_address>
         <run_address>0x1a890</run_address>
         <size>0x278</size>
         <input_file_ref idref="fl-168"/>
      </object_component>
      <object_component id="oc-467">
         <name>.text</name>
         <load_address>0x1ab08</load_address>
         <run_address>0x1ab08</run_address>
         <size>0x234</size>
         <input_file_ref idref="fl-d"/>
      </object_component>
      <object_component id="oc-305">
         <name>.text</name>
         <load_address>0x1ad3c</load_address>
         <run_address>0x1ad3c</run_address>
         <size>0x22c</size>
         <input_file_ref idref="fl-9"/>
      </object_component>
      <object_component id="oc-3d1">
         <name>.text</name>
         <load_address>0x1af68</load_address>
         <run_address>0x1af68</run_address>
         <size>0x22c</size>
         <input_file_ref idref="fl-176"/>
      </object_component>
      <object_component id="oc-44c">
         <name>.text</name>
         <load_address>0x1b194</load_address>
         <run_address>0x1b194</run_address>
         <size>0x21e</size>
         <input_file_ref idref="fl-177"/>
      </object_component>
      <object_component id="oc-50a">
         <name>.text</name>
         <load_address>0x1b3b2</load_address>
         <run_address>0x1b3b2</run_address>
         <size>0x2</size>
         <input_file_ref idref="fl-179"/>
      </object_component>
      <object_component id="oc-317">
         <name>.text</name>
         <load_address>0x1b3b4</load_address>
         <run_address>0x1b3b4</run_address>
         <size>0x200</size>
         <input_file_ref idref="fl-15d"/>
      </object_component>
      <object_component id="oc-2e5">
         <name>.text</name>
         <load_address>0x1b5b4</load_address>
         <run_address>0x1b5b4</run_address>
         <size>0x1f4</size>
         <input_file_ref idref="fl-150"/>
      </object_component>
      <object_component id="oc-3b9">
         <name>.text</name>
         <load_address>0x1b7a8</load_address>
         <run_address>0x1b7a8</run_address>
         <size>0x1ea</size>
         <input_file_ref idref="fl-169"/>
      </object_component>
      <object_component id="oc-511">
         <name>.text</name>
         <load_address>0x1b992</load_address>
         <run_address>0x1b992</run_address>
         <size>0x2</size>
         <input_file_ref idref="fl-17a"/>
      </object_component>
      <object_component id="oc-51e">
         <name>.text</name>
         <load_address>0x1b994</load_address>
         <run_address>0x1b994</run_address>
         <size>0x1b4</size>
         <input_file_ref idref="fl-172"/>
      </object_component>
      <object_component id="oc-342">
         <name>.text</name>
         <load_address>0x1bb48</load_address>
         <run_address>0x1bb48</run_address>
         <size>0x190</size>
         <input_file_ref idref="fl-160"/>
      </object_component>
      <object_component id="oc-3a4">
         <name>.text</name>
         <load_address>0x1bcd8</load_address>
         <run_address>0x1bcd8</run_address>
         <size>0x17c</size>
         <input_file_ref idref="fl-e"/>
      </object_component>
      <object_component id="oc-2d6">
         <name>.text</name>
         <load_address>0x1be54</load_address>
         <run_address>0x1be54</run_address>
         <size>0x118</size>
         <input_file_ref idref="fl-15"/>
      </object_component>
      <object_component id="oc-4f">
         <name>.text</name>
         <load_address>0x1bf6c</load_address>
         <run_address>0x1bf6c</run_address>
         <size>0x108</size>
         <input_file_ref idref="fl-19"/>
      </object_component>
      <object_component id="oc-37e">
         <name>.text:NOROM_CRYPTOAesEcb</name>
         <load_address>0x1c074</load_address>
         <run_address>0x1c074</run_address>
         <size>0xac</size>
         <input_file_ref idref="fl-154"/>
      </object_component>
      <object_component id="oc-378">
         <name>.text:NOROM_CRYPTOAesLoadKey</name>
         <load_address>0x1c120</load_address>
         <run_address>0x1c120</run_address>
         <size>0xac</size>
         <input_file_ref idref="fl-154"/>
      </object_component>
      <object_component id="oc-1fb">
         <name>.text</name>
         <load_address>0x1c1cc</load_address>
         <run_address>0x1c1cc</run_address>
         <size>0xac</size>
         <input_file_ref idref="fl-3"/>
      </object_component>
      <object_component id="oc-2dc">
         <name>.text</name>
         <load_address>0x1c278</load_address>
         <run_address>0x1c278</run_address>
         <size>0xa4</size>
         <input_file_ref idref="fl-13"/>
      </object_component>
      <object_component id="oc-2e">
         <name>.text</name>
         <load_address>0x1c31c</load_address>
         <run_address>0x1c31c</run_address>
         <size>0x9c</size>
         <input_file_ref idref="fl-14b"/>
      </object_component>
      <object_component id="oc-21f">
         <name>.text</name>
         <load_address>0x1c3b8</load_address>
         <run_address>0x1c3b8</run_address>
         <size>0x84</size>
         <input_file_ref idref="fl-15c"/>
      </object_component>
      <object_component id="oc-43">
         <name>.text</name>
         <load_address>0x1c43c</load_address>
         <run_address>0x1c43c</run_address>
         <size>0x7a</size>
         <input_file_ref idref="fl-14c"/>
      </object_component>
      <object_component id="oc-4ae">
         <name>.text:ChipInfo_GetHwRevision</name>
         <load_address>0x1c4b8</load_address>
         <run_address>0x1c4b8</run_address>
         <size>0x70</size>
         <input_file_ref idref="fl-17b"/>
      </object_component>
      <object_component id="oc-479">
         <name>.text</name>
         <load_address>0x1c528</load_address>
         <run_address>0x1c528</run_address>
         <size>0x6c</size>
         <input_file_ref idref="fl-159"/>
      </object_component>
      <object_component id="oc-49">
         <name>.text</name>
         <load_address>0x1c594</load_address>
         <run_address>0x1c594</run_address>
         <size>0x6c</size>
         <input_file_ref idref="fl-141"/>
      </object_component>
      <object_component id="oc-3c">
         <name>.text</name>
         <load_address>0x1c600</load_address>
         <run_address>0x1c600</run_address>
         <size>0x6a</size>
         <input_file_ref idref="fl-144"/>
      </object_component>
      <object_component id="oc-2ef">
         <name>.text</name>
         <load_address>0x1c66c</load_address>
         <run_address>0x1c66c</run_address>
         <size>0x68</size>
         <input_file_ref idref="fl-11"/>
      </object_component>
      <object_component id="oc-38c">
         <name>.text</name>
         <load_address>0x1c6d4</load_address>
         <run_address>0x1c6d4</run_address>
         <size>0x62</size>
         <input_file_ref idref="fl-16"/>
      </object_component>
      <object_component id="oc-336">
         <name>.text</name>
         <load_address>0x1c738</load_address>
         <run_address>0x1c738</run_address>
         <size>0x60</size>
         <input_file_ref idref="fl-16c"/>
      </object_component>
      <object_component id="oc-1f5">
         <name>.text</name>
         <load_address>0x1c798</load_address>
         <run_address>0x1c798</run_address>
         <size>0x5c</size>
         <input_file_ref idref="fl-7"/>
      </object_component>
      <object_component id="oc-435">
         <name>.text</name>
         <load_address>0x1c7f4</load_address>
         <run_address>0x1c7f4</run_address>
         <size>0x58</size>
         <input_file_ref idref="fl-175"/>
      </object_component>
      <object_component id="oc-53d">
         <name>.text:ChipInfo_GetChipFamily</name>
         <load_address>0x1c84c</load_address>
         <run_address>0x1c84c</run_address>
         <size>0x4c</size>
         <input_file_ref idref="fl-17b"/>
      </object_component>
      <object_component id="oc-1dd">
         <name>.text</name>
         <load_address>0x1c898</load_address>
         <run_address>0x1c898</run_address>
         <size>0x4c</size>
         <input_file_ref idref="fl-12"/>
      </object_component>
      <object_component id="oc-1d0">
         <name>.text</name>
         <load_address>0x1c8e4</load_address>
         <run_address>0x1c8e4</run_address>
         <size>0x4c</size>
         <input_file_ref idref="fl-146"/>
      </object_component>
      <object_component id="oc-384">
         <name>.text:NOROM_CRYPTOAesEcbStatus</name>
         <load_address>0x1c930</load_address>
         <run_address>0x1c930</run_address>
         <size>0x40</size>
         <input_file_ref idref="fl-154"/>
      </object_component>
      <object_component id="oc-447">
         <name>.text</name>
         <load_address>0x1c970</load_address>
         <run_address>0x1c970</run_address>
         <size>0x40</size>
         <input_file_ref idref="fl-178"/>
      </object_component>
      <object_component id="oc-36a">
         <name>.text:NOROM_TRNGConfigure</name>
         <load_address>0x1c9b0</load_address>
         <run_address>0x1c9b0</run_address>
         <size>0x24</size>
         <input_file_ref idref="fl-156"/>
      </object_component>
      <object_component id="oc-482">
         <name>.text</name>
         <load_address>0x1c9d4</load_address>
         <run_address>0x1c9d4</run_address>
         <size>0x22</size>
         <input_file_ref idref="fl-14a"/>
      </object_component>
      <object_component id="oc-330">
         <name>.text</name>
         <load_address>0x1c9f8</load_address>
         <run_address>0x1c9f8</run_address>
         <size>0x20</size>
         <input_file_ref idref="fl-2"/>
      </object_component>
      <object_component id="oc-2ea">
         <name>.text</name>
         <load_address>0x1ca18</load_address>
         <run_address>0x1ca18</run_address>
         <size>0x18</size>
         <input_file_ref idref="fl-148"/>
      </object_component>
      <object_component id="oc-4b9">
         <name>.text</name>
         <load_address>0x1ca30</load_address>
         <run_address>0x1ca30</run_address>
         <size>0x14</size>
         <input_file_ref idref="fl-14f"/>
      </object_component>
      <object_component id="oc-370">
         <name>.text:NOROM_TRNGNumberGet</name>
         <load_address>0x1ca44</load_address>
         <run_address>0x1ca44</run_address>
         <size>0x10</size>
         <input_file_ref idref="fl-156"/>
      </object_component>
      <object_component id="oc-15">
         <name>.text:decompress:none</name>
         <load_address>0x1ca54</load_address>
         <run_address>0x1ca54</run_address>
         <size>0xe</size>
         <input_file_ref idref="fl-143"/>
      </object_component>
      <object_component id="oc-21">
         <name>.text:decompress:ZI</name>
         <load_address>0x1ca62</load_address>
         <run_address>0x1ca62</run_address>
         <size>0xc</size>
         <input_file_ref idref="fl-145"/>
      </object_component>
      <object_component id="oc-49a">
         <name>.text:NOROM_CPUdelay</name>
         <load_address>0x1ca6e</load_address>
         <run_address>0x1ca6e</run_address>
         <size>0x6</size>
         <input_file_ref idref="fl-157"/>
      </object_component>
      <object_component id="oc-1b">
         <name>.text:decompress:rle24</name>
         <load_address>0x1ca74</load_address>
         <run_address>0x1ca74</run_address>
         <size>0x6</size>
         <input_file_ref idref="fl-144"/>
      </object_component>
      <object_component id="oc-4c6">
         <name>.const</name>
         <load_address>0x1ca7c</load_address>
         <run_address>0x1ca7c</run_address>
         <size>0x1c0</size>
         <input_file_ref idref="fl-e"/>
      </object_component>
      <object_component id="oc-41d">
         <name>.const</name>
         <load_address>0x1cc3c</load_address>
         <run_address>0x1cc3c</run_address>
         <size>0x194</size>
         <input_file_ref idref="fl-9"/>
      </object_component>
      <object_component id="oc-532">
         <name>.const:FH_stateMatrix</name>
         <load_address>0x1cdd0</load_address>
         <run_address>0x1cdd0</run_address>
         <size>0x190</size>
         <input_file_ref idref="fl-159"/>
      </object_component>
      <object_component id="oc-3c6">
         <name>.const</name>
         <load_address>0x1cf60</load_address>
         <run_address>0x1cf60</run_address>
         <size>0x170</size>
         <input_file_ref idref="fl-16a"/>
      </object_component>
      <object_component id="oc-418">
         <name>.const</name>
         <load_address>0x1d0d0</load_address>
         <run_address>0x1d0d0</run_address>
         <size>0x164</size>
         <input_file_ref idref="fl-a"/>
      </object_component>
      <object_component id="oc-3b6">
         <name>.const</name>
         <load_address>0x1d234</load_address>
         <run_address>0x1d234</run_address>
         <size>0x6c</size>
         <input_file_ref idref="fl-166"/>
      </object_component>
      <object_component id="oc-3f6">
         <name>.const:macIdleSt</name>
         <load_address>0x1d2a0</load_address>
         <run_address>0x1d2a0</run_address>
         <size>0x6a</size>
         <input_file_ref idref="fl-16a"/>
      </object_component>
      <object_component id="oc-3f9">
         <name>.const:macScanningSt</name>
         <load_address>0x1d30a</load_address>
         <run_address>0x1d30a</run_address>
         <size>0x6a</size>
         <input_file_ref idref="fl-16a"/>
      </object_component>
      <object_component id="oc-451">
         <name>.const:macTimerRolloverValue</name>
         <load_address>0x1d374</load_address>
         <run_address>0x1d374</run_address>
         <size>0x40</size>
         <input_file_ref idref="fl-16f"/>
      </object_component>
      <object_component id="oc-32c">
         <name>.const:.string</name>
         <load_address>0x1d3b4</load_address>
         <run_address>0x1d3b4</run_address>
         <size>0x13</size>
         <input_file_ref idref="fl-17"/>
      </object_component>
      <object_component id="oc-3cd">
         <name>.const</name>
         <load_address>0x1d3c8</load_address>
         <run_address>0x1d3c8</run_address>
         <size>0xc</size>
         <input_file_ref idref="fl-16e"/>
      </object_component>
      <object_component id="oc-48e">
         <name>.const:.string</name>
         <load_address>0x1d3d4</load_address>
         <run_address>0x1d3d4</run_address>
         <size>0x8</size>
         <input_file_ref idref="fl-170"/>
      </object_component>
      <object_component id="oc-52a">
         <name>.const:.string</name>
         <load_address>0x1d3dc</load_address>
         <run_address>0x1d3dc</run_address>
         <size>0x8</size>
         <input_file_ref idref="fl-171"/>
      </object_component>
      <object_component id="oc-4c2">
         <name>.const:.string</name>
         <load_address>0x1d3e4</load_address>
         <run_address>0x1d3e4</run_address>
         <size>0x8</size>
         <input_file_ref idref="fl-173"/>
      </object_component>
      <object_component id="oc-43d">
         <name>.const</name>
         <load_address>0x1d3ec</load_address>
         <run_address>0x1d3ec</run_address>
         <size>0x8</size>
         <input_file_ref idref="fl-15f"/>
      </object_component>
      <object_component id="oc-2f5">
         <name>.const</name>
         <load_address>0x1d3f4</load_address>
         <run_address>0x1d3f4</run_address>
         <size>0x5</size>
         <input_file_ref idref="fl-19"/>
      </object_component>
      <object_component id="oc-588">
         <name>.cinit..data.load</name>
         <load_address>0x1d408</load_address>
         <run_address>0x1d408</run_address>
         <size>0x216</size>
      </object_component>
      <object_component id="oc-586">
         <name>__TI_handler_table</name>
         <load_address>0x1d620</load_address>
         <run_address>0x1d620</run_address>
         <size>0xc</size>
      </object_component>
      <object_component id="oc-589">
         <name>.cinit..bss.load</name>
         <load_address>0x1d630</load_address>
         <run_address>0x1d630</run_address>
         <size>0x8</size>
      </object_component>
      <object_component id="oc-587">
         <name>__TI_cinit_table</name>
         <load_address>0x1d638</load_address>
         <run_address>0x1d638</run_address>
         <size>0x10</size>
      </object_component>
      <object_component id="oc-2d">
         <name>.stack</name>
         <uninitialized>true</uninitialized>
         <run_address>0x20004f00</run_address>
         <size>0x0</size>
         <input_file_ref idref="fl-142"/>
      </object_component>
      <object_component id="oc-58a">
         <name>.stack</name>
         <uninitialized>true</uninitialized>
         <run_address>0x20004f00</run_address>
         <size>0x0</size>
      </object_component>
      <object_component id="oc-415">
         <name>.bss:macSecurityPib</name>
         <uninitialized>true</uninitialized>
         <run_address>0x20004024</run_address>
         <size>0x138</size>
         <input_file_ref idref="fl-a"/>
      </object_component>
      <object_component id="oc-48b">
         <name>.bss:FHPIB_db</name>
         <uninitialized>true</uninitialized>
         <run_address>0x200043a0</run_address>
         <size>0x88</size>
         <input_file_ref idref="fl-e"/>
      </object_component>
      <object_component id="oc-47f">
         <name>.bss:FH_hnd</name>
         <uninitialized>true</uninitialized>
         <run_address>0x200045dc</run_address>
         <size>0x64</size>
         <input_file_ref idref="fl-170"/>
      </object_component>
      <object_component id="oc-4b4">
         <name>.bss:RF_object$42</name>
         <uninitialized>true</uninitialized>
         <run_address>0x20004310</run_address>
         <size>0x90</size>
         <input_file_ref idref="fl-15e"/>
      </object_component>
      <object_component id="oc-34e">
         <name>.bss</name>
         <uninitialized>true</uninitialized>
         <run_address>0x20004260</run_address>
         <size>0xb0</size>
         <input_file_ref idref="fl-9"/>
      </object_component>
      <object_component id="oc-525">
         <name>.bss</name>
         <uninitialized>true</uninitialized>
         <run_address>0x2000415c</run_address>
         <size>0x104</size>
         <input_file_ref idref="fl-d"/>
      </object_component>
      <object_component id="oc-3fe">
         <name>.bss</name>
         <uninitialized>true</uninitialized>
         <run_address>0x20004698</run_address>
         <size>0x8</size>
         <input_file_ref idref="fl-15"/>
      </object_component>
      <object_component id="oc-55">
         <name>.bss</name>
         <uninitialized>true</uninitialized>
         <run_address>0x20004684</run_address>
         <size>0xc</size>
         <input_file_ref idref="fl-18"/>
      </object_component>
      <object_component id="oc-366">
         <name>.bss</name>
         <uninitialized>true</uninitialized>
         <run_address>0x20003e00</run_address>
         <size>0x224</size>
         <input_file_ref idref="fl-15f"/>
      </object_component>
      <object_component id="oc-3e4">
         <name>.bss</name>
         <uninitialized>true</uninitialized>
         <run_address>0x2000450c</run_address>
         <size>0x68</size>
         <input_file_ref idref="fl-163"/>
      </object_component>
      <object_component id="oc-3d7">
         <name>.bss</name>
         <uninitialized>true</uninitialized>
         <run_address>0x20004640</run_address>
         <size>0x44</size>
         <input_file_ref idref="fl-164"/>
      </object_component>
      <object_component id="oc-3ca">
         <name>.bss</name>
         <uninitialized>true</uninitialized>
         <run_address>0x20004574</run_address>
         <size>0x68</size>
         <input_file_ref idref="fl-165"/>
      </object_component>
      <object_component id="oc-3c3">
         <name>.bss</name>
         <uninitialized>true</uninitialized>
         <run_address>0x20004428</run_address>
         <size>0x78</size>
         <input_file_ref idref="fl-167"/>
      </object_component>
      <object_component id="oc-3bf">
         <name>.bss</name>
         <uninitialized>true</uninitialized>
         <run_address>0x200044a0</run_address>
         <size>0x6c</size>
         <input_file_ref idref="fl-16d"/>
      </object_component>
      <object_component id="oc-229">
         <name>.bss</name>
         <uninitialized>true</uninitialized>
         <run_address>0x20004690</run_address>
         <size>0x8</size>
         <input_file_ref idref="fl-16e"/>
      </object_component>
      <object_component id="oc-376">
         <name>.common:lastTrngVal$3</name>
         <uninitialized>true</uninitialized>
         <run_address>0x200046a0</run_address>
         <size>0x4</size>
      </object_component>
      <object_component id="oc-4e1">
         <name>.common:txRetransmitFlag$46</name>
         <uninitialized>true</uninitialized>
         <run_address>0x200046ae</run_address>
         <size>0x1</size>
      </object_component>
      <object_component id="oc-228">
         <name>.common:tasksEvents</name>
         <uninitialized>true</uninitialized>
         <run_address>0x200046a4</run_address>
         <size>0x4</size>
      </object_component>
      <object_component id="oc-364">
         <name>.common:macRxActive</name>
         <uninitialized>true</uninitialized>
         <run_address>0x200046a9</run_address>
         <size>0x1</size>
      </object_component>
      <object_component id="oc-365">
         <name>.common:macRxOutgoingAckFlag</name>
         <uninitialized>true</uninitialized>
         <run_address>0x200046ab</run_address>
         <size>0x1</size>
      </object_component>
      <object_component id="oc-363">
         <name>.common:macTxActive</name>
         <uninitialized>true</uninitialized>
         <run_address>0x200046ad</run_address>
         <size>0x1</size>
      </object_component>
      <object_component id="oc-3eb">
         <name>.common:macRxEnableFlags</name>
         <uninitialized>true</uninitialized>
         <run_address>0x200046aa</run_address>
         <size>0x1</size>
      </object_component>
      <object_component id="oc-426">
         <name>.common:macSymbolTimerImpending</name>
         <uninitialized>true</uninitialized>
         <run_address>0x200046ac</run_address>
         <size>0x1</size>
      </object_component>
      <object_component id="oc-43b">
         <name>.common:macPwr</name>
         <uninitialized>true</uninitialized>
         <run_address>0x200046a8</run_address>
         <size>0x1</size>
      </object_component>
      <object_component id="oc-431">
         <name>.data</name>
         <load_address>0x20004c80</load_address>
         <run_address>0x20004c80</run_address>
         <size>0x4</size>
         <input_file_ref idref="fl-2"/>
      </object_component>
      <object_component id="oc-45a">
         <name>.data:pOverridesPG21</name>
         <load_address>0x20004990</load_address>
         <run_address>0x20004990</run_address>
         <size>0x5c</size>
         <input_file_ref idref="fl-c"/>
      </object_component>
      <object_component id="oc-49b">
         <name>.data</name>
         <load_address>0x200049ec</load_address>
         <run_address>0x200049ec</run_address>
         <size>0x4</size>
         <input_file_ref idref="fl-154"/>
      </object_component>
      <object_component id="oc-35d">
         <name>.data</name>
         <load_address>0x20004c2c</load_address>
         <run_address>0x20004c2c</run_address>
         <size>0x20</size>
         <input_file_ref idref="fl-15e"/>
      </object_component>
      <object_component id="oc-354">
         <name>.data</name>
         <load_address>0x200049f0</load_address>
         <run_address>0x200049f0</run_address>
         <size>0x58</size>
         <input_file_ref idref="fl-15b"/>
      </object_component>
      <object_component id="oc-427">
         <name>.data</name>
         <load_address>0x20004c84</load_address>
         <run_address>0x20004c84</run_address>
         <size>0x4</size>
         <input_file_ref idref="fl-15d"/>
      </object_component>
      <object_component id="oc-4bf">
         <name>.data:FHIE_channelPlan$63</name>
         <load_address>0x20004a9c</load_address>
         <run_address>0x20004a9c</run_address>
         <size>0x48</size>
         <input_file_ref idref="fl-173"/>
      </object_component>
      <object_component id="oc-351">
         <name>.data</name>
         <load_address>0x200047f0</load_address>
         <run_address>0x200047f0</run_address>
         <size>0x13c</size>
         <input_file_ref idref="fl-c"/>
      </object_component>
      <object_component id="oc-225">
         <name>.data</name>
         <load_address>0x20004c00</load_address>
         <run_address>0x20004c00</run_address>
         <size>0x2c</size>
         <input_file_ref idref="fl-f"/>
      </object_component>
      <object_component id="oc-40f">
         <name>.data</name>
         <load_address>0x20004c78</load_address>
         <run_address>0x20004c78</run_address>
         <size>0x8</size>
         <input_file_ref idref="fl-11"/>
      </object_component>
      <object_component id="oc-402">
         <name>.data</name>
         <load_address>0x20004c88</load_address>
         <run_address>0x20004c88</run_address>
         <size>0x4</size>
         <input_file_ref idref="fl-13"/>
      </object_component>
      <object_component id="oc-329">
         <name>.data</name>
         <load_address>0x20004ae4</load_address>
         <run_address>0x20004ae4</run_address>
         <size>0x40</size>
         <input_file_ref idref="fl-17"/>
      </object_component>
      <object_component id="oc-488">
         <name>.data</name>
         <load_address>0x20004a48</load_address>
         <run_address>0x20004a48</run_address>
         <size>0x54</size>
         <input_file_ref idref="fl-159"/>
      </object_component>
      <object_component id="oc-423">
         <name>.data</name>
         <load_address>0x20004c4c</load_address>
         <run_address>0x20004c4c</run_address>
         <size>0x18</size>
         <input_file_ref idref="fl-161"/>
      </object_component>
      <object_component id="oc-3e7">
         <name>.data</name>
         <load_address>0x20004bd0</load_address>
         <run_address>0x20004bd0</run_address>
         <size>0x30</size>
         <input_file_ref idref="fl-162"/>
      </object_component>
      <object_component id="oc-2e2">
         <name>.data</name>
         <load_address>0x200046b0</load_address>
         <run_address>0x200046b0</run_address>
         <size>0x140</size>
         <input_file_ref idref="fl-166"/>
      </object_component>
      <object_component id="oc-2d3">
         <name>.data</name>
         <load_address>0x2000492c</load_address>
         <run_address>0x2000492c</run_address>
         <size>0x64</size>
         <input_file_ref idref="fl-16a"/>
      </object_component>
      <object_component id="oc-360">
         <name>.data</name>
         <load_address>0x20004b64</load_address>
         <run_address>0x20004b64</run_address>
         <size>0x3c</size>
         <input_file_ref idref="fl-16b"/>
      </object_component>
      <object_component id="oc-454">
         <name>.data</name>
         <load_address>0x20004c64</load_address>
         <run_address>0x20004c64</run_address>
         <size>0x14</size>
         <input_file_ref idref="fl-16f"/>
      </object_component>
      <object_component id="oc-4cb">
         <name>.data</name>
         <load_address>0x20004ba0</load_address>
         <run_address>0x20004ba0</run_address>
         <size>0x30</size>
         <input_file_ref idref="fl-174"/>
      </object_component>
      <object_component id="oc-3da">
         <name>.data</name>
         <load_address>0x20004b24</load_address>
         <run_address>0x20004b24</run_address>
         <size>0x40</size>
         <input_file_ref idref="fl-176"/>
      </object_component>
      <object_component id="oc-38b">
         <name>.debug_info</name>
         <load_address>0x0</load_address>
         <run_address>0x0</run_address>
         <size>0x336</size>
         <input_file_ref idref="fl-3"/>
      </object_component>
      <object_component id="oc-1fe">
         <name>.debug_info</name>
         <load_address>0x336</load_address>
         <run_address>0x336</run_address>
         <size>0x97b</size>
         <input_file_ref idref="fl-3"/>
      </object_component>
      <object_component id="oc-3f1">
         <name>.debug_info</name>
         <load_address>0xcb1</load_address>
         <run_address>0xcb1</run_address>
         <size>0xd60</size>
         <input_file_ref idref="fl-3"/>
      </object_component>
      <object_component id="oc-4a8">
         <name>.debug_info</name>
         <load_address>0x1a11</load_address>
         <run_address>0x1a11</run_address>
         <size>0x1b1</size>
         <input_file_ref idref="fl-3"/>
      </object_component>
      <object_component id="oc-4a3">
         <name>.debug_info</name>
         <load_address>0x1bc2</load_address>
         <run_address>0x1bc2</run_address>
         <size>0x110</size>
         <input_file_ref idref="fl-3"/>
      </object_component>
      <object_component id="oc-61">
         <name>.debug_info</name>
         <load_address>0x1cd2</load_address>
         <run_address>0x1cd2</run_address>
         <size>0x8b</size>
         <input_file_ref idref="fl-3"/>
      </object_component>
      <object_component id="oc-14c">
         <name>.debug_info</name>
         <load_address>0x1d5d</load_address>
         <run_address>0x1d5d</run_address>
         <size>0x7a</size>
         <input_file_ref idref="fl-3"/>
      </object_component>
      <object_component id="oc-151">
         <name>.debug_info</name>
         <load_address>0x1dd7</load_address>
         <run_address>0x1dd7</run_address>
         <size>0x18b</size>
         <input_file_ref idref="fl-3"/>
      </object_component>
      <object_component id="oc-2c5">
         <name>.debug_info</name>
         <load_address>0x1f62</load_address>
         <run_address>0x1f62</run_address>
         <size>0x46</size>
         <input_file_ref idref="fl-3"/>
      </object_component>
      <object_component id="oc-22d">
         <name>.debug_info</name>
         <load_address>0x1fa8</load_address>
         <run_address>0x1fa8</run_address>
         <size>0x2c</size>
         <input_file_ref idref="fl-3"/>
      </object_component>
      <object_component id="oc-25c">
         <name>.debug_info</name>
         <load_address>0x1fd4</load_address>
         <run_address>0x1fd4</run_address>
         <size>0x4e</size>
         <input_file_ref idref="fl-3"/>
      </object_component>
      <object_component id="oc-1d7">
         <name>.debug_info</name>
         <load_address>0x2022</load_address>
         <run_address>0x2022</run_address>
         <size>0x29e</size>
         <input_file_ref idref="fl-141"/>
      </object_component>
      <object_component id="oc-4a">
         <name>.debug_info</name>
         <load_address>0x22c0</load_address>
         <run_address>0x22c0</run_address>
         <size>0x192</size>
         <input_file_ref idref="fl-141"/>
      </object_component>
      <object_component id="oc-1d8">
         <name>.debug_info</name>
         <load_address>0x2452</load_address>
         <run_address>0x2452</run_address>
         <size>0x84</size>
         <input_file_ref idref="fl-141"/>
      </object_component>
      <object_component id="oc-2cd">
         <name>.debug_info</name>
         <load_address>0x24d6</load_address>
         <run_address>0x24d6</run_address>
         <size>0x39</size>
         <input_file_ref idref="fl-141"/>
      </object_component>
      <object_component id="oc-1bf">
         <name>.debug_info</name>
         <load_address>0x250f</load_address>
         <run_address>0x250f</run_address>
         <size>0xcd</size>
         <input_file_ref idref="fl-141"/>
      </object_component>
      <object_component id="oc-2eb">
         <name>.debug_info</name>
         <load_address>0x25dc</load_address>
         <run_address>0x25dc</run_address>
         <size>0xff</size>
         <input_file_ref idref="fl-148"/>
      </object_component>
      <object_component id="oc-2f">
         <name>.debug_info</name>
         <load_address>0x26db</load_address>
         <run_address>0x26db</run_address>
         <size>0xf6</size>
         <input_file_ref idref="fl-14b"/>
      </object_component>
      <object_component id="oc-44">
         <name>.debug_info</name>
         <load_address>0x27d1</load_address>
         <run_address>0x27d1</run_address>
         <size>0x124</size>
         <input_file_ref idref="fl-14c"/>
      </object_component>
      <object_component id="oc-2e7">
         <name>.debug_info</name>
         <load_address>0x28f5</load_address>
         <run_address>0x28f5</run_address>
         <size>0x162</size>
         <input_file_ref idref="fl-150"/>
      </object_component>
      <object_component id="oc-44d">
         <name>.debug_info</name>
         <load_address>0x2a57</load_address>
         <run_address>0x2a57</run_address>
         <size>0x11f</size>
         <input_file_ref idref="fl-177"/>
      </object_component>
      <object_component id="oc-448">
         <name>.debug_info</name>
         <load_address>0x2b76</load_address>
         <run_address>0x2b76</run_address>
         <size>0x11f</size>
         <input_file_ref idref="fl-178"/>
      </object_component>
      <object_component id="oc-39">
         <name>.debug_info</name>
         <load_address>0x2c95</load_address>
         <run_address>0x2c95</run_address>
         <size>0x785e</size>
         <input_file_ref idref="fl-17c"/>
      </object_component>
      <object_component id="oc-432">
         <name>.debug_info</name>
         <load_address>0xa4f3</load_address>
         <run_address>0xa4f3</run_address>
         <size>0xb4</size>
         <input_file_ref idref="fl-17c"/>
      </object_component>
      <object_component id="oc-416">
         <name>.debug_info</name>
         <load_address>0xa5a7</load_address>
         <run_address>0xa5a7</run_address>
         <size>0xbb</size>
         <input_file_ref idref="fl-17c"/>
      </object_component>
      <object_component id="oc-45b">
         <name>.debug_info</name>
         <load_address>0xa662</load_address>
         <run_address>0xa662</run_address>
         <size>0xbb</size>
         <input_file_ref idref="fl-17c"/>
      </object_component>
      <object_component id="oc-48c">
         <name>.debug_info</name>
         <load_address>0xa71d</load_address>
         <run_address>0xa71d</run_address>
         <size>0xaf</size>
         <input_file_ref idref="fl-17c"/>
      </object_component>
      <object_component id="oc-2f6">
         <name>.debug_info</name>
         <load_address>0xa7cc</load_address>
         <run_address>0xa7cc</run_address>
         <size>0xd0</size>
         <input_file_ref idref="fl-17c"/>
      </object_component>
      <object_component id="oc-32d">
         <name>.debug_info</name>
         <load_address>0xa89c</load_address>
         <run_address>0xa89c</run_address>
         <size>0xc1</size>
         <input_file_ref idref="fl-17c"/>
      </object_component>
      <object_component id="oc-49c">
         <name>.debug_info</name>
         <load_address>0xa95d</load_address>
         <run_address>0xa95d</run_address>
         <size>0xc3</size>
         <input_file_ref idref="fl-17c"/>
      </object_component>
      <object_component id="oc-480">
         <name>.debug_info</name>
         <load_address>0xaa20</load_address>
         <run_address>0xaa20</run_address>
         <size>0xab</size>
         <input_file_ref idref="fl-17c"/>
      </object_component>
      <object_component id="oc-533">
         <name>.debug_info</name>
         <load_address>0xaacb</load_address>
         <run_address>0xaacb</run_address>
         <size>0xbb</size>
         <input_file_ref idref="fl-17c"/>
      </object_component>
      <object_component id="oc-35e">
         <name>.debug_info</name>
         <load_address>0xab86</load_address>
         <run_address>0xab86</run_address>
         <size>0x22a</size>
         <input_file_ref idref="fl-17c"/>
      </object_component>
      <object_component id="oc-355">
         <name>.debug_info</name>
         <load_address>0xadb0</load_address>
         <run_address>0xadb0</run_address>
         <size>0x372</size>
         <input_file_ref idref="fl-17c"/>
      </object_component>
      <object_component id="oc-428">
         <name>.debug_info</name>
         <load_address>0xb122</load_address>
         <run_address>0xb122</run_address>
         <size>0xbb</size>
         <input_file_ref idref="fl-17c"/>
      </object_component>
      <object_component id="oc-4b5">
         <name>.debug_info</name>
         <load_address>0xb1dd</load_address>
         <run_address>0xb1dd</run_address>
         <size>0xb3</size>
         <input_file_ref idref="fl-17c"/>
      </object_component>
      <object_component id="oc-452">
         <name>.debug_info</name>
         <load_address>0xb290</load_address>
         <run_address>0xb290</run_address>
         <size>0xc9</size>
         <input_file_ref idref="fl-17c"/>
      </object_component>
      <object_component id="oc-3f7">
         <name>.debug_info</name>
         <load_address>0xb359</load_address>
         <run_address>0xb359</run_address>
         <size>0xb1</size>
         <input_file_ref idref="fl-17c"/>
      </object_component>
      <object_component id="oc-3fa">
         <name>.debug_info</name>
         <load_address>0xb40a</load_address>
         <run_address>0xb40a</run_address>
         <size>0xba</size>
         <input_file_ref idref="fl-17c"/>
      </object_component>
      <object_component id="oc-48f">
         <name>.debug_info</name>
         <load_address>0xb4c4</load_address>
         <run_address>0xb4c4</run_address>
         <size>0xb3</size>
         <input_file_ref idref="fl-17c"/>
      </object_component>
      <object_component id="oc-52b">
         <name>.debug_info</name>
         <load_address>0xb577</load_address>
         <run_address>0xb577</run_address>
         <size>0xbd</size>
         <input_file_ref idref="fl-17c"/>
      </object_component>
      <object_component id="oc-4c0">
         <name>.debug_info</name>
         <load_address>0xb634</load_address>
         <run_address>0xb634</run_address>
         <size>0xc1</size>
         <input_file_ref idref="fl-17c"/>
      </object_component>
      <object_component id="oc-4c3">
         <name>.debug_info</name>
         <load_address>0xb6f5</load_address>
         <run_address>0xb6f5</run_address>
         <size>0xb3</size>
         <input_file_ref idref="fl-17c"/>
      </object_component>
      <object_component id="oc-34f">
         <name>.debug_info</name>
         <load_address>0xb7a8</load_address>
         <run_address>0xb7a8</run_address>
         <size>0xe4</size>
         <input_file_ref idref="fl-17c"/>
      </object_component>
      <object_component id="oc-41e">
         <name>.debug_info</name>
         <load_address>0xb88c</load_address>
         <run_address>0xb88c</run_address>
         <size>0x118</size>
         <input_file_ref idref="fl-17c"/>
      </object_component>
      <object_component id="oc-419">
         <name>.debug_info</name>
         <load_address>0xb9a4</load_address>
         <run_address>0xb9a4</run_address>
         <size>0x100</size>
         <input_file_ref idref="fl-17c"/>
      </object_component>
      <object_component id="oc-352">
         <name>.debug_info</name>
         <load_address>0xbaa4</load_address>
         <run_address>0xbaa4</run_address>
         <size>0x223</size>
         <input_file_ref idref="fl-17c"/>
      </object_component>
      <object_component id="oc-526">
         <name>.debug_info</name>
         <load_address>0xbcc7</load_address>
         <run_address>0xbcc7</run_address>
         <size>0xd4</size>
         <input_file_ref idref="fl-17c"/>
      </object_component>
      <object_component id="oc-4c7">
         <name>.debug_info</name>
         <load_address>0xbd9b</load_address>
         <run_address>0xbd9b</run_address>
         <size>0xe2</size>
         <input_file_ref idref="fl-17c"/>
      </object_component>
      <object_component id="oc-226">
         <name>.debug_info</name>
         <load_address>0xbe7d</load_address>
         <run_address>0xbe7d</run_address>
         <size>0x31f</size>
         <input_file_ref idref="fl-17c"/>
      </object_component>
      <object_component id="oc-410">
         <name>.debug_info</name>
         <load_address>0xc19c</load_address>
         <run_address>0xc19c</run_address>
         <size>0xe2</size>
         <input_file_ref idref="fl-17c"/>
      </object_component>
      <object_component id="oc-403">
         <name>.debug_info</name>
         <load_address>0xc27e</load_address>
         <run_address>0xc27e</run_address>
         <size>0xf4</size>
         <input_file_ref idref="fl-17c"/>
      </object_component>
      <object_component id="oc-3ff">
         <name>.debug_info</name>
         <load_address>0xc372</load_address>
         <run_address>0xc372</run_address>
         <size>0xe4</size>
         <input_file_ref idref="fl-17c"/>
      </object_component>
      <object_component id="oc-32a">
         <name>.debug_info</name>
         <load_address>0xc456</load_address>
         <run_address>0xc456</run_address>
         <size>0x1ba</size>
         <input_file_ref idref="fl-17c"/>
      </object_component>
      <object_component id="oc-56">
         <name>.debug_info</name>
         <load_address>0xc610</load_address>
         <run_address>0xc610</run_address>
         <size>0x149</size>
         <input_file_ref idref="fl-17c"/>
      </object_component>
      <object_component id="oc-489">
         <name>.debug_info</name>
         <load_address>0xc759</load_address>
         <run_address>0xc759</run_address>
         <size>0xcf</size>
         <input_file_ref idref="fl-17c"/>
      </object_component>
      <object_component id="oc-367">
         <name>.debug_info</name>
         <load_address>0xc828</load_address>
         <run_address>0xc828</run_address>
         <size>0x2a7</size>
         <input_file_ref idref="fl-17c"/>
      </object_component>
      <object_component id="oc-43e">
         <name>.debug_info</name>
         <load_address>0xcacf</load_address>
         <run_address>0xcacf</run_address>
         <size>0xec</size>
         <input_file_ref idref="fl-17c"/>
      </object_component>
      <object_component id="oc-424">
         <name>.debug_info</name>
         <load_address>0xcbbb</load_address>
         <run_address>0xcbbb</run_address>
         <size>0x251</size>
         <input_file_ref idref="fl-17c"/>
      </object_component>
      <object_component id="oc-3e8">
         <name>.debug_info</name>
         <load_address>0xce0c</load_address>
         <run_address>0xce0c</run_address>
         <size>0x28a</size>
         <input_file_ref idref="fl-17c"/>
      </object_component>
      <object_component id="oc-3e5">
         <name>.debug_info</name>
         <load_address>0xd096</load_address>
         <run_address>0xd096</run_address>
         <size>0xf8</size>
         <input_file_ref idref="fl-17c"/>
      </object_component>
      <object_component id="oc-3d8">
         <name>.debug_info</name>
         <load_address>0xd18e</load_address>
         <run_address>0xd18e</run_address>
         <size>0xfa</size>
         <input_file_ref idref="fl-17c"/>
      </object_component>
      <object_component id="oc-3cb">
         <name>.debug_info</name>
         <load_address>0xd288</load_address>
         <run_address>0xd288</run_address>
         <size>0x142</size>
         <input_file_ref idref="fl-17c"/>
      </object_component>
      <object_component id="oc-2e3">
         <name>.debug_info</name>
         <load_address>0xd3ca</load_address>
         <run_address>0xd3ca</run_address>
         <size>0x2eb</size>
         <input_file_ref idref="fl-17c"/>
      </object_component>
      <object_component id="oc-3b7">
         <name>.debug_info</name>
         <load_address>0xd6b5</load_address>
         <run_address>0xd6b5</run_address>
         <size>0x177</size>
         <input_file_ref idref="fl-17c"/>
      </object_component>
      <object_component id="oc-3c4">
         <name>.debug_info</name>
         <load_address>0xd82c</load_address>
         <run_address>0xd82c</run_address>
         <size>0x117</size>
         <input_file_ref idref="fl-17c"/>
      </object_component>
      <object_component id="oc-2d4">
         <name>.debug_info</name>
         <load_address>0xd943</load_address>
         <run_address>0xd943</run_address>
         <size>0x146</size>
         <input_file_ref idref="fl-17c"/>
      </object_component>
      <object_component id="oc-3c7">
         <name>.debug_info</name>
         <load_address>0xda89</load_address>
         <run_address>0xda89</run_address>
         <size>0x1b0</size>
         <input_file_ref idref="fl-17c"/>
      </object_component>
      <object_component id="oc-361">
         <name>.debug_info</name>
         <load_address>0xdc39</load_address>
         <run_address>0xdc39</run_address>
         <size>0x17c</size>
         <input_file_ref idref="fl-17c"/>
      </object_component>
      <object_component id="oc-3c0">
         <name>.debug_info</name>
         <load_address>0xddb5</load_address>
         <run_address>0xddb5</run_address>
         <size>0xda</size>
         <input_file_ref idref="fl-17c"/>
      </object_component>
      <object_component id="oc-22a">
         <name>.debug_info</name>
         <load_address>0xde8f</load_address>
         <run_address>0xde8f</run_address>
         <size>0xe8</size>
         <input_file_ref idref="fl-17c"/>
      </object_component>
      <object_component id="oc-3ce">
         <name>.debug_info</name>
         <load_address>0xdf77</load_address>
         <run_address>0xdf77</run_address>
         <size>0xe8</size>
         <input_file_ref idref="fl-17c"/>
      </object_component>
      <object_component id="oc-455">
         <name>.debug_info</name>
         <load_address>0xe05f</load_address>
         <run_address>0xe05f</run_address>
         <size>0x183</size>
         <input_file_ref idref="fl-17c"/>
      </object_component>
      <object_component id="oc-4cc">
         <name>.debug_info</name>
         <load_address>0xe1e2</load_address>
         <run_address>0xe1e2</run_address>
         <size>0x13c</size>
         <input_file_ref idref="fl-17c"/>
      </object_component>
      <object_component id="oc-3db">
         <name>.debug_info</name>
         <load_address>0xe31e</load_address>
         <run_address>0xe31e</run_address>
         <size>0xe0</size>
         <input_file_ref idref="fl-17c"/>
      </object_component>
      <object_component id="oc-313">
         <name>.debug_info</name>
         <load_address>0xe3fe</load_address>
         <run_address>0xe3fe</run_address>
         <size>0xd35</size>
         <input_file_ref idref="fl-17c"/>
      </object_component>
      <object_component id="oc-3d3">
         <name>.debug_info</name>
         <load_address>0xf133</load_address>
         <run_address>0xf133</run_address>
         <size>0x7a7</size>
         <input_file_ref idref="fl-17c"/>
      </object_component>
      <object_component id="oc-38e">
         <name>.debug_info</name>
         <load_address>0xf8da</load_address>
         <run_address>0xf8da</run_address>
         <size>0x5a0</size>
         <input_file_ref idref="fl-17c"/>
      </object_component>
      <object_component id="oc-203">
         <name>.debug_info</name>
         <load_address>0xfe7a</load_address>
         <run_address>0xfe7a</run_address>
         <size>0x3ae0</size>
         <input_file_ref idref="fl-17c"/>
      </object_component>
      <object_component id="oc-437">
         <name>.debug_info</name>
         <load_address>0x1395a</load_address>
         <run_address>0x1395a</run_address>
         <size>0x15b</size>
         <input_file_ref idref="fl-17c"/>
      </object_component>
      <object_component id="oc-39a">
         <name>.debug_info</name>
         <load_address>0x13ab5</load_address>
         <run_address>0x13ab5</run_address>
         <size>0x133b</size>
         <input_file_ref idref="fl-17c"/>
      </object_component>
      <object_component id="oc-3e0">
         <name>.debug_info</name>
         <load_address>0x14df0</load_address>
         <run_address>0x14df0</run_address>
         <size>0x1b4a</size>
         <input_file_ref idref="fl-17c"/>
      </object_component>
      <object_component id="oc-318">
         <name>.debug_info</name>
         <load_address>0x1693a</load_address>
         <run_address>0x1693a</run_address>
         <size>0xa7f</size>
         <input_file_ref idref="fl-17c"/>
      </object_component>
      <object_component id="oc-3a5">
         <name>.debug_info</name>
         <load_address>0x173b9</load_address>
         <run_address>0x173b9</run_address>
         <size>0x6ed</size>
         <input_file_ref idref="fl-17c"/>
      </object_component>
      <object_component id="oc-39f">
         <name>.debug_info</name>
         <load_address>0x17aa6</load_address>
         <run_address>0x17aa6</run_address>
         <size>0x319b</size>
         <input_file_ref idref="fl-17c"/>
      </object_component>
      <object_component id="oc-306">
         <name>.debug_info</name>
         <load_address>0x1ac41</load_address>
         <run_address>0x1ac41</run_address>
         <size>0xb0b</size>
         <input_file_ref idref="fl-17c"/>
      </object_component>
      <object_component id="oc-1e4">
         <name>.debug_info</name>
         <load_address>0x1b74c</load_address>
         <run_address>0x1b74c</run_address>
         <size>0x3557</size>
         <input_file_ref idref="fl-17c"/>
      </object_component>
      <object_component id="oc-4ba">
         <name>.debug_info</name>
         <load_address>0x1eca3</load_address>
         <run_address>0x1eca3</run_address>
         <size>0x1bf</size>
         <input_file_ref idref="fl-17c"/>
      </object_component>
      <object_component id="oc-46e">
         <name>.debug_info</name>
         <load_address>0x1ee62</load_address>
         <run_address>0x1ee62</run_address>
         <size>0x1c9d</size>
         <input_file_ref idref="fl-17c"/>
      </object_component>
      <object_component id="oc-462">
         <name>.debug_info</name>
         <load_address>0x20aff</load_address>
         <run_address>0x20aff</run_address>
         <size>0xfaf</size>
         <input_file_ref idref="fl-17c"/>
      </object_component>
      <object_component id="oc-51f">
         <name>.debug_info</name>
         <load_address>0x21aae</load_address>
         <run_address>0x21aae</run_address>
         <size>0xb7b</size>
         <input_file_ref idref="fl-17c"/>
      </object_component>
      <object_component id="oc-1f0">
         <name>.debug_info</name>
         <load_address>0x22629</load_address>
         <run_address>0x22629</run_address>
         <size>0x10ec</size>
         <input_file_ref idref="fl-17c"/>
      </object_component>
      <object_component id="oc-468">
         <name>.debug_info</name>
         <load_address>0x23715</load_address>
         <run_address>0x23715</run_address>
         <size>0xba9</size>
         <input_file_ref idref="fl-17c"/>
      </object_component>
      <object_component id="oc-358">
         <name>.debug_info</name>
         <load_address>0x242be</load_address>
         <run_address>0x242be</run_address>
         <size>0x1212</size>
         <input_file_ref idref="fl-17c"/>
      </object_component>
      <object_component id="oc-393">
         <name>.debug_info</name>
         <load_address>0x254d0</load_address>
         <run_address>0x254d0</run_address>
         <size>0x17ba</size>
         <input_file_ref idref="fl-17c"/>
      </object_component>
      <object_component id="oc-31e">
         <name>.debug_info</name>
         <load_address>0x26c8a</load_address>
         <run_address>0x26c8a</run_address>
         <size>0xe1b</size>
         <input_file_ref idref="fl-17c"/>
      </object_component>
      <object_component id="oc-3ab">
         <name>.debug_info</name>
         <load_address>0x27aa5</load_address>
         <run_address>0x27aa5</run_address>
         <size>0x571</size>
         <input_file_ref idref="fl-17c"/>
      </object_component>
      <object_component id="oc-337">
         <name>.debug_info</name>
         <load_address>0x28016</load_address>
         <run_address>0x28016</run_address>
         <size>0x3f1</size>
         <input_file_ref idref="fl-17c"/>
      </object_component>
      <object_component id="oc-300">
         <name>.debug_info</name>
         <load_address>0x28407</load_address>
         <run_address>0x28407</run_address>
         <size>0x1c41</size>
         <input_file_ref idref="fl-17c"/>
      </object_component>
      <object_component id="oc-36b">
         <name>.debug_info</name>
         <load_address>0x2a048</load_address>
         <run_address>0x2a048</run_address>
         <size>0x12a</size>
         <input_file_ref idref="fl-17c"/>
      </object_component>
      <object_component id="oc-1f6">
         <name>.debug_info</name>
         <load_address>0x2a172</load_address>
         <run_address>0x2a172</run_address>
         <size>0x424</size>
         <input_file_ref idref="fl-17c"/>
      </object_component>
      <object_component id="oc-371">
         <name>.debug_info</name>
         <load_address>0x2a596</load_address>
         <run_address>0x2a596</run_address>
         <size>0x140</size>
         <input_file_ref idref="fl-17c"/>
      </object_component>
      <object_component id="oc-2fa">
         <name>.debug_info</name>
         <load_address>0x2a6d6</load_address>
         <run_address>0x2a6d6</run_address>
         <size>0xafb</size>
         <input_file_ref idref="fl-17c"/>
      </object_component>
      <object_component id="oc-208">
         <name>.debug_info</name>
         <load_address>0x2b1d1</load_address>
         <run_address>0x2b1d1</run_address>
         <size>0x1e33</size>
         <input_file_ref idref="fl-17c"/>
      </object_component>
      <object_component id="oc-20e">
         <name>.debug_info</name>
         <load_address>0x2d004</load_address>
         <run_address>0x2d004</run_address>
         <size>0x2dcd</size>
         <input_file_ref idref="fl-17c"/>
      </object_component>
      <object_component id="oc-3ba">
         <name>.debug_info</name>
         <load_address>0x2fdd1</load_address>
         <run_address>0x2fdd1</run_address>
         <size>0x7dd</size>
         <input_file_ref idref="fl-17c"/>
      </object_component>
      <object_component id="oc-214">
         <name>.debug_info</name>
         <load_address>0x305ae</load_address>
         <run_address>0x305ae</run_address>
         <size>0x15d8</size>
         <input_file_ref idref="fl-17c"/>
      </object_component>
      <object_component id="oc-21a">
         <name>.debug_info</name>
         <load_address>0x31b86</load_address>
         <run_address>0x31b86</run_address>
         <size>0x162d</size>
         <input_file_ref idref="fl-17c"/>
      </object_component>
      <object_component id="oc-349">
         <name>.debug_info</name>
         <load_address>0x331b3</load_address>
         <run_address>0x331b3</run_address>
         <size>0x1b62</size>
         <input_file_ref idref="fl-17c"/>
      </object_component>
      <object_component id="oc-33d">
         <name>.debug_info</name>
         <load_address>0x34d15</load_address>
         <run_address>0x34d15</run_address>
         <size>0x1077</size>
         <input_file_ref idref="fl-17c"/>
      </object_component>
      <object_component id="oc-483">
         <name>.debug_info</name>
         <load_address>0x35d8c</load_address>
         <run_address>0x35d8c</run_address>
         <size>0x20c</size>
         <input_file_ref idref="fl-17c"/>
      </object_component>
      <object_component id="oc-474">
         <name>.debug_info</name>
         <load_address>0x35f98</load_address>
         <run_address>0x35f98</run_address>
         <size>0xa65</size>
         <input_file_ref idref="fl-17c"/>
      </object_component>
      <object_component id="oc-47a">
         <name>.debug_info</name>
         <load_address>0x369fd</load_address>
         <run_address>0x369fd</run_address>
         <size>0x2a0</size>
         <input_file_ref idref="fl-17c"/>
      </object_component>
      <object_component id="oc-30c">
         <name>.debug_info</name>
         <load_address>0x36c9d</load_address>
         <run_address>0x36c9d</run_address>
         <size>0x1585</size>
         <input_file_ref idref="fl-17c"/>
      </object_component>
      <object_component id="oc-220">
         <name>.debug_info</name>
         <load_address>0x38222</load_address>
         <run_address>0x38222</run_address>
         <size>0x3f0</size>
         <input_file_ref idref="fl-17c"/>
      </object_component>
      <object_component id="oc-53e">
         <name>.debug_info</name>
         <load_address>0x38612</load_address>
         <run_address>0x38612</run_address>
         <size>0x159</size>
         <input_file_ref idref="fl-17c"/>
      </object_component>
      <object_component id="oc-4af">
         <name>.debug_info</name>
         <load_address>0x3876b</load_address>
         <run_address>0x3876b</run_address>
         <size>0x1a4</size>
         <input_file_ref idref="fl-17c"/>
      </object_component>
      <object_component id="oc-324">
         <name>.debug_info</name>
         <load_address>0x3890f</load_address>
         <run_address>0x3890f</run_address>
         <size>0x21df</size>
         <input_file_ref idref="fl-17c"/>
      </object_component>
      <object_component id="oc-1ea">
         <name>.debug_info</name>
         <load_address>0x3aaee</load_address>
         <run_address>0x3aaee</run_address>
         <size>0x1054</size>
         <input_file_ref idref="fl-17c"/>
      </object_component>
      <object_component id="oc-343">
         <name>.debug_info</name>
         <load_address>0x3bb42</load_address>
         <run_address>0x3bb42</run_address>
         <size>0xa9e</size>
         <input_file_ref idref="fl-17c"/>
      </object_component>
      <object_component id="oc-3b1">
         <name>.debug_info</name>
         <load_address>0x3c5e0</load_address>
         <run_address>0x3c5e0</run_address>
         <size>0x1ab3</size>
         <input_file_ref idref="fl-17c"/>
      </object_component>
      <object_component id="oc-1de">
         <name>.debug_info</name>
         <load_address>0x3e093</load_address>
         <run_address>0x3e093</run_address>
         <size>0x401</size>
         <input_file_ref idref="fl-17c"/>
      </object_component>
      <object_component id="oc-2dd">
         <name>.debug_info</name>
         <load_address>0x3e494</load_address>
         <run_address>0x3e494</run_address>
         <size>0x4d3</size>
         <input_file_ref idref="fl-17c"/>
      </object_component>
      <object_component id="oc-331">
         <name>.debug_info</name>
         <load_address>0x3e967</load_address>
         <run_address>0x3e967</run_address>
         <size>0x2b3</size>
         <input_file_ref idref="fl-17c"/>
      </object_component>
      <object_component id="oc-50">
         <name>.debug_info</name>
         <load_address>0x3ec1a</load_address>
         <run_address>0x3ec1a</run_address>
         <size>0x7b9</size>
         <input_file_ref idref="fl-17c"/>
      </object_component>
      <object_component id="oc-2d7">
         <name>.debug_info</name>
         <load_address>0x3f3d3</load_address>
         <run_address>0x3f3d3</run_address>
         <size>0x4f7</size>
         <input_file_ref idref="fl-17c"/>
      </object_component>
      <object_component id="oc-2f0">
         <name>.debug_info</name>
         <load_address>0x3f8ca</load_address>
         <run_address>0x3f8ca</run_address>
         <size>0x329</size>
         <input_file_ref idref="fl-17c"/>
      </object_component>
      <object_component id="oc-28">
         <name>.debug_info</name>
         <load_address>0x3fbf3</load_address>
         <run_address>0x3fbf3</run_address>
         <size>0x1df</size>
         <input_file_ref idref="fl-17c"/>
      </object_component>
      <object_component id="oc-1d1">
         <name>.debug_info</name>
         <load_address>0x3fdd2</load_address>
         <run_address>0x3fdd2</run_address>
         <size>0x12b</size>
         <input_file_ref idref="fl-17c"/>
      </object_component>
      <object_component id="oc-512">
         <name>.debug_info</name>
         <load_address>0x3fefd</load_address>
         <run_address>0x3fefd</run_address>
         <size>0xf0</size>
         <input_file_ref idref="fl-17c"/>
      </object_component>
      <object_component id="oc-50b">
         <name>.debug_info</name>
         <load_address>0x3ffed</load_address>
         <run_address>0x3ffed</run_address>
         <size>0xf0</size>
         <input_file_ref idref="fl-17c"/>
      </object_component>
      <object_component id="oc-22">
         <name>.debug_info</name>
         <load_address>0x400dd</load_address>
         <run_address>0x400dd</run_address>
         <size>0x14b</size>
         <input_file_ref idref="fl-17c"/>
      </object_component>
      <object_component id="oc-3d">
         <name>.debug_info</name>
         <load_address>0x40228</load_address>
         <run_address>0x40228</run_address>
         <size>0x1e6</size>
         <input_file_ref idref="fl-17c"/>
      </object_component>
      <object_component id="oc-1c">
         <name>.debug_info</name>
         <load_address>0x4040e</load_address>
         <run_address>0x4040e</run_address>
         <size>0x150</size>
         <input_file_ref idref="fl-17c"/>
      </object_component>
      <object_component id="oc-16">
         <name>.debug_info</name>
         <load_address>0x4055e</load_address>
         <run_address>0x4055e</run_address>
         <size>0x17a</size>
         <input_file_ref idref="fl-17c"/>
      </object_component>
      <object_component id="oc-379">
         <name>.debug_info</name>
         <load_address>0x406d8</load_address>
         <run_address>0x406d8</run_address>
         <size>0x1c9</size>
         <input_file_ref idref="fl-17c"/>
      </object_component>
      <object_component id="oc-385">
         <name>.debug_info</name>
         <load_address>0x408a1</load_address>
         <run_address>0x408a1</run_address>
         <size>0x152</size>
         <input_file_ref idref="fl-17c"/>
      </object_component>
      <object_component id="oc-37f">
         <name>.debug_info</name>
         <load_address>0x409f3</load_address>
         <run_address>0x409f3</run_address>
         <size>0x253</size>
         <input_file_ref idref="fl-17c"/>
      </object_component>
      <object_component id="oc-cf">
         <name>.debug_info</name>
         <load_address>0x40c46</load_address>
         <run_address>0x40c46</run_address>
         <size>0xc21</size>
         <input_file_ref idref="fl-17c"/>
      </object_component>
      <object_component id="oc-8e">
         <name>.debug_info</name>
         <load_address>0x41867</load_address>
         <run_address>0x41867</run_address>
         <size>0x445</size>
         <input_file_ref idref="fl-17c"/>
      </object_component>
      <object_component id="oc-544">
         <name>.debug_info</name>
         <load_address>0x41cac</load_address>
         <run_address>0x41cac</run_address>
         <size>0x151</size>
         <input_file_ref idref="fl-17c"/>
      </object_component>
      <object_component id="oc-b1">
         <name>.debug_info</name>
         <load_address>0x41dfd</load_address>
         <run_address>0x41dfd</run_address>
         <size>0x804</size>
         <input_file_ref idref="fl-17c"/>
      </object_component>
      <object_component id="oc-11f">
         <name>.debug_info</name>
         <load_address>0x42601</load_address>
         <run_address>0x42601</run_address>
         <size>0x110</size>
         <input_file_ref idref="fl-17c"/>
      </object_component>
      <object_component id="oc-234">
         <name>.debug_info</name>
         <load_address>0x42711</load_address>
         <run_address>0x42711</run_address>
         <size>0x194</size>
         <input_file_ref idref="fl-17c"/>
      </object_component>
      <object_component id="oc-5a">
         <name>.debug_info</name>
         <load_address>0x428a5</load_address>
         <run_address>0x428a5</run_address>
         <size>0x1e6</size>
         <input_file_ref idref="fl-17c"/>
      </object_component>
      <object_component id="oc-66">
         <name>.debug_info</name>
         <load_address>0x42a8b</load_address>
         <run_address>0x42a8b</run_address>
         <size>0x1f42</size>
         <input_file_ref idref="fl-17c"/>
      </object_component>
      <object_component id="oc-6b">
         <name>.debug_info</name>
         <load_address>0x449cd</load_address>
         <run_address>0x449cd</run_address>
         <size>0x90</size>
         <input_file_ref idref="fl-17c"/>
      </object_component>
      <object_component id="oc-197">
         <name>.debug_info</name>
         <load_address>0x44a5d</load_address>
         <run_address>0x44a5d</run_address>
         <size>0x73</size>
         <input_file_ref idref="fl-17c"/>
      </object_component>
      <object_component id="oc-23e">
         <name>.debug_info</name>
         <load_address>0x44ad0</load_address>
         <run_address>0x44ad0</run_address>
         <size>0x5e</size>
         <input_file_ref idref="fl-17c"/>
      </object_component>
      <object_component id="oc-239">
         <name>.debug_info</name>
         <load_address>0x44b2e</load_address>
         <run_address>0x44b2e</run_address>
         <size>0xe0</size>
         <input_file_ref idref="fl-17c"/>
      </object_component>
      <object_component id="oc-70">
         <name>.debug_info</name>
         <load_address>0x44c0e</load_address>
         <run_address>0x44c0e</run_address>
         <size>0x17e</size>
         <input_file_ref idref="fl-17c"/>
      </object_component>
      <object_component id="oc-75">
         <name>.debug_info</name>
         <load_address>0x44d8c</load_address>
         <run_address>0x44d8c</run_address>
         <size>0x17b</size>
         <input_file_ref idref="fl-17c"/>
      </object_component>
      <object_component id="oc-7a">
         <name>.debug_info</name>
         <load_address>0x44f07</load_address>
         <run_address>0x44f07</run_address>
         <size>0x4aa</size>
         <input_file_ref idref="fl-17c"/>
      </object_component>
      <object_component id="oc-7f">
         <name>.debug_info</name>
         <load_address>0x453b1</load_address>
         <run_address>0x453b1</run_address>
         <size>0x86</size>
         <input_file_ref idref="fl-17c"/>
      </object_component>
      <object_component id="oc-84">
         <name>.debug_info</name>
         <load_address>0x45437</load_address>
         <run_address>0x45437</run_address>
         <size>0x2c</size>
         <input_file_ref idref="fl-17c"/>
      </object_component>
      <object_component id="oc-2a7">
         <name>.debug_info</name>
         <load_address>0x45463</load_address>
         <run_address>0x45463</run_address>
         <size>0xe16</size>
         <input_file_ref idref="fl-17c"/>
      </object_component>
      <object_component id="oc-2ac">
         <name>.debug_info</name>
         <load_address>0x46279</load_address>
         <run_address>0x46279</run_address>
         <size>0x20ec</size>
         <input_file_ref idref="fl-17c"/>
      </object_component>
      <object_component id="oc-89">
         <name>.debug_info</name>
         <load_address>0x48365</load_address>
         <run_address>0x48365</run_address>
         <size>0x6b</size>
         <input_file_ref idref="fl-17c"/>
      </object_component>
      <object_component id="oc-106">
         <name>.debug_info</name>
         <load_address>0x483d0</load_address>
         <run_address>0x483d0</run_address>
         <size>0x1619</size>
         <input_file_ref idref="fl-17c"/>
      </object_component>
      <object_component id="oc-c5">
         <name>.debug_info</name>
         <load_address>0x499e9</load_address>
         <run_address>0x499e9</run_address>
         <size>0x175b</size>
         <input_file_ref idref="fl-17c"/>
      </object_component>
      <object_component id="oc-93">
         <name>.debug_info</name>
         <load_address>0x4b144</load_address>
         <run_address>0x4b144</run_address>
         <size>0x140</size>
         <input_file_ref idref="fl-17c"/>
      </object_component>
      <object_component id="oc-ca">
         <name>.debug_info</name>
         <load_address>0x4b284</load_address>
         <run_address>0x4b284</run_address>
         <size>0x340</size>
         <input_file_ref idref="fl-17c"/>
      </object_component>
[...]
      </symbol>
      <symbol id="sm-1654">
         <name>macDestSAddrCmp</name>
         <value>0xf2b1</value>
         <object_component_ref idref="oc-201"/>
      </symbol>
      <symbol id="sm-1655">
         <name>macFsCb</name>
         <value>0x15dc7</value>
         <object_component_ref idref="oc-1ef"/>
      </symbol>
      <symbol id="sm-1656">
         <name>osalTimerInit</name>
         <value>0x1be55</value>
         <object_component_ref idref="oc-2d6"/>
      </symbol>
      <symbol id="sm-1657">
         <name>macDataCheckTxTime</name>
         <value>0x200046cc</value>
         <object_component_ref idref="oc-2e2"/>
      </symbol>
      <symbol id="sm-1658">
         <name>osal_self</name>
         <value>0x157a1</value>
         <object_component_ref idref="oc-1e3"/>
      </symbol>
      <symbol id="sm-1659">
         <name>macPibIndex</name>
         <value>0x1ad3d</value>
         <object_component_ref idref="oc-305"/>
      </symbol>
      <symbol id="sm-165a">
         <name>macBeaconRequeue</name>
         <value>0x1b121</value>
         <object_component_ref idref="oc-3d1"/>
      </symbol>
      <symbol id="sm-165b">
         <name>FHIE_extractPie</name>
         <value>0x10299</value>
         <object_component_ref idref="oc-39e"/>
      </symbol>
      <symbol id="sm-165c">
         <name>pRfPropTable</name>
         <value>0x20004a18</value>
         <object_component_ref idref="oc-354"/>
      </symbol>
      <symbol id="sm-165d">
         <name>macAssociatingSt</name>
         <value>0x1cffa</value>
         <object_component_ref idref="oc-3c6"/>
      </symbol>
      <symbol id="sm-165e">
         <name>macBeaconSetPrepareTime</name>
         <value>0x172eb</value>
         <object_component_ref idref="oc-219"/>
      </symbol>
      <symbol id="sm-165f">
         <name>macStateIdleOrPolling</name>
         <value>0x1a053</value>
         <object_component_ref idref="oc-311"/>
      </symbol>
      <symbol id="sm-1660">
         <name>osalInitTasks</name>
         <value>0x1bfc7</value>
         <object_component_ref idref="oc-4f"/>
      </symbol>
      <symbol id="sm-1661">
         <name>osal_clear_event</name>
         <value>0x15679</value>
         <object_component_ref idref="oc-1e3"/>
      </symbol>
      <symbol id="sm-1662">
         <name>macPollDataRxInd</name>
         <value>0x16e6b</value>
         <object_component_ref idref="oc-207"/>
      </symbol>
      <symbol id="sm-1663">
         <name>ICall_leaveCriticalSection</name>
         <value>0x20004688</value>
         <object_component_ref idref="oc-55"/>
      </symbol>
      <symbol id="sm-1664">
         <name>macKeySourceLen</name>
         <value>0x1d3c8</value>
         <object_component_ref idref="oc-3cd"/>
      </symbol>
      <symbol id="sm-1665">
         <name>MAC_MlmeFHGetReqSize</name>
         <value>0xf327</value>
         <object_component_ref idref="oc-201"/>
      </symbol>
      <symbol id="sm-1666">
         <name>macBuildDisassociateReq</name>
         <value>0xfa79</value>
         <object_component_ref idref="oc-201"/>
      </symbol>
      <symbol id="sm-1667">
         <name>macRadioComputeLQI</name>
         <value>0x17be1</value>
         <object_component_ref idref="oc-392"/>
      </symbol>
      <symbol id="sm-1668">
         <name>txComplete</name>
         <value>0x14bad</value>
         <object_component_ref idref="oc-3de"/>
      </symbol>
      <symbol id="sm-1669">
         <name>pMacDataTx</name>
         <value>0x200046b0</value>
         <object_component_ref idref="oc-2e2"/>
      </symbol>
      <symbol id="sm-166a">
         <name>ICall_enterCriticalSection</name>
         <value>0x20004684</value>
         <object_component_ref idref="oc-55"/>
      </symbol>
      <symbol id="sm-166b">
         <name>macMainReset</name>
         <value>0x1a151</value>
         <object_component_ref idref="oc-311"/>
      </symbol>
      <symbol id="sm-166c">
         <name>macRxCmdActive</name>
         <value>0x200049f2</value>
         <object_component_ref idref="oc-354"/>
      </symbol>
      <symbol id="sm-166d">
         <name>macApiDisassociateReq</name>
         <value>0xfb47</value>
         <object_component_ref idref="oc-201"/>
      </symbol>
      <symbol id="sm-166e">
         <name>macIncomingKeyUsagePolicyChecking</name>
         <value>0x14193</value>
         <object_component_ref idref="oc-323"/>
      </symbol>
      <symbol id="sm-166f">
         <name>macRadioPowerUp</name>
         <value>0x17e19</value>
         <object_component_ref idref="oc-392"/>
      </symbol>
      <symbol id="sm-1670">
         <name>macPendAddrLen</name>
         <value>0x1155f</value>
         <object_component_ref idref="oc-20d"/>
      </symbol>
      <symbol id="sm-1671">
         <name>macSecurityPibReset</name>
         <value>0x1997f</value>
         <object_component_ref idref="oc-2f9"/>
      </symbol>
      <symbol id="sm-1672">
         <name>FHNT_getEntry</name>
         <value>0x1abdb</value>
         <object_component_ref idref="oc-467"/>
      </symbol>
      <symbol id="sm-1673">
         <name>NOROM_TRNGNumberGet</name>
         <value>0x1ca45</value>
         <object_component_ref idref="oc-370"/>
      </symbol>
      <symbol id="sm-1674">
         <name>macTxBe</name>
         <value>0x20004bd3</value>
         <object_component_ref idref="oc-3e7"/>
      </symbol>
      <symbol id="sm-1675">
         <name>macRadioSwInit</name>
         <value>0x179ab</value>
         <object_component_ref idref="oc-392"/>
      </symbol>
      <symbol id="sm-1676">
         <name>lastRatChanB</name>
         <value>0x200049f1</value>
         <object_component_ref idref="oc-354"/>
      </symbol>
      <symbol id="sm-1677">
         <name>lastRatChanA</name>
         <value>0x200049f0</value>
         <object_component_ref idref="oc-354"/>
      </symbol>
      <symbol id="sm-1678">
         <name>macStateScanning</name>
         <value>0x1a045</value>
         <object_component_ref idref="oc-311"/>
      </symbol>
      <symbol id="sm-1679">
         <name>FH_hnd</name>
         <value>0x200045dc</value>
         <object_component_ref idref="oc-47f"/>
      </symbol>
      <symbol id="sm-167a">
         <name>HalTRNG_InitTRNG</name>
         <value>0x1c799</value>
         <object_component_ref idref="oc-1f5"/>
      </symbol>
      <symbol id="sm-167b">
         <name>bInSwi</name>
         <value>0x20004c2d</value>
         <object_component_ref idref="oc-35d"/>
      </symbol>
      <symbol id="sm-167c">
         <name>macBeaconCheckTxTime</name>
         <value>0x1b0bb</value>
         <object_component_ref idref="oc-3d1"/>
      </symbol>
      <symbol id="sm-167d">
         <name>macPollRxAssocRsp</name>
         <value>0x16e57</value>
         <object_component_ref idref="oc-207"/>
      </symbol>
      <symbol id="sm-167e">
         <name>FHDH1CF_getTxChannelNum</name>
         <value>0x1bb21</value>
         <object_component_ref idref="oc-51e"/>
      </symbol>
      <symbol id="sm-167f">
         <name>macBuildCoexistEBeaconReq</name>
         <value>0x10059</value>
         <object_component_ref idref="oc-201"/>
      </symbol>
      <symbol id="sm-1680">
         <name>RF_cmdNop</name>
         <value>0x200047f8</value>
         <object_component_ref idref="oc-351"/>
      </symbol>
      <symbol id="sm-1681">
         <name>osal_qHead</name>
         <value>0x20004c08</value>
         <object_component_ref idref="oc-225"/>
      </symbol>
      <symbol id="sm-1682">
         <name>macBuildEnhanceBeaconReq</name>
         <value>0xff7f</value>
         <object_component_ref idref="oc-201"/>
      </symbol>
      <symbol id="sm-1683">
         <name>FHFSM_Dbg</name>
         <value>0x20004a58</value>
         <object_component_ref idref="oc-488"/>
      </symbol>
      <symbol id="sm-1684">
         <name>macMgmtReset</name>
         <value>0xf425</value>
         <object_component_ref idref="oc-201"/>
      </symbol>
      <symbol id="sm-1685">
         <name>osal_next_timeout</name>
         <value>0x1be5d</value>
         <object_component_ref idref="oc-2d6"/>
      </symbol>
      <symbol id="sm-1686">
         <name>FHMGR_bcTimerIsrCb</name>
         <value>0x1a54b</value>
         <object_component_ref idref="oc-461"/>
      </symbol>
      <symbol id="sm-1687">
         <name>macSymbolTimerSetCount</name>
         <value>0x19645</value>
         <object_component_ref idref="oc-348"/>
      </symbol>
      <symbol id="sm-1688">
         <name>macRxSoftDisable</name>
         <value>0x1bc2f</value>
         <object_component_ref idref="oc-342"/>
      </symbol>
      <symbol id="sm-1689">
         <name>__aeabi_ldiv0</name>
         <value>0x1b993</value>
         <object_component_ref idref="oc-511"/>
      </symbol>
      <symbol id="sm-168a">
         <name>macRadioLbtTxCb</name>
         <value>0x130a5</value>
         <object_component_ref idref="oc-3b0"/>
      </symbol>
      <symbol id="sm-168b">
         <name>FH_startEDFETimer</name>
         <value>0x1a603</value>
         <object_component_ref idref="oc-473"/>
      </symbol>
      <symbol id="sm-168c">
         <name>macBeaconStartFrameResponseTimer</name>
         <value>0x16571</value>
         <object_component_ref idref="oc-213"/>
      </symbol>
      <symbol id="sm-168d">
         <name>macRxBeaconCritical</name>
         <value>0x16a11</value>
         <object_component_ref idref="oc-213"/>
      </symbol>
      <symbol id="sm-168e">
         <name>MAC_MlmeGetPointerSecurityReq</name>
         <value>0x19913</value>
         <object_component_ref idref="oc-2f9"/>
      </symbol>
      <symbol id="sm-168f">
         <name>macTxFrameIsr</name>
         <value>0x14b83</value>
         <object_component_ref idref="oc-3de"/>
      </symbol>
      <symbol id="sm-1690">
         <name>macRxFrameIsr</name>
         <value>0x136f1</value>
         <object_component_ref idref="oc-33c"/>
      </symbol>
      <symbol id="sm-1691">
         <name>macTxType</name>
         <value>0x20004bd2</value>
         <object_component_ref idref="oc-3e7"/>
      </symbol>
      <symbol id="sm-1692">
         <name>macRadioTxRequestAckTimeout</name>
         <value>0x13075</value>
         <object_component_ref idref="oc-3b0"/>
      </symbol>
      <symbol id="sm-1693">
         <name>pOverridesPG20</name>
         <value>0x200048d0</value>
         <object_component_ref idref="oc-351"/>
      </symbol>
      <symbol id="sm-1694">
         <name>pOverridesPG21</name>
         <value>0x20004990</value>
         <object_component_ref idref="oc-45a"/>
      </symbol>
      <symbol id="sm-1695">
         <name>macMcuOverflowSetCompare</name>
         <value>0x1b481</value>
         <object_component_ref idref="oc-317"/>
      </symbol>
      <symbol id="sm-1696">
         <name>macOutgoingNonSlottedTx</name>
         <value>0x176a5</value>
         <object_component_ref idref="oc-219"/>
      </symbol>
      <symbol id="sm-1697">
         <name>macSendReceiveCmd</name>
         <value>0x16199</value>
         <object_component_ref idref="oc-1ef"/>
      </symbol>
      <symbol id="sm-1698">
         <name>osal_msg_deallocate</name>
         <value>0x158b9</value>
         <object_component_ref idref="oc-1e3"/>
      </symbol>
      <symbol id="sm-1699">
         <name>g_ui32CurrentAesOp</name>
         <value>0x200049ec</value>
         <object_component_ref idref="oc-49b"/>
      </symbol>
      <symbol id="sm-169a">
         <name>macMRFSKStdPhyTable</name>
         <value>0x1cc3c</value>
         <object_component_ref idref="oc-41d"/>
      </symbol>
      <symbol id="sm-169b">
         <name>FH_startEDFEReq</name>
         <value>0x1a605</value>
         <object_component_ref idref="oc-473"/>
      </symbol>
      <symbol id="sm-169c">
         <name>macRxCheckPendingCallback</name>
         <value>0x122fb</value>
         <object_component_ref idref="oc-2ff"/>
      </symbol>
      <symbol id="sm-169d">
         <name>macPib</name>
         <value>0x20004290</value>
         <object_component_ref idref="oc-34e"/>
      </symbol>
      <symbol id="sm-169e">
         <name>macRadioTxGoLbt</name>
         <value>0x13001</value>
         <object_component_ref idref="oc-3b0"/>
      </symbol>
      <symbol id="sm-169f">
         <name>macWrapperGetDefaultSourceKey</name>
         <value>0x14fed</value>
         <object_component_ref idref="oc-30b"/>
      </symbol>
      <symbol id="sm-16a0">
         <name>macFsCmdActive</name>
         <value>0x200049f4</value>
         <object_component_ref idref="oc-354"/>
      </symbol>
      <symbol id="sm-16a1">
         <name>osal_run_system</name>
         <value>0x15bf1</value>
         <object_component_ref idref="oc-1e3"/>
      </symbol>
      <symbol id="sm-16a2">
         <name>macPanCoordinator</name>
         <value>0x20004b64</value>
         <object_component_ref idref="oc-360"/>
      </symbol>
      <symbol id="sm-16a3">
         <name>FHIE_gen</name>
         <value>0x10cf3</value>
         <object_component_ref idref="oc-39e"/>
      </symbol>
      <symbol id="sm-16a4">
         <name>macIeFreeList</name>
         <value>0x1b8bb</value>
         <object_component_ref idref="oc-3b9"/>
      </symbol>
      <symbol id="sm-16a5">
         <name>macSfdDetectCback</name>
         <value>0x20004a04</value>
         <object_component_ref idref="oc-354"/>
      </symbol>
      <symbol id="sm-16a6">
         <name>macTimerInit</name>
         <value>0x19db5</value>
         <object_component_ref idref="oc-398"/>
      </symbol>
      <symbol id="sm-16a7">
         <name>macTxCmdActive</name>
         <value>0x200049f3</value>
         <object_component_ref idref="oc-354"/>
      </symbol>
      <symbol id="sm-16a8">
         <name>macRatDisableChannels</name>
         <value>0x163d9</value>
         <object_component_ref idref="oc-1ef"/>
      </symbol>
      <symbol id="sm-16a9">
         <name>macMRFSKGetPhyDesc</name>
         <value>0x1ad5b</value>
         <object_component_ref idref="oc-305"/>
      </symbol>
      <symbol id="sm-16aa">
         <name>macScanRxCoordRealign</name>
         <value>0x1854b</value>
         <object_component_ref idref="oc-31d"/>
      </symbol>
      <symbol id="sm-16ab">
         <name>FHAPI_start</name>
         <value>0x18b53</value>
         <object_component_ref idref="oc-357"/>
      </symbol>
      <symbol id="sm-16ac">
         <name>macPhyTxPower</name>
         <value>0x20004c34</value>
         <object_component_ref idref="oc-35d"/>
      </symbol>
      <symbol id="sm-16ad">
         <name>osal_start_system</name>
         <value>0x15d49</value>
         <object_component_ref idref="oc-1e3"/>
      </symbol>
      <symbol id="sm-16ae">
         <name>macTxChannelBusyCallback</name>
         <value>0x14a09</value>
         <object_component_ref idref="oc-3de"/>
      </symbol>
      <symbol id="sm-16af">
         <name>macDefaultAction</name>
         <value>0x100df</value>
         <object_component_ref idref="oc-201"/>
      </symbol>
      <symbol id="sm-16b0">
         <name>rfDrvTblPtr</name>
         <value>0x20004a14</value>
         <object_component_ref idref="oc-354"/>
      </symbol>
      <symbol id="sm-16b1">
         <name>RF_params</name>
         <value>0x20004c40</value>
         <object_component_ref idref="oc-35d"/>
      </symbol>
      <symbol id="sm-16b2">
         <name>osalAdjustTimer</name>
         <value>0x1c6a3</value>
         <object_component_ref idref="oc-2ef"/>
      </symbol>
      <symbol id="sm-16b3">
         <name>RF_cmdPropTxAdv</name>
         <value>0x20004858</value>
         <object_component_ref idref="oc-351"/>
      </symbol>
      <symbol id="sm-16b4">
         <name>macCcmStarInverseTransform</name>
         <value>0x1459d</value>
         <object_component_ref idref="oc-323"/>
      </symbol>
      <symbol id="sm-16b5">
         <name>macTxFrameRetransmit</name>
         <value>0x149a1</value>
         <object_component_ref idref="oc-3de"/>
      </symbol>
      <symbol id="sm-16b6">
         <name>__TI_decompress_none</name>
         <value>0x1ca55</value>
         <object_component_ref idref="oc-15"/>
      </symbol>
      <symbol id="sm-16b7">
         <name>macRxCoordRealign</name>
         <value>0x16c31</value>
         <object_component_ref idref="oc-207"/>
      </symbol>
      <symbol id="sm-16b8">
         <name>MAC_Init</name>
         <value>0x100f3</value>
         <object_component_ref idref="oc-201"/>
      </symbol>
      <symbol id="sm-16b9">
         <name>MAC_MlmeAssociateRsp</name>
         <value>0x11a01</value>
         <object_component_ref idref="oc-20d"/>
      </symbol>
      <symbol id="sm-16ba">
         <name>macRxOffRequest</name>
         <value>0x1bc51</value>
         <object_component_ref idref="oc-342"/>
      </symbol>
      <symbol id="sm-16bb">
         <name>macRadioTxEnhAckCb</name>
         <value>0x1301d</value>
         <object_component_ref idref="oc-3b0"/>
      </symbol>
      <symbol id="sm-16bc">
         <name>macBuildEBeaconNotifyInd</name>
         <value>0xfddd</value>
         <object_component_ref idref="oc-201"/>
      </symbol>
      <symbol id="sm-16bd">
         <name>macRadioRandomByte</name>
         <value>0x1b439</value>
         <object_component_ref idref="oc-317"/>
      </symbol>
      <symbol id="sm-16be">
         <name>macTaskId</name>
         <value>0x2000492c</value>
         <object_component_ref idref="oc-2d3"/>
      </symbol>
      <symbol id="sm-16bf">
         <name>MAC_InitDevice</name>
         <value>0x17059</value>
         <object_component_ref idref="oc-207"/>
      </symbol>
      <symbol id="sm-16c0">
         <name>macDataCheckSched</name>
         <value>0x200046c8</value>
         <object_component_ref idref="oc-2e2"/>
      </symbol>
      <symbol id="sm-16c1">
         <name>macScanComplete</name>
         <value>0x18769</value>
         <object_component_ref idref="oc-31d"/>
      </symbol>
      <symbol id="sm-16c2">
         <name>NOROM_TRNGConfigure</name>
         <value>0x1c9b1</value>
         <object_component_ref idref="oc-36a"/>
      </symbol>
      <symbol id="sm-16c3">
         <name>macSymbolTimerCancelTrigger</name>
         <value>0x196b9</value>
         <object_component_ref idref="oc-348"/>
      </symbol>
      <symbol id="sm-16c4">
         <name>FHUTIL_updateBcNumChannels</name>
         <value>0x19071</value>
         <object_component_ref idref="oc-46d"/>
      </symbol>
      <symbol id="sm-16c5">
         <name>FHUTIL_getCurUfsi</name>
         <value>0x19097</value>
         <object_component_ref idref="oc-46d"/>
      </symbol>
      <symbol id="sm-16c6">
         <name>macApiOrphanRsp</name>
         <value>0x113b3</value>
         <object_component_ref idref="oc-20d"/>
      </symbol>
      <symbol id="sm-16c7">
         <name>timerHead</name>
         <value>0x20004698</value>
         <object_component_ref idref="oc-3fe"/>
      </symbol>
      <symbol id="sm-16c8">
         <name>macBuildAssociateRsp</name>
         <value>0x11639</value>
         <object_component_ref idref="oc-20d"/>
      </symbol>
      <symbol id="sm-16c9">
         <name>macUpdatePanId</name>
         <value>0x13e01</value>
         <object_component_ref idref="oc-323"/>
      </symbol>
      <symbol id="sm-16ca">
         <name>macIsCsmOperational</name>
         <value>0xf3b3</value>
         <object_component_ref idref="oc-201"/>
      </symbol>
      <symbol id="sm-16cb">
         <name>__TI_static_base__</name>
         <value>0x1d408</value>
      </symbol>
      <symbol id="sm-16ce">
         <name>SHT$$INIT_ARRAY$$Limit</name>
         <value>0x0</value>
      </symbol>
      <symbol id="sm-16cf">
         <name>SHT$$INIT_ARRAY$$Base</name>
         <value>0x0</value>
      </symbol>
   </symbol_table>
   <title>Link successful</title>
</link_info>
