******************************************************************************
                  TI ARM Linker PC v5.2.6                      
******************************************************************************
>> Linked Sat Oct 08 01:01:12 2016

OUTPUT FILE NAME:   <timac_cc13xx_rfd.out>
ENTRY POINT SYMBOL: "startup_entry"  address: 0000f001


MEMORY CONFIGURATION

         name            origin    length      used     unused   attr    fill
----------------------  --------  ---------  --------  --------  ----  --------
  FLASH                 0000f000   0000f000  0000e63f  000009c1  R  X
  SRAM                  20003e00   00001200  00000f8b  00000275  RW X


SEGMENT ALLOCATION MAP

run origin  load origin   length   init length attrs members
----------  ----------- ---------- ----------- ----- -------
0000f000    0000f000    0000e3f9   0000e3f9    r-x
  0000f000    0000f000    00000024   00000024    r-x EntrySection
  0000f024    0000f024    0000da56   0000da56    r-x .text
  0001ca7c    0001ca7c    0000097d   0000097d    r-- .const
0001d3fc    0001d3fc    00000008   00000008    rw-
  0001d3fc    0001d3fc    00000008   00000008    rw- .args
0001d408    0001d408    00000240   00000240    r--
  0001d408    0001d408    00000240   00000240    r-- .cinit
20003e00    20003e00    00000e8c   00000000    rw-
  20003e00    20003e00    000008af   00000000    rw- .bss
  200046b0    200046b0    000005dc   00000000    rw- .data
20004f00    20004f00    00000100   00000000    rw-
  20004f00    20004f00    00000100   00000000    rw- .stack


SECTION ALLOCATION MAP

 output                                  attributes/
section   page    origin      length       input sections
--------  ----  ----------  ----------   ----------------
EntrySection 
*          0    0000f000    00000024     
                  0000f000    00000024     icall_startup.obj (EntrySection)

.text      0    0000f024    0000da56     
                  0000f024    0000112c     maclib_cc13xx.a : mac_mgmt.obj (.text)
                  00010150    00001120                     : fh_ie.obj (.text)
                  00011270    00000e38                     : mac_coord.obj (.text)
                  000120a8    000009f8                     : mac_data.obj (.text)
                  00012aa0    000009d0                     : mac_radio_tx.obj (.text)
                  00013470    00000990                     : mac_rx.obj (.text)
                  00013e00    0000089c                     : mac_security.obj (.text)
                  0001469c    00000830                     : mac_tx.obj (.text)
                  00014ecc    00000760     macwrapper.obj (.text)
                  0001562c    00000760     osal.obj (.text)
                  00015d8c    0000073c     maclib_cc13xx.a : mac.obj (.text)
                  000164c8    000006f8                     : mac_beacon_device.obj (.text)
                  00016bc0    000006e0                     : mac_device.obj (.text)
                  000172a0    00000654                     : mac_beacon_coord.obj (.text)
                  000178f4    00000648                     : mac_radio.obj (.text)
                  00017f3c    000005dc     MacStack.obj (.text)
                  00018518    000005c8     maclib_cc13xx.a : mac_scan.obj (.text)
                  00018ae0    000004f8                     : fh_api.obj (.text)
                  00018fd8    000004cc                     : fh_util.obj (.text)
                  000194a4    0000045c                     : mac_symbol_timer.obj (.text)
                  00019900    000003f4     mac_security_pib.obj (.text)
                  00019cf4    00000350     maclib_cc13xx.a : mac_timer.obj (.text)
                  0001a044    000002f4                     : mac_main.obj (.text)
                  0001a338    000002c4                     : fh_mgr.obj (.text)
                  0001a5fc    00000294                     : fh_data.obj (.text)
                  0001a890    00000278                     : mac_ie_build.obj (.text)
                  0001ab08    00000234     fh_nt.obj (.text)
                  0001ad3c    0000022c     mac_pib.obj (.text)
                  0001af68    0000022c     maclib_cc13xx.a : mac_beacon.obj (.text)
                  0001b194    0000021e     rtsv7M3_T_le_eabi.lib : ll_div_t2.obj (.text)
                  0001b3b2    00000002                           : i_div0.obj (.text)
                  0001b3b4    00000200     maclib_cc13xx.a : mac_mcu.obj (.text)
                  0001b5b4    000001f4     rtsv7M3_T_le_eabi.lib : ull_div_t2.obj (.text)
                  0001b7a8    000001ea     maclib_cc13xx.a : mac_ie_parse.obj (.text)
                  0001b992    00000002     rtsv7M3_T_le_eabi.lib : l_div0.obj (.text)
                  0001b994    000001b4     maclib_cc13xx.a : fh_dh1cf.obj (.text)
                  0001bb48    00000190                     : mac_rx_onoff.obj (.text)
                  0001bcd8    0000017c     fh_pib.obj (.text)
                  0001be54    00000118     osal_timers.obj (.text)
                  0001bf6c    00000108     osaltasks.obj (.text)
                  0001c074    000000ac     driverlib.lib : crypto.obj (.text:NOROM_CRYPTOAesEcb)
                  0001c120    000000ac                   : crypto.obj (.text:NOROM_CRYPTOAesLoadKey)
                  0001c1cc    000000ac     hal_aes.obj (.text)
                  0001c278    000000a4     osal_pwrmgr.obj (.text)
                  0001c31c    0000009c     rtsv7M3_T_le_eabi.lib : memcpy_t2.obj (.text)
                  0001c3b8    00000084     maclib_cc13xx.a : mac_low_level.obj (.text)
                  0001c43c    0000007a     rtsv7M3_T_le_eabi.lib : memset_t2.obj (.text)
                  0001c4b6    00000002     --HOLE-- [fill = 0]
                  0001c4b8    00000070     driverlib.lib : chipinfo.obj (.text:ChipInfo_GetHwRevision)
                  0001c528    0000006c     maclib_cc13xx.a : fh_sm.obj (.text)
                  0001c594    0000006c     rtsv7M3_T_le_eabi.lib : autoinit.obj (.text)
                  0001c600    0000006a                           : copy_decompress_rle.obj (.text)
                  0001c66a    00000002     --HOLE-- [fill = 0]
                  0001c66c    00000068     osal_clock.obj (.text)
                  0001c6d4    00000062     saddr.obj (.text)
                  0001c736    00000002     --HOLE-- [fill = 0]
                  0001c738    00000060     maclib_cc13xx.a : mac_pwr.obj (.text)
                  0001c798    0000005c     hal_trng_wrapper.obj (.text)
                  0001c7f4    00000058     maclib_cc13xx.a : mac_sleep.obj (.text)
                  0001c84c    0000004c     driverlib.lib : chipinfo.obj (.text:ChipInfo_GetChipFamily)
                  0001c898    0000004c     osal_memory_icall.obj (.text)
                  0001c8e4    0000004c     rtsv7M3_T_le_eabi.lib : cpy_tbl.obj (.text)
                  0001c930    00000040     driverlib.lib : crypto.obj (.text:NOROM_CRYPTOAesEcbStatus)
                  0001c970    00000040     rtsv7M3_T_le_eabi.lib : u_divt2.obj (.text)
                  0001c9b0    00000024     driverlib.lib : trng.obj (.text:NOROM_TRNGConfigure)
                  0001c9d4    00000022     rtsv7M3_T_le_eabi.lib : memcmp.obj (.text)
                  0001c9f6    00000002     --HOLE-- [fill = 0]
                  0001c9f8    00000020     hal_appasrt.obj (.text)
                  0001ca18    00000018     rtsv7M3_T_le_eabi.lib : ll_mul_t2.obj (.text)
                  0001ca30    00000014                           : strlen.obj (.text)
                  0001ca44    00000010     driverlib.lib : trng.obj (.text:NOROM_TRNGNumberGet)
                  0001ca54    0000000e     rtsv7M3_T_le_eabi.lib : copy_decompress_none.obj (.text:decompress:none)
                  0001ca62    0000000c                           : copy_zero_init.obj (.text:decompress:ZI)
                  0001ca6e    00000006     driverlib.lib : cpu.obj (.text:NOROM_CPUdelay)
                  0001ca74    00000006     rtsv7M3_T_le_eabi.lib : copy_decompress_rle.obj (.text:decompress:rle24)

.const     0    0001ca7c    0000097d     
                  0001ca7c    000001c0     fh_pib.obj (.const)
                  0001cc3c    00000194     mac_pib.obj (.const)
                  0001cdd0    00000190     maclib_cc13xx.a : fh_sm.obj (.const:FH_stateMatrix)
                  0001cf60    00000170                     : mac_main.obj (.const)
                  0001d0d0    00000164     mac_security_pib.obj (.const)
                  0001d234    0000006c     maclib_cc13xx.a : mac_data.obj (.const)
                  0001d2a0    0000006a                     : mac_main.obj (.const:macIdleSt)
                  0001d30a    0000006a                     : mac_main.obj (.const:macScanningSt)
                  0001d374    00000040                     : mac_timer.obj (.const:macTimerRolloverValue)
                  0001d3b4    00000013     MacStack.obj (.const:.string)
                  0001d3c7    00000001     --HOLE-- [fill = 0]
                  0001d3c8    0000000c     maclib_cc13xx.a : mac_security.obj (.const)
                  0001d3d4    00000008                     : fh_api.obj (.const:.string)
                  0001d3dc    00000008                     : fh_data.obj (.const:.string)
                  0001d3e4    00000008                     : fh_ie.obj (.const:.string)
                  0001d3ec    00000008                     : mac_rx.obj (.const)
                  0001d3f4    00000005     osaltasks.obj (.const)

.cinit     0    0001d408    00000240     
                  0001d408    00000216     (.cinit..data.load) [load image, compression = rle]
                  0001d61e    00000002     --HOLE-- [fill = 0]
                  0001d620    0000000c     (__TI_handler_table)
                  0001d62c    00000004     --HOLE-- [fill = 0]
                  0001d630    00000008     (.cinit..bss.load) [load image, compression = zero_init]
                  0001d638    00000010     (__TI_cinit_table)

.init_array 
*          0    0000f000    00000000     UNINITIALIZED

.bss       0    20003e00    000008af     UNINITIALIZED
                  20003e00    00000224     maclib_cc13xx.a : mac_rx.obj (.bss)
                  20004024    00000138     mac_security_pib.obj (.bss:macSecurityPib)
                  2000415c    00000104     fh_nt.obj (.bss)
                  20004260    000000b0     mac_pib.obj (.bss)
                  20004310    00000090     maclib_cc13xx.a : mac_radio.obj (.bss:RF_object$42)
                  200043a0    00000088     fh_pib.obj (.bss:FHPIB_db)
                  20004428    00000078     maclib_cc13xx.a : mac_device.obj (.bss)
                  200044a0    0000006c                     : mac_scan.obj (.bss)
                  2000450c    00000068                     : mac_beacon_coord.obj (.bss)
                  20004574    00000068                     : mac_coord.obj (.bss)
                  200045dc    00000064                     : fh_api.obj (.bss:FH_hnd)
                  20004640    00000044                     : mac_beacon_device.obj (.bss)
                  20004684    0000000c     icall_startup.obj (.bss)
                  20004690    00000008     maclib_cc13xx.a : mac_security.obj (.bss)
                  20004698    00000008     osal_timers.obj (.bss)
                  200046a0    00000004     (.common:lastTrngVal$3)
                  200046a4    00000004     (.common:tasksEvents)
                  200046a8    00000001     (.common:macPwr)
                  200046a9    00000001     (.common:macRxActive)
                  200046aa    00000001     (.common:macRxEnableFlags)
                  200046ab    00000001     (.common:macRxOutgoingAckFlag)
                  200046ac    00000001     (.common:macSymbolTimerImpending)
                  200046ad    00000001     (.common:macTxActive)
                  200046ae    00000001     (.common:txRetransmitFlag$46)

.data      0    200046b0    000005dc     UNINITIALIZED
                  200046b0    00000140     maclib_cc13xx.a : mac_data.obj (.data)
                  200047f0    0000013c     mac_settings.obj (.data)
                  2000492c    00000064     maclib_cc13xx.a : mac_main.obj (.data)
                  20004990    0000005c     mac_settings.obj (.data:pOverridesPG21)
                  200049ec    00000004     driverlib.lib : crypto.obj (.data)
                  200049f0    00000058     maclib_cc13xx.a : mac.obj (.data)
                  20004a48    00000054                     : fh_sm.obj (.data)
                  20004a9c    00000048                     : fh_ie.obj (.data:FHIE_channelPlan$63)
                  20004ae4    00000040     MacStack.obj (.data)
                  20004b24    00000040     maclib_cc13xx.a : mac_beacon.obj (.data)
                  20004b64    0000003c                     : mac_mgmt.obj (.data)
                  20004ba0    00000030                     : mac_radio_tx.obj (.data)
                  20004bd0    00000030                     : mac_tx.obj (.data)
                  20004c00    0000002c     osal.obj (.data)
                  20004c2c    00000020     maclib_cc13xx.a : mac_radio.obj (.data)
                  20004c4c    00000018                     : mac_symbol_timer.obj (.data)
                  20004c64    00000014                     : mac_timer.obj (.data)
                  20004c78    00000008     osal_clock.obj (.data)
                  20004c80    00000004     hal_appasrt.obj (.data)
                  20004c84    00000004     maclib_cc13xx.a : mac_mcu.obj (.data)
                  20004c88    00000004     osal_pwrmgr.obj (.data)

.TI.noinit 
*          0    20003e00    00000000     UNINITIALIZED

.TI.persistent 
*          0    200046b0    00000000     UNINITIALIZED

.stack     0    20004f00    00000100     UNINITIALIZED
                  20004f00    00000100     --HOLE--

.args      0    0001d3fc    00000008     
                  0001d3fc    00000008     --HOLE-- [fill = 0]


LINKER GENERATED COPY TABLES

__TI_cinit_table @ 0001d638 records: 2, size/record: 8, table size: 16
	.data: load addr=0001d408, load size=00000216 bytes, run addr=200046b0, run size=000005dc bytes, compression=rle
	.bss: load addr=0001d630, load size=00000008 bytes, run addr=20003e00, run size=000008af bytes, compression=zero_init


LINKER GENERATED HANDLER TABLE

__TI_handler_table @ 0001d620 records: 3, size/record: 4, table size: 12
	index: 0, handler: __TI_decompress_rle24
	index: 1, handler: __TI_decompress_none
	index: 2, handler: __TI_zero_init


GLOBAL SYMBOLS: SORTED ALPHABETICALLY BY Name 

address   name                                     
-------   ----                                     
20004ae4  AppTaskId                                
0001c84d  ChipInfo_GetChipFamily                   
0001c4b9  ChipInfo_GetHwRevision                   
20004694  Crypto_handle                            
00018f79  FHAPI_SFDRxCb                            
00018e89  FHAPI_completeRxCb                       
00018db5  FHAPI_completeTxCb                       
00018d4d  FHAPI_getTxParams                        
00018ae1  FHAPI_reset                              
00018c95  FHAPI_sendData                           
00018f2f  FHAPI_setStateCb                         
00018b53  FHAPI_start                              
00018c01  FHAPI_startBS                            
00018c69  FHAPI_stopAsync                          
0001a85b  FHDATA_checkPktFromQueue                 
0001a7c9  FHDATA_getPktFromQueue                   
0001a60b  FHDATA_procASYNCReq                      
0001a6ef  FHDATA_purgePktFromQueue                 
0001a755  FHDATA_purgeUnSupportedFrameTypes        
0001a6a9  FHDATA_requeuePkt                        
0001babd  FHDH1CF_getBCChannelNum                  
0001ba9b  FHDH1CF_getBcCh                          
0001b9d1  FHDH1CF_getCh                            
0001ba61  FHDH1CF_getChannelNum                    
0001bb21  FHDH1CF_getTxChannelNum                  
0001b995  FHDH1CF_hashword                         
0001ba17  FHDH1CF_mapChIdxChannel                  
20004a58  FHFSM_Dbg                                
00010183  FHIE_extractHie                          
00010299  FHIE_extractPie                          
00010cf3  FHIE_gen                                 
00010baf  FHIE_getLen                              
00010d13  FHIE_parseHie                            
0001105d  FHIE_parsePie                            
0001a54b  FHMGR_bcTimerIsrCb                       
0001a469  FHMGR_macCancelFHTimer                   
0001a339  FHMGR_macGetElapsedFHTime                
0001a4c3  FHMGR_macStartFHTimer                    
0001a3f3  FHMGR_pendBcChUpdate                     
0001a3f9  FHMGR_pendUcChUpdate                     
0001a50f  FHMGR_ucTimerIsrCb                       
0001a39d  FHMGR_updateHopping                      
0001a347  FHMGR_updateRadioBCChannel               
0001a3ff  FHMGR_updateRadioUCChannel               
0001aca7  FHNT_createEntry                         
0001abdb  FHNT_getEntry                            
2000415c  FHNT_hnd                                 
0001ab25  FHNT_init                                
0001ab3d  FHNT_purgeEntry                          
0001ab09  FHNT_reset                               
20004180  FHNT_table                               
200043a0  FHPIB_db                                 
0001bdfd  FHPIB_get                                
0001bcf5  FHPIB_getLen                             
0001bd13  FHPIB_reset                              
0001bd1f  FHPIB_set                                
0001c551  FHSM_event                               
00019267  FHUTIL_adjBackOffDur                     
0001908d  FHUTIL_assert                            
0001923b  FHUTIL_calcUfsi                          
00019409  FHUTIL_compBfioTxTime                    
00019091  FHUTIL_elapsedTime                       
00019187  FHUTIL_getBcTxParams                     
00018fff  FHUTIL_getBitCounts                      
000193a5  FHUTIL_getCh0                            
000193d1  FHUTIL_getChannelSpacing                 
000190fb  FHUTIL_getCurBfio                        
00019097  FHUTIL_getCurUfsi                        
000190e9  FHUTIL_getElapsedTime                    
000191d9  FHUTIL_getGuardTime                      
00018fd9  FHUTIL_getMaxChannels                    
0001933b  FHUTIL_getTxChannel                      
00019245  FHUTIL_getTxUfsi                         
00019323  FHUTIL_getUcChannel                      
00019095  FHUTIL_noAction                          
00019071  FHUTIL_updateBcNumChannels               
00019057  FHUTIL_updateUcNumChannels               
0001941d  FHUTIl_updateBTIE                        
20004a48  FH_FSM                                   
200045dc  FH_hnd                                   
0001a5fd  FH_procEDFEReq                           
0001a605  FH_startEDFEReq                          
0001a603  FH_startEDFETimer                        
0001cdd0  FH_stateMatrix                           
0001c529  FSM_transaction_debug                    
0001c9f9  HAL_APPASRT_callAssrtHanlder             
0001ca05  HAL_APPASRT_register                     
0001c25b  HalAesInit                               
0001c7b5  HalTRNG_GetTRNG                          
0001c799  HalTRNG_InitTRNG                         
2000468c  ICall_dispatcher                         
20004684  ICall_enterCriticalSection               
20004688  ICall_leaveCriticalSection               
000183bf  MAC_CbackCheckPending                    
000183cf  MAC_CbackEvent                           
00018495  MAC_CbackQueryRetransmit                 
0000f515  MAC_EnableFH                             
0001ad7d  MAC_GetPHYParamReq                       
000100f3  MAC_Init                                 
00017537  MAC_InitBeaconCoord                      
0001660f  MAC_InitBeaconDevice                     
00011a1b  MAC_InitCoord                            
00017059  MAC_InitDevice                           
0000f539  MAC_InitFH                               
000120ff  MAC_McpsDataAlloc                        
000121db  MAC_McpsDataReq                          
00011a0b  MAC_McpsPurgeReq                         
0001704b  MAC_MlmeAssociateReq                     
00011a01  MAC_MlmeAssociateRsp                     
0000f40d  MAC_MlmeDisassociateReq                  
0000f345  MAC_MlmeFHGetReq                         
0000f327  MAC_MlmeFHGetReqSize                     
0000f375  MAC_MlmeFHSetReq                         
00019913  MAC_MlmeGetPointerSecurityReq            
0001af01  MAC_MlmeGetReq                           
0001ad9b  MAC_MlmeGetReqSize                       
00019ba1  MAC_MlmeGetSecurityReq                   
0001993b  MAC_MlmeGetSecurityReqSize               
000119f7  MAC_MlmeOrphanRsp                        
00017043  MAC_MlmePollReq                          
0000f461  MAC_MlmeResetReq                         
00018543  MAC_MlmeScanReq                          
0001add1  MAC_MlmeSetReq                           
000199d5  MAC_MlmeSetSecurityReq                   
000119ef  MAC_MlmeStartReq                         
000100eb  MAC_MlmeSyncReq                          
0000f367  MAC_MlmeWSAsyncReq                       
0001b439  MAC_RandomByte                           
0000f3b9  MAC_ResumeReq                            
0000f4f7  MAC_StartFH                              
0000f397  MAC_YieldReq                             
0001ca6f  NOROM_CPUdelay                           
0001c075  NOROM_CRYPTOAesEcb                       
0001c931  NOROM_CRYPTOAesEcbStatus                 
0001c121  NOROM_CRYPTOAesLoadKey                   
0001c9b1  NOROM_TRNGConfigure                      
0001ca45  NOROM_TRNGNumberGet                      
20004c7c  OSAL_timeSeconds                         
20004808  RF_cmdFs                                 
200047f8  RF_cmdNop                                
20004820  RF_cmdPropCs                             
2000483c  RF_cmdPropCsSlotted                      
20004878  RF_cmdPropRadioDivSetup                  
200048a0  RF_cmdPropRxAdv                          
20004858  RF_cmdPropTxAdv                          
200047f0  RF_cmdRat                                
20004c3c  RF_handle                                
20004c40  RF_params                                
UNDEFED   SHT$$INIT_ARRAY$$Base                    
UNDEFED   SHT$$INIT_ARRAY$$Limit                   
20005000  __STACK_END                              
00000100  __STACK_SIZE                             
20005000  __STACK_TOP                              
0001d638  __TI_CINIT_Base                          
0001d648  __TI_CINIT_Limit                         
0001d620  __TI_Handler_Table_Base                  
0001d62c  __TI_Handler_Table_Limit                 
0001c595  __TI_auto_init                           
0001ca55  __TI_decompress_none                     
0001ca75  __TI_decompress_rle24                    
0001d408  __TI_static_base__                       
0001ca63  __TI_zero_init                           
0001b3b3  __aeabi_idiv0                            
0001b993  __aeabi_ldiv0                            
0001b195  __aeabi_ldivmod                          
0001ca19  __aeabi_lmul                             
0001c43d  __aeabi_memclr                           
0001c43d  __aeabi_memclr4                          
0001c43d  __aeabi_memclr8                          
0001c31d  __aeabi_memcpy                           
0001c31d  __aeabi_memcpy4                          
0001c31d  __aeabi_memcpy8                          
0001c43f  __aeabi_memset                           
0001c43f  __aeabi_memset4                          
0001c43f  __aeabi_memset8                          
0001c971  __aeabi_uidiv                            
0001c971  __aeabi_uidivmod                         
0001b5b5  __aeabi_uldivmod                         
ffffffff  __binit__                                
0001d3fc  __c_args__                               
20004f00  __stack                                  
20004c2d  bInSwi                                   
ffffffff  binit                                    
0001c8e5  copy_in                                  
20004690  cryptoDrvTblPtr                          
200046f4  enhancedAckBuf                           
0001d3dc  fhSupFrameTypes                          
200049fa  fsCmdHandle                              
200049ec  g_ui32CurrentAesOp                       
20004a00  lastPostCmd                              
200049f0  lastRatChanA                             
200049f1  lastRatChanB                             
20004bec  macAckDbg                                
20004bb0  macAckTimer                              
2000496c  macActionSet                             
000127a9  macAllocTxBuffer                         
00017171  macApiAssociateReq                       
00011755  macApiAssociateRsp                       
0000f219  macApiBadState                           
000174e5  macApiBeaconStartReq                     
00012599  macApiDataReq                            
0000fb47  macApiDisassociateReq                    
000113b3  macApiOrphanRsp                          
0000f21f  macApiPending                            
00017001  macApiPollReq                            
00011f09  macApiPurgeReq                           
0001c739  macApiPwrOnReq                           
000185dd  macApiScanReq                            
00011971  macApiStartReq                           
000166bd  macApiSyncReq                            
000100d9  macApiUnsupported                        
0000fa43  macApiWSAsyncReq                         
0001722f  macAssocDataReq                          
00016fb5  macAssocDataReqComplete                  
00016f55  macAssocDataRxInd                        
00016d2b  macAssocFailed                           
00016d5d  macAssocFrameResponseTimeout             
00016d7d  macAssocRxDisassoc                       
00016cfd  macAssociateCnf                          
0001cffa  macAssociatingSt                         
0001d3cc  macAuthTagLen                            
0001683d  macAutoPoll                              
20004b44  macBeacon                                
000172a1  macBeaconBattLifeCallback                
0001af69  macBeaconCheckSched                      
00017485  macBeaconCheckStartTime                  
0001b0bb  macBeaconCheckTxTime                     
0001785d  macBeaconClearIndirect                   
20004514  macBeaconCoord                           
00017475  macBeaconCoordReset                      
20004650  macBeaconDevice                          
0001b003  macBeaconInit                            
20004b24  macBeaconMargin                          
20004af0  macBeaconPayload                         
000178a1  macBeaconPeriodCallback                  
000172a7  macBeaconPrepareCallback                 
0001b121  macBeaconRequeue                         
0001afe7  macBeaconReset                           
000172eb  macBeaconSetPrepareTime                  
0001b019  macBeaconSetSched                        
00017655  macBeaconSetupBroadcast                  
0001af87  macBeaconSetupCap                        
00017585  macBeaconStartContinue                   
00016571  macBeaconStartFrameResponseTimer         
000164c9  macBeaconStopTrack                       
00016993  macBeaconSyncLoss                        
000173bd  macBeaconTxCallback                      
00013f0d  macBlacklistChecking                     
000164f1  macBroadcastPendCallback                 
00017087  macBuildAssociateReq                     
00011639  macBuildAssociateRsp                     
00011d39  macBuildBeacon                           
0000fd21  macBuildBeaconNotifyInd                  
00010059  macBuildCoexistEBeaconReq                
0000fb9d  macBuildCommonReq                        
0001248d  macBuildDataFrame                        
0000fa79  macBuildDisassociateReq                  
0000fddd  macBuildEBeaconNotifyInd                 
0000ff7f  macBuildEnhanceBeaconReq                 
00011481  macBuildEnhancedBeacon                   
0000f659  macBuildHeader                           
0001a925  macBuildHeaderIes                        
0001a891  macBuildPayloadCoexistIe                 
0001a9eb  macBuildPayloadIes                       
00011c51  macBuildPendAddr                         
0001131f  macBuildRealign                          
0000f8d9  macBuildWSAsyncMsg                       
0001c7f5  macCanSleep                              
0001cf6c  macCbackEventTbl                         
0001a1cd  macCbackForEvent                         
0001459d  macCcmStarInverseTransform               
00014483  macCcmStarTransform                      
000165b7  macCheckPendAddr                         
000120df  macCheckSched                            
0001d268  macCmdIncludeFHIe                        
0000f13b  macCommStatusInd                         
0000f241  macConflictSyncLossInd                   
200045a8  macCoord                                 
0000f06b  macCoordAddrCmp                          
0000f025  macCoordDestAddrCmp                      
00011271  macCoordReset                            
200046d4  macData                                  
200046d0  macDataBeaconRequeue                     
200046c8  macDataCheckSched                        
200046cc  macDataCheckTxTime                       
200046c0  macDataRequeueIndirect                   
00012277  macDataReset                             
200046b8  macDataRxBeaconCritical                  
000120a9  macDataRxInd                             
000122c5  macDataRxMemAlloc                        
000120f9  macDataRxMemFree                         
00012785  macDataSend                              
200046c4  macDataSetSched                          
200046b4  macDataTxBeaconComplete                  
000128cd  macDataTxComplete                        
200046e4  macDataTxDelay                           
000120db  macDataTxDelayCallback                   
0001240d  macDataTxEnqueue                         
200046bc  macDataTxIndirect                        
0001268d  macDataTxSend                            
00012661  macDataTxTimeAvailable                   
000100df  macDefaultAction                         
0000f26f  macDestAddrCmp                           
0000f2b1  macDestSAddrCmp                          
2000443c  macDevice                                
00013ec7  macDeviceDescriptorLookup                
00016bc1  macDeviceReset                           
0000f0f1  macDisassocComplete                      
0001732f  macEBeaconPrepareCallback                
00017407  macEBeaconTxCallback                     
0001a257  macExecute                               
000120b9  macFrameDuration                         
20004a34  macFrmFilter                             
00015dc7  macFsCb                                  
200049f4  macFsCmdActive                           
0000f317  macGetCSMPhy                             
0000f2f5  macGetCoordAddress                       
0000f25d  macGetMyAddrMode                         
00017931  macGetRadioTxPowerReg                    
0001d2a0  macIdleSt                                
0001b8bb  macIeFreeList                            
000141e1  macIncomingFrameSecurity                 
00013f93  macIncomingFrameSecurityMaterialRetrieval
00014193  macIncomingKeyUsagePolicyChecking        
00016959  macIncomingNonSlottedTx                  
0001410d  macIncomingSecurityLevelChecking         
00011ba1  macIndirectExpire                        
00011fdd  macIndirectMark                          
00012035  macIndirectRequeueFrame                  
00011a91  macIndirectSend                          
00011f83  macIndirectTxFrame                       
0000f3b3  macIsCsmOperational                      
00013e4b  macKeyDescriptorLookup                   
0001d3c8  macKeySourceLen                          
0001c3eb  macLowLevelBufferInit                    
0001c3f7  macLowLevelInit                          
000194d9  macLowLevelReset                         
000179ef  macLowLevelResume                        
0001c3b9  macLowLevelYield                         
20004260  macMRFSKGenPhyTable                      
0001ad5b  macMRFSKGetPhyDesc                       
0001cc3c  macMRFSKStdPhyTable                      
20004930  macMain                                  
0001a065  macMainReserve                           
0001a151  macMainReset                             
0001b3b5  macMcuBitReverse                         
0001b53b  macMcuInit                               
0001b45b  macMcuOverflowCapture                    
0001b481  macMcuOverflowSetCompare                 
0001b443  macMcuOverflowSetCount                   
0001b4d7  macMcuOverflowSetPeriod                  
0001b439  macMcuRandomByte                         
0001b531  macMcuRandomWord                         
0001b46b  macMcuTimerCapture                       
20004b65  macMgmt                                  
20004b80  macMgmtAction1                           
20004b6c  macMgmtAction2                           
0000f425  macMgmtReset                             
0001b855  macMlmeSubIePresent                      
0000f23f  macNoAction                              
000142f3  macOutgoingFrameKeyDescRetrieval         
000143c1  macOutgoingFrameSecurity                 
000176a5  macOutgoingNonSlottedTx                  
00016c2d  macPanConflictComplete                   
20004b64  macPanCoordinator                        
0001b7a9  macParsePayloadIes                       
0001155f  macPendAddrLen                           
20004c30  macPhyChannel                            
20004c34  macPhyTxPower                            
20004290  macPib                                   
0001ad3d  macPibIndex                              
0001adaf  macPibReset                              
00016c91  macPollCnf                               
00016ebd  macPollDataReqComplete                   
00016e6b  macPollDataRxInd                         
00016ca9  macPollFrameResponseTimeout              
00016e57  macPollRxAssocRsp                        
00016ce3  macPollRxDisassoc                        
0001d064  macPollingSt                             
20004c50  macPrevPeriodRatCount                    
00011411  macProcessEBeaconFilterIe                
200046a8  macPwr                                   
0001c73b  macPwrReset                              
0001c743  macPwrVote                               
20004ba8  macRadioAckFrame                         
00017be1  macRadioComputeLQI                       
000131a1  macRadioCsmaTxCb                         
00017c9d  macRadioEnergyDetectStop                 
000179ef  macRadioInit                             
000130a5  macRadioLbtTxCb                          
00017de1  macRadioPowerDown                        
00017e19  macRadioPowerUp                          
00017ebd  macRadioPowerUpWait                      
0001b439  macRadioRandomByte                       
00012af9  macRadioSendEnhAck                       
00012ab9  macRadioSendImmAck                       
00017d65  macRadioSetChannel                       
00017bd3  macRadioSetIEEEAddr                      
0001798b  macRadioSetPanCoordinator                
00017bbd  macRadioSetPanID                         
00017bc7  macRadioSetShortAddr                     
00017977  macRadioSetTxPower                       
00017c39  macRadioStartScan                        
0001791b  macRadioStopScan                         
000179ab  macRadioSwInit                           
000132dd  macRadioTxAckCb                          
00013351  macRadioTxCancelAckTimeout               
00012b3f  macRadioTxCancelTxAck                    
0001301d  macRadioTxEnhAckCb                       
00012d89  macRadioTxGo                             
00013007  macRadioTxGoGreenPower                   
00013001  macRadioTxGoLbt                          
0001300d  macRadioTxGoSlotted                      
00012fdf  macRadioTxGoSlottedCsma                  
00012b91  macRadioTxPrepCsmaSlotted                
00012bed  macRadioTxPrepCsmaUnslotted              
00012cc3  macRadioTxPrepGreenPower                 
00012c41  macRadioTxPrepLbt                        
00012cef  macRadioTxPrepSlotted                    
00013075  macRadioTxRequestAckTimeout              
00012aa1  macRadioTxRequestTxAck                   
00017cfd  macRadioUpdateChannel                    
00017dab  macRadioUpdateTxPower                    
00017be5  macRadioWakeupCb                         
20004c2c  macRadioYielded                          
00016049  macRatCb_A                               
0001606d  macRatCb_B                               
000163d9  macRatDisableChannels                    
00015dbf  macRegisterSfdDetect                     
20004950  macReset                                 
00013d4d  macRxAckTxDoneCallback                   
200046a9  macRxActive                              
00016dd9  macRxAssocRsp                            
000115f1  macRxAssociateReq                        
0000fead  macRxBeacon                              
00016a11  macRxBeaconCritical                      
000115cd  macRxBeaconReq                           
00015e0d  macRxCb                                  
000122d5  macRxCheckMACPendingCallback             
000122fb  macRxCheckPendingCallback                
200049f2  macRxCmdActive                           
00012319  macRxCompleteCallback                    
00016c31  macRxCoordRealign                        
20003e0a  macRxDataEntryOffset                     
20003e18  macRxDataEntryQueue                      
00011b2d  macRxDataReq                             
0001bbff  macRxDisable                             
0000f091  macRxDisassoc                            
0001bbdb  macRxEnable                              
200046aa  macRxEnableFlags                         
00011e55  macRxEnhancedBeaconReq                   
20003e00  macRxFilter                              
000136f1  macRxFrameIsr                            
00013cbd  macRxHaltCleanup                         
0001bb5b  macRxHardDisable                         
00013d5f  macRxInit                                
00013483  macRxNokIsr                              
0001bc4b  macRxOff                                 
0001bc51  macRxOffRequest                          
0001bb7d  macRxOn                                  
0001bc87  macRxOnOffInit                           
0001bb49  macRxOnRequest                           
000112ef  macRxOrphan                              
200046ab  macRxOutgoingAckFlag                     
20004a28  macRxOutput                              
000112e1  macRxPanConflict                         
00013d0b  macRxSequenceNum                         
0001bc2f  macRxSoftDisable                         
0001bbe7  macRxSoftEnable                          
200044a0  macScanAction                            
00018519  macScanCnfInit                           
00018769  macScanComplete                          
000187bf  macScanFailedInProgress                  
000187e9  macScanNextChan                          
00018955  macScanRxBeacon                          
0001854b  macScanRxCoordRealign                    
00018a65  macScanStartTimer                        
0001d30a  macScanningSt                            
0000f065  macSecCpy                                
20004024  macSecurityPib                           
00019901  macSecurityPibIndex                      
0001997f  macSecurityPibReset                      
0001a07f  macSendDataMsg                           
000162b5  macSendFsCmd                             
0001a29b  macSendMsg                               
0001cf78  macSendMsgBufSize                        
0001cf60  macSendMsgDataSize                       
00016199  macSendReceiveCmd                        
0001a18d  macSetEvent                              
000120ef  macSetSched                              
00016347  macSetTxPowerVal                         
00016425  macSetUserConfig                         
00015d8d  macSetupFsCmd                            
000160dd  macSetupRATChanCompare                   
00016279  macSetupReceiveCmd                       
20004a04  macSfdDetectCback                        
20004c4c  macSpecUsecsPerSymbol                    
0001825d  macStackEventLoop                        
000184d9  macStackTaskInit                         
00017309  macStartBeaconPrepareCallback            
00011841  macStartBegin                            
0001653f  macStartBroadcastPendTimer               
00011595  macStartComplete                         
00011a55  macStartContinue                         
00016da1  macStartFrameResponseTimer               
00016d8d  macStartResponseTimer                    
00011789  macStartSetParams                        
0001cf90  macStartingSt                            
0001a073  macStateIdle                             
0001a053  macStateIdleOrPolling                    
0001a045  macStateScanning                         
2000493c  macStateTbl                              
00016379  macStopCmd                               
00019895  macSymbolSetupPwrMgmt                    
000196b9  macSymbolTimerCancelTrigger              
0001958f  macSymbolTimerCompareIsr                 
00019835  macSymbolTimerCount                      
200046ac  macSymbolTimerImpending                  
000194d9  macSymbolTimerInit                       
00019525  macSymbolTimerPeriodIsr                  
0001957d  macSymbolTimerPowerDown                  
000196d9  macSymbolTimerRealign                    
000194d9  macSymbolTimerReset                      
000195a9  macSymbolTimerRestore                    
20004c54  macSymbolTimerRollover                   
00019d79  macSymbolTimerRolloverCallback           
00019645  macSymbolTimerSetCount                   
0001967b  macSymbolTimerSetRollover                
000197f1  macSymbolTimerSetTrigger                 
000197c9  macSymbolTimerSetTriggerRollover         
20004c58  macSymbolTimerTrigger                    
00019dc9  macSymbolTimerTriggerCallback            
00016b41  macSyncTimeoutCallback                   
2000492c  macTaskId                                
00019f3b  macTimer                                 
00019eeb  macTimerAddTimer                         
00019d13  macTimerAligned                          
00019fb7  macTimerCancel                           
00019eb9  macTimerCheckUnAlignedQ                  
00019835  macTimerGetTime                          
00019db5  macTimerInit                             
00019e6d  macTimerRealign                          
00019d49  macTimerRecalcUnaligned                  
00019cf5  macTimerRemoveTimer                      
0001d374  macTimerRolloverValue                    
00019e47  macTimerSetRollover                      
00019e27  macTimerStart                            
00019d35  macTimerSyncRollover                     
00019f53  macTimerUpdateSymbolTimer                
000167dd  macTrackPeriodCallback                   
000164f7  macTrackStartCallback                    
00016649  macTrackTimeoutCallback                  
0001469d  macTxAbortIsr                            
00013d4d  macTxAckIsr                              
00014ca9  macTxAckNotReceivedCallback              
000146b1  macTxAckReceivedCallback                 
200046ad  macTxActive                              
20004bd3  macTxBe                                  
000176f9  macTxBeaconCompleteCallback              
00014a09  macTxChannelBusyCallback                 
200049f3  macTxCmdActive                           
00012945  macTxCompleteCallback                    
20004bd4  macTxCsmaBackoffDelay                    
000149b5  macTxDecrypt                             
00014b41  macTxDoneCallback                        
00014849  macTxFrame                               
0001d259  macTxFrameFailed                         
00014b83  macTxFrameIsr                            
000149a1  macTxFrameRetransmit                     
0001d24b  macTxFrameSuccess                        
20004bd5  macTxGpInterframeDelay                   
00014e5d  macTxInit                                
00014711  macTxRequestCsmaDelay                    
00014cf1  macTxRssiChannelBusyCallback             
20004bd0  macTxSlottedDelay                        
20004bd1  macTxSlottedDelayFactor                  
00014c41  macTxStartQueuedFrame                    
20004a0c  macTxTimestamp                           
00014b0d  macTxTimestampCallback                   
20004bd2  macTxType                                
20004c31  macUnitBackoffPeriod                     
0000f31f  macUpdateCsmPhyParam                     
0001b8cf  macUpdateHeaderIEPtr                     
00013e01  macUpdatePanId                           
0001b93f  macUpdatePayloadIEPtr                    
0000fa2f  macWSAsyncCnf                            
00015399  macWrapperAddDevice                      
00014ecd  macWrapperAddKeyInitFCtr                 
00015083  macWrapperDeleteAllDevices               
0001528f  macWrapperDeleteDevice                   
00015163  macWrapperDeleteKeyAndAssociatedDevices  
00014fed  macWrapperGetDefaultSourceKey            
0001a197  mac_msg_deallocate                       
0001c9d5  memcmp                                   
0001c31d  memcpy                                   
0001c445  memset                                   
0001d3b4  msacbackSizeTable                        
200049f5  numRfCmd                                 
0001c6a3  osalAdjustTimer                          
0001bfc7  osalInitTasks                            
0001be55  osalTimerInit                            
0001be7d  osalTimerUpdate                          
00015741  osal_build_uint32                        
00015679  osal_clear_event                         
00015a47  osal_enroll_dispatchid                   
00015a53  osal_enroll_notasksender                 
20004c01  osal_entity                              
20004c0c  osal_eventloop_hook                      
00015ab9  osal_init_system                         
20004c14  osal_last_timestamp                      
20004c1c  osal_max_msecs                           
0001c8d7  osal_mem_alloc                           
0001c899  osal_mem_free                            
000156ff  osal_memcmp                              
0001562d  osal_memcpy                              
00015645  osal_memset                              
000159dd  osal_msg_allocate                        
000158b9  osal_msg_deallocate                      
00015649  osal_msg_dequeue                         
00015759  osal_msg_enqueue                         
00015873  osal_msg_enqueue_max                     
000159a9  osal_msg_extract                         
00015a01  osal_msg_push                            
0001569d  osal_msg_receive                         
00015951  osal_msg_send                            
0001be5d  osal_next_timeout                        
0001c303  osal_pwrmgr_init                         
0001c29b  osal_pwrmgr_task_state                   
20004c08  osal_qHead                               
00015bf1  osal_run_system                          
000157a1  osal_self                                
20004c10  osal_semaphore                           
000157e9  osal_set_event                           
00015d49  osal_start_system                        
20004c18  osal_tickperiod                          
20004b68  pFhObject                                
20004aec  pMacCbackCheckPending                    
20004ae8  pMacCbackQueryRetransmit                 
200046b0  pMacDataTx                               
20004ba4  pMacEnhancedAck                          
20004a10  pMacRadioConfig                          
200048d0  pOverridesPG20                           
20004990  pOverridesPG21                           
20004a18  pRfPropTable                             
20004c8a  pwrmgr_attribute                         
20004c88  pwrmgr_initialized                       
20004a14  rfDrvTblPtr                              
200049f8  rxCmdHandle                              
20003e02  rxFhRsl                                  
20003e01  rxPromiscuousMode                        
20003e20  rxRadioBuffer                            
0001c6f7  sAddrCmp                                 
0001c723  sAddrCpy                                 
0001c6d5  sAddrExtCmp                              
0001c6f1  sAddrExtCpy                              
0001c237  sspAesDecryptHW                          
0001c217  sspAesDecryptHW_keylocation              
0001c1f3  sspAesEncryptHW                          
0001c1d3  sspAesEncryptHW_keylocation              
0001c1cd  ssp_HW_KeyInit                           
0001bfe3  stack_main                               
0000f001  startup_entry                            
0001ca31  strlen                                   
0001d3f4  tasksArr                                 
0001d3f8  tasksCnt                                 
200046a4  tasksEvents                              
20004c68  timerAlignedQ                            
20004698  timerHead                                
20004c64  timerUnalignedQ                          
20004ba0  txCmdHandle                              
00014bad  txComplete                               


GLOBAL SYMBOLS: SORTED BY Symbol Address 

address   name                                     
-------   ----                                     
00000100  __STACK_SIZE                             
0000f001  startup_entry                            
0000f025  macCoordDestAddrCmp                      
0000f065  macSecCpy                                
0000f06b  macCoordAddrCmp                          
0000f091  macRxDisassoc                            
0000f0f1  macDisassocComplete                      
0000f13b  macCommStatusInd                         
0000f219  macApiBadState                           
0000f21f  macApiPending                            
0000f23f  macNoAction                              
0000f241  macConflictSyncLossInd                   
0000f25d  macGetMyAddrMode                         
0000f26f  macDestAddrCmp                           
0000f2b1  macDestSAddrCmp                          
0000f2f5  macGetCoordAddress                       
0000f317  macGetCSMPhy                             
0000f31f  macUpdateCsmPhyParam                     
0000f327  MAC_MlmeFHGetReqSize                     
0000f345  MAC_MlmeFHGetReq                         
0000f367  MAC_MlmeWSAsyncReq                       
0000f375  MAC_MlmeFHSetReq                         
0000f397  MAC_YieldReq                             
0000f3b3  macIsCsmOperational                      
0000f3b9  MAC_ResumeReq                            
0000f40d  MAC_MlmeDisassociateReq                  
0000f425  macMgmtReset                             
0000f461  MAC_MlmeResetReq                         
0000f4f7  MAC_StartFH                              
0000f515  MAC_EnableFH                             
0000f539  MAC_InitFH                               
0000f659  macBuildHeader                           
0000f8d9  macBuildWSAsyncMsg                       
0000fa2f  macWSAsyncCnf                            
0000fa43  macApiWSAsyncReq                         
0000fa79  macBuildDisassociateReq                  
0000fb47  macApiDisassociateReq                    
0000fb9d  macBuildCommonReq                        
0000fd21  macBuildBeaconNotifyInd                  
0000fddd  macBuildEBeaconNotifyInd                 
0000fead  macRxBeacon                              
0000ff7f  macBuildEnhanceBeaconReq                 
00010059  macBuildCoexistEBeaconReq                
000100d9  macApiUnsupported                        
000100df  macDefaultAction                         
000100eb  MAC_MlmeSyncReq                          
000100f3  MAC_Init                                 
00010183  FHIE_extractHie                          
00010299  FHIE_extractPie                          
00010baf  FHIE_getLen                              
00010cf3  FHIE_gen                                 
00010d13  FHIE_parseHie                            
0001105d  FHIE_parsePie                            
00011271  macCoordReset                            
000112e1  macRxPanConflict                         
000112ef  macRxOrphan                              
0001131f  macBuildRealign                          
000113b3  macApiOrphanRsp                          
00011411  macProcessEBeaconFilterIe                
00011481  macBuildEnhancedBeacon                   
0001155f  macPendAddrLen                           
00011595  macStartComplete                         
000115cd  macRxBeaconReq                           
000115f1  macRxAssociateReq                        
00011639  macBuildAssociateRsp                     
00011755  macApiAssociateRsp                       
00011789  macStartSetParams                        
00011841  macStartBegin                            
00011971  macApiStartReq                           
000119ef  MAC_MlmeStartReq                         
000119f7  MAC_MlmeOrphanRsp                        
00011a01  MAC_MlmeAssociateRsp                     
00011a0b  MAC_McpsPurgeReq                         
00011a1b  MAC_InitCoord                            
00011a55  macStartContinue                         
00011a91  macIndirectSend                          
00011b2d  macRxDataReq                             
00011ba1  macIndirectExpire                        
00011c51  macBuildPendAddr                         
00011d39  macBuildBeacon                           
00011e55  macRxEnhancedBeaconReq                   
00011f09  macApiPurgeReq                           
00011f83  macIndirectTxFrame                       
00011fdd  macIndirectMark                          
00012035  macIndirectRequeueFrame                  
000120a9  macDataRxInd                             
000120b9  macFrameDuration                         
000120db  macDataTxDelayCallback                   
000120df  macCheckSched                            
000120ef  macSetSched                              
000120f9  macDataRxMemFree                         
000120ff  MAC_McpsDataAlloc                        
000121db  MAC_McpsDataReq                          
00012277  macDataReset                             
000122c5  macDataRxMemAlloc                        
000122d5  macRxCheckMACPendingCallback             
000122fb  macRxCheckPendingCallback                
00012319  macRxCompleteCallback                    
0001240d  macDataTxEnqueue                         
0001248d  macBuildDataFrame                        
00012599  macApiDataReq                            
00012661  macDataTxTimeAvailable                   
0001268d  macDataTxSend                            
00012785  macDataSend                              
000127a9  macAllocTxBuffer                         
000128cd  macDataTxComplete                        
00012945  macTxCompleteCallback                    
00012aa1  macRadioTxRequestTxAck                   
00012ab9  macRadioSendImmAck                       
00012af9  macRadioSendEnhAck                       
00012b3f  macRadioTxCancelTxAck                    
00012b91  macRadioTxPrepCsmaSlotted                
00012bed  macRadioTxPrepCsmaUnslotted              
00012c41  macRadioTxPrepLbt                        
00012cc3  macRadioTxPrepGreenPower                 
00012cef  macRadioTxPrepSlotted                    
00012d89  macRadioTxGo                             
00012fdf  macRadioTxGoSlottedCsma                  
00013001  macRadioTxGoLbt                          
00013007  macRadioTxGoGreenPower                   
0001300d  macRadioTxGoSlotted                      
0001301d  macRadioTxEnhAckCb                       
00013075  macRadioTxRequestAckTimeout              
000130a5  macRadioLbtTxCb                          
000131a1  macRadioCsmaTxCb                         
000132dd  macRadioTxAckCb                          
00013351  macRadioTxCancelAckTimeout               
00013483  macRxNokIsr                              
000136f1  macRxFrameIsr                            
00013cbd  macRxHaltCleanup                         
00013d0b  macRxSequenceNum                         
00013d4d  macRxAckTxDoneCallback                   
00013d4d  macTxAckIsr                              
00013d5f  macRxInit                                
00013e01  macUpdatePanId                           
00013e4b  macKeyDescriptorLookup                   
00013ec7  macDeviceDescriptorLookup                
00013f0d  macBlacklistChecking                     
00013f93  macIncomingFrameSecurityMaterialRetrieval
0001410d  macIncomingSecurityLevelChecking         
00014193  macIncomingKeyUsagePolicyChecking        
000141e1  macIncomingFrameSecurity                 
000142f3  macOutgoingFrameKeyDescRetrieval         
000143c1  macOutgoingFrameSecurity                 
00014483  macCcmStarTransform                      
0001459d  macCcmStarInverseTransform               
0001469d  macTxAbortIsr                            
000146b1  macTxAckReceivedCallback                 
00014711  macTxRequestCsmaDelay                    
00014849  macTxFrame                               
000149a1  macTxFrameRetransmit                     
000149b5  macTxDecrypt                             
00014a09  macTxChannelBusyCallback                 
00014b0d  macTxTimestampCallback                   
00014b41  macTxDoneCallback                        
00014b83  macTxFrameIsr                            
00014bad  txComplete                               
00014c41  macTxStartQueuedFrame                    
00014ca9  macTxAckNotReceivedCallback              
00014cf1  macTxRssiChannelBusyCallback             
00014e5d  macTxInit                                
00014ecd  macWrapperAddKeyInitFCtr                 
00014fed  macWrapperGetDefaultSourceKey            
00015083  macWrapperDeleteAllDevices               
00015163  macWrapperDeleteKeyAndAssociatedDevices  
0001528f  macWrapperDeleteDevice                   
00015399  macWrapperAddDevice                      
0001562d  osal_memcpy                              
00015645  osal_memset                              
00015649  osal_msg_dequeue                         
00015679  osal_clear_event                         
0001569d  osal_msg_receive                         
000156ff  osal_memcmp                              
00015741  osal_build_uint32                        
00015759  osal_msg_enqueue                         
000157a1  osal_self                                
000157e9  osal_set_event                           
00015873  osal_msg_enqueue_max                     
000158b9  osal_msg_deallocate                      
00015951  osal_msg_send                            
000159a9  osal_msg_extract                         
000159dd  osal_msg_allocate                        
00015a01  osal_msg_push                            
00015a47  osal_enroll_dispatchid                   
00015a53  osal_enroll_notasksender                 
00015ab9  osal_init_system                         
00015bf1  osal_run_system                          
00015d49  osal_start_system                        
00015d8d  macSetupFsCmd                            
00015dbf  macRegisterSfdDetect                     
00015dc7  macFsCb                                  
00015e0d  macRxCb                                  
00016049  macRatCb_A                               
0001606d  macRatCb_B                               
000160dd  macSetupRATChanCompare                   
00016199  macSendReceiveCmd                        
00016279  macSetupReceiveCmd                       
000162b5  macSendFsCmd                             
00016347  macSetTxPowerVal                         
00016379  macStopCmd                               
000163d9  macRatDisableChannels                    
00016425  macSetUserConfig                         
000164c9  macBeaconStopTrack                       
000164f1  macBroadcastPendCallback                 
000164f7  macTrackStartCallback                    
0001653f  macStartBroadcastPendTimer               
00016571  macBeaconStartFrameResponseTimer         
000165b7  macCheckPendAddr                         
0001660f  MAC_InitBeaconDevice                     
00016649  macTrackTimeoutCallback                  
000166bd  macApiSyncReq                            
000167dd  macTrackPeriodCallback                   
0001683d  macAutoPoll                              
00016959  macIncomingNonSlottedTx                  
00016993  macBeaconSyncLoss                        
00016a11  macRxBeaconCritical                      
00016b41  macSyncTimeoutCallback                   
00016bc1  macDeviceReset                           
00016c2d  macPanConflictComplete                   
00016c31  macRxCoordRealign                        
00016c91  macPollCnf                               
00016ca9  macPollFrameResponseTimeout              
00016ce3  macPollRxDisassoc                        
00016cfd  macAssociateCnf                          
00016d2b  macAssocFailed                           
00016d5d  macAssocFrameResponseTimeout             
00016d7d  macAssocRxDisassoc                       
00016d8d  macStartResponseTimer                    
00016da1  macStartFrameResponseTimer               
00016dd9  macRxAssocRsp                            
00016e57  macPollRxAssocRsp                        
00016e6b  macPollDataRxInd                         
00016ebd  macPollDataReqComplete                   
00016f55  macAssocDataRxInd                        
00016fb5  macAssocDataReqComplete                  
00017001  macApiPollReq                            
00017043  MAC_MlmePollReq                          
0001704b  MAC_MlmeAssociateReq                     
00017059  MAC_InitDevice                           
00017087  macBuildAssociateReq                     
00017171  macApiAssociateReq                       
0001722f  macAssocDataReq                          
000172a1  macBeaconBattLifeCallback                
000172a7  macBeaconPrepareCallback                 
000172eb  macBeaconSetPrepareTime                  
00017309  macStartBeaconPrepareCallback            
0001732f  macEBeaconPrepareCallback                
000173bd  macBeaconTxCallback                      
00017407  macEBeaconTxCallback                     
00017475  macBeaconCoordReset                      
00017485  macBeaconCheckStartTime                  
000174e5  macApiBeaconStartReq                     
00017537  MAC_InitBeaconCoord                      
00017585  macBeaconStartContinue                   
00017655  macBeaconSetupBroadcast                  
000176a5  macOutgoingNonSlottedTx                  
000176f9  macTxBeaconCompleteCallback              
0001785d  macBeaconClearIndirect                   
000178a1  macBeaconPeriodCallback                  
0001791b  macRadioStopScan                         
00017931  macGetRadioTxPowerReg                    
00017977  macRadioSetTxPower                       
0001798b  macRadioSetPanCoordinator                
000179ab  macRadioSwInit                           
000179ef  macLowLevelResume                        
000179ef  macRadioInit                             
00017bbd  macRadioSetPanID                         
00017bc7  macRadioSetShortAddr                     
00017bd3  macRadioSetIEEEAddr                      
00017be1  macRadioComputeLQI                       
00017be5  macRadioWakeupCb                         
00017c39  macRadioStartScan                        
00017c9d  macRadioEnergyDetectStop                 
00017cfd  macRadioUpdateChannel                    
00017d65  macRadioSetChannel                       
00017dab  macRadioUpdateTxPower                    
00017de1  macRadioPowerDown                        
00017e19  macRadioPowerUp                          
00017ebd  macRadioPowerUpWait                      
0001825d  macStackEventLoop                        
000183bf  MAC_CbackCheckPending                    
000183cf  MAC_CbackEvent                           
00018495  MAC_CbackQueryRetransmit                 
000184d9  macStackTaskInit                         
00018519  macScanCnfInit                           
00018543  MAC_MlmeScanReq                          
0001854b  macScanRxCoordRealign                    
000185dd  macApiScanReq                            
00018769  macScanComplete                          
000187bf  macScanFailedInProgress                  
000187e9  macScanNextChan                          
00018955  macScanRxBeacon                          
00018a65  macScanStartTimer                        
00018ae1  FHAPI_reset                              
00018b53  FHAPI_start                              
00018c01  FHAPI_startBS                            
00018c69  FHAPI_stopAsync                          
00018c95  FHAPI_sendData                           
00018d4d  FHAPI_getTxParams                        
00018db5  FHAPI_completeTxCb                       
00018e89  FHAPI_completeRxCb                       
00018f2f  FHAPI_setStateCb                         
00018f79  FHAPI_SFDRxCb                            
00018fd9  FHUTIL_getMaxChannels                    
00018fff  FHUTIL_getBitCounts                      
00019057  FHUTIL_updateUcNumChannels               
00019071  FHUTIL_updateBcNumChannels               
0001908d  FHUTIL_assert                            
00019091  FHUTIL_elapsedTime                       
00019095  FHUTIL_noAction                          
00019097  FHUTIL_getCurUfsi                        
000190e9  FHUTIL_getElapsedTime                    
000190fb  FHUTIL_getCurBfio                        
00019187  FHUTIL_getBcTxParams                     
000191d9  FHUTIL_getGuardTime                      
0001923b  FHUTIL_calcUfsi                          
00019245  FHUTIL_getTxUfsi                         
00019267  FHUTIL_adjBackOffDur                     
00019323  FHUTIL_getUcChannel                      
0001933b  FHUTIL_getTxChannel                      
000193a5  FHUTIL_getCh0                            
000193d1  FHUTIL_getChannelSpacing                 
00019409  FHUTIL_compBfioTxTime                    
0001941d  FHUTIl_updateBTIE                        
000194d9  macLowLevelReset                         
000194d9  macSymbolTimerInit                       
000194d9  macSymbolTimerReset                      
00019525  macSymbolTimerPeriodIsr                  
0001957d  macSymbolTimerPowerDown                  
0001958f  macSymbolTimerCompareIsr                 
000195a9  macSymbolTimerRestore                    
00019645  macSymbolTimerSetCount                   
0001967b  macSymbolTimerSetRollover                
000196b9  macSymbolTimerCancelTrigger              
000196d9  macSymbolTimerRealign                    
000197c9  macSymbolTimerSetTriggerRollover         
000197f1  macSymbolTimerSetTrigger                 
00019835  macSymbolTimerCount                      
00019835  macTimerGetTime                          
00019895  macSymbolSetupPwrMgmt                    
00019901  macSecurityPibIndex                      
00019913  MAC_MlmeGetPointerSecurityReq            
0001993b  MAC_MlmeGetSecurityReqSize               
0001997f  macSecurityPibReset                      
000199d5  MAC_MlmeSetSecurityReq                   
00019ba1  MAC_MlmeGetSecurityReq                   
00019cf5  macTimerRemoveTimer                      
00019d13  macTimerAligned                          
00019d35  macTimerSyncRollover                     
00019d49  macTimerRecalcUnaligned                  
00019d79  macSymbolTimerRolloverCallback           
00019db5  macTimerInit                             
00019dc9  macSymbolTimerTriggerCallback            
00019e27  macTimerStart                            
00019e47  macTimerSetRollover                      
00019e6d  macTimerRealign                          
00019eb9  macTimerCheckUnAlignedQ                  
00019eeb  macTimerAddTimer                         
00019f3b  macTimer                                 
00019f53  macTimerUpdateSymbolTimer                
00019fb7  macTimerCancel                           
0001a045  macStateScanning                         
0001a053  macStateIdleOrPolling                    
0001a065  macMainReserve                           
0001a073  macStateIdle                             
0001a07f  macSendDataMsg                           
0001a151  macMainReset                             
0001a18d  macSetEvent                              
0001a197  mac_msg_deallocate                       
0001a1cd  macCbackForEvent                         
0001a257  macExecute                               
0001a29b  macSendMsg                               
0001a339  FHMGR_macGetElapsedFHTime                
0001a347  FHMGR_updateRadioBCChannel               
0001a39d  FHMGR_updateHopping                      
0001a3f3  FHMGR_pendBcChUpdate                     
0001a3f9  FHMGR_pendUcChUpdate                     
0001a3ff  FHMGR_updateRadioUCChannel               
0001a469  FHMGR_macCancelFHTimer                   
0001a4c3  FHMGR_macStartFHTimer                    
0001a50f  FHMGR_ucTimerIsrCb                       
0001a54b  FHMGR_bcTimerIsrCb                       
0001a5fd  FH_procEDFEReq                           
0001a603  FH_startEDFETimer                        
0001a605  FH_startEDFEReq                          
0001a60b  FHDATA_procASYNCReq                      
0001a6a9  FHDATA_requeuePkt                        
0001a6ef  FHDATA_purgePktFromQueue                 
0001a755  FHDATA_purgeUnSupportedFrameTypes        
0001a7c9  FHDATA_getPktFromQueue                   
0001a85b  FHDATA_checkPktFromQueue                 
0001a891  macBuildPayloadCoexistIe                 
0001a925  macBuildHeaderIes                        
0001a9eb  macBuildPayloadIes                       
0001ab09  FHNT_reset                               
0001ab25  FHNT_init                                
0001ab3d  FHNT_purgeEntry                          
0001abdb  FHNT_getEntry                            
0001aca7  FHNT_createEntry                         
0001ad3d  macPibIndex                              
0001ad5b  macMRFSKGetPhyDesc                       
0001ad7d  MAC_GetPHYParamReq                       
0001ad9b  MAC_MlmeGetReqSize                       
0001adaf  macPibReset                              
0001add1  MAC_MlmeSetReq                           
0001af01  MAC_MlmeGetReq                           
0001af69  macBeaconCheckSched                      
0001af87  macBeaconSetupCap                        
0001afe7  macBeaconReset                           
0001b003  macBeaconInit                            
0001b019  macBeaconSetSched                        
0001b0bb  macBeaconCheckTxTime                     
0001b121  macBeaconRequeue                         
0001b195  __aeabi_ldivmod                          
0001b3b3  __aeabi_idiv0                            
0001b3b5  macMcuBitReverse                         
0001b439  MAC_RandomByte                           
0001b439  macMcuRandomByte                         
0001b439  macRadioRandomByte                       
0001b443  macMcuOverflowSetCount                   
0001b45b  macMcuOverflowCapture                    
0001b46b  macMcuTimerCapture                       
0001b481  macMcuOverflowSetCompare                 
0001b4d7  macMcuOverflowSetPeriod                  
0001b531  macMcuRandomWord                         
0001b53b  macMcuInit                               
0001b5b5  __aeabi_uldivmod                         
0001b7a9  macParsePayloadIes                       
0001b855  macMlmeSubIePresent                      
0001b8bb  macIeFreeList                            
0001b8cf  macUpdateHeaderIEPtr                     
0001b93f  macUpdatePayloadIEPtr                    
0001b993  __aeabi_ldiv0                            
0001b995  FHDH1CF_hashword                         
0001b9d1  FHDH1CF_getCh                            
0001ba17  FHDH1CF_mapChIdxChannel                  
0001ba61  FHDH1CF_getChannelNum                    
0001ba9b  FHDH1CF_getBcCh                          
0001babd  FHDH1CF_getBCChannelNum                  
0001bb21  FHDH1CF_getTxChannelNum                  
0001bb49  macRxOnRequest                           
0001bb5b  macRxHardDisable                         
0001bb7d  macRxOn                                  
0001bbdb  macRxEnable                              
0001bbe7  macRxSoftEnable                          
0001bbff  macRxDisable                             
0001bc2f  macRxSoftDisable                         
0001bc4b  macRxOff                                 
0001bc51  macRxOffRequest                          
0001bc87  macRxOnOffInit                           
0001bcf5  FHPIB_getLen                             
0001bd13  FHPIB_reset                              
0001bd1f  FHPIB_set                                
0001bdfd  FHPIB_get                                
0001be55  osalTimerInit                            
0001be5d  osal_next_timeout                        
0001be7d  osalTimerUpdate                          
0001bfc7  osalInitTasks                            
0001bfe3  stack_main                               
0001c075  NOROM_CRYPTOAesEcb                       
0001c121  NOROM_CRYPTOAesLoadKey                   
0001c1cd  ssp_HW_KeyInit                           
0001c1d3  sspAesEncryptHW_keylocation              
0001c1f3  sspAesEncryptHW                          
0001c217  sspAesDecryptHW_keylocation              
0001c237  sspAesDecryptHW                          
0001c25b  HalAesInit                               
0001c29b  osal_pwrmgr_task_state                   
0001c303  osal_pwrmgr_init                         
0001c31d  __aeabi_memcpy                           
0001c31d  __aeabi_memcpy4                          
0001c31d  __aeabi_memcpy8                          
0001c31d  memcpy                                   
0001c3b9  macLowLevelYield                         
0001c3eb  macLowLevelBufferInit                    
0001c3f7  macLowLevelInit                          
0001c43d  __aeabi_memclr                           
0001c43d  __aeabi_memclr4                          
0001c43d  __aeabi_memclr8                          
0001c43f  __aeabi_memset                           
0001c43f  __aeabi_memset4                          
0001c43f  __aeabi_memset8                          
0001c445  memset                                   
0001c4b9  ChipInfo_GetHwRevision                   
0001c529  FSM_transaction_debug                    
0001c551  FHSM_event                               
0001c595  __TI_auto_init                           
0001c6a3  osalAdjustTimer                          
0001c6d5  sAddrExtCmp                              
0001c6f1  sAddrExtCpy                              
0001c6f7  sAddrCmp                                 
0001c723  sAddrCpy                                 
0001c739  macApiPwrOnReq                           
0001c73b  macPwrReset                              
0001c743  macPwrVote                               
0001c799  HalTRNG_InitTRNG                         
0001c7b5  HalTRNG_GetTRNG                          
0001c7f5  macCanSleep                              
0001c84d  ChipInfo_GetChipFamily                   
0001c899  osal_mem_free                            
0001c8d7  osal_mem_alloc                           
0001c8e5  copy_in                                  
0001c931  NOROM_CRYPTOAesEcbStatus                 
0001c971  __aeabi_uidiv                            
0001c971  __aeabi_uidivmod                         
0001c9b1  NOROM_TRNGConfigure                      
0001c9d5  memcmp                                   
0001c9f9  HAL_APPASRT_callAssrtHanlder             
0001ca05  HAL_APPASRT_register                     
0001ca19  __aeabi_lmul                             
0001ca31  strlen                                   
0001ca45  NOROM_TRNGNumberGet                      
0001ca55  __TI_decompress_none                     
0001ca63  __TI_zero_init                           
0001ca6f  NOROM_CPUdelay                           
0001ca75  __TI_decompress_rle24                    
0001cc3c  macMRFSKStdPhyTable                      
0001cdd0  FH_stateMatrix                           
0001cf60  macSendMsgDataSize                       
0001cf6c  macCbackEventTbl                         
0001cf78  macSendMsgBufSize                        
0001cf90  macStartingSt                            
0001cffa  macAssociatingSt                         
0001d064  macPollingSt                             
0001d24b  macTxFrameSuccess                        
0001d259  macTxFrameFailed                         
0001d268  macCmdIncludeFHIe                        
0001d2a0  macIdleSt                                
0001d30a  macScanningSt                            
0001d374  macTimerRolloverValue                    
0001d3b4  msacbackSizeTable                        
0001d3c8  macKeySourceLen                          
0001d3cc  macAuthTagLen                            
0001d3dc  fhSupFrameTypes                          
0001d3f4  tasksArr                                 
0001d3f8  tasksCnt                                 
0001d3fc  __c_args__                               
0001d408  __TI_static_base__                       
0001d620  __TI_Handler_Table_Base                  
0001d62c  __TI_Handler_Table_Limit                 
0001d638  __TI_CINIT_Base                          
0001d648  __TI_CINIT_Limit                         
20003e00  macRxFilter                              
20003e01  rxPromiscuousMode                        
20003e02  rxFhRsl                                  
20003e0a  macRxDataEntryOffset                     
20003e18  macRxDataEntryQueue                      
20003e20  rxRadioBuffer                            
20004024  macSecurityPib                           
2000415c  FHNT_hnd                                 
20004180  FHNT_table                               
20004260  macMRFSKGenPhyTable                      
20004290  macPib                                   
200043a0  FHPIB_db                                 
2000443c  macDevice                                
200044a0  macScanAction                            
20004514  macBeaconCoord                           
200045a8  macCoord                                 
200045dc  FH_hnd                                   
20004650  macBeaconDevice                          
20004684  ICall_enterCriticalSection               
20004688  ICall_leaveCriticalSection               
2000468c  ICall_dispatcher                         
20004690  cryptoDrvTblPtr                          
20004694  Crypto_handle                            
20004698  timerHead                                
200046a4  tasksEvents                              
200046a8  macPwr                                   
200046a9  macRxActive                              
200046aa  macRxEnableFlags                         
200046ab  macRxOutgoingAckFlag                     
200046ac  macSymbolTimerImpending                  
200046ad  macTxActive                              
200046b0  pMacDataTx                               
200046b4  macDataTxBeaconComplete                  
200046b8  macDataRxBeaconCritical                  
200046bc  macDataTxIndirect                        
200046c0  macDataRequeueIndirect                   
200046c4  macDataSetSched                          
200046c8  macDataCheckSched                        
200046cc  macDataCheckTxTime                       
200046d0  macDataBeaconRequeue                     
200046d4  macData                                  
200046e4  macDataTxDelay                           
200046f4  enhancedAckBuf                           
200047f0  RF_cmdRat                                
200047f8  RF_cmdNop                                
20004808  RF_cmdFs                                 
20004820  RF_cmdPropCs                             
2000483c  RF_cmdPropCsSlotted                      
20004858  RF_cmdPropTxAdv                          
20004878  RF_cmdPropRadioDivSetup                  
200048a0  RF_cmdPropRxAdv                          
200048d0  pOverridesPG20                           
2000492c  macTaskId                                
20004930  macMain                                  
2000493c  macStateTbl                              
20004950  macReset                                 
2000496c  macActionSet                             
20004990  pOverridesPG21                           
200049ec  g_ui32CurrentAesOp                       
200049f0  lastRatChanA                             
200049f1  lastRatChanB                             
200049f2  macRxCmdActive                           
200049f3  macTxCmdActive                           
200049f4  macFsCmdActive                           
200049f5  numRfCmd                                 
200049f8  rxCmdHandle                              
200049fa  fsCmdHandle                              
20004a00  lastPostCmd                              
20004a04  macSfdDetectCback                        
20004a0c  macTxTimestamp                           
20004a10  pMacRadioConfig                          
20004a14  rfDrvTblPtr                              
20004a18  pRfPropTable                             
20004a28  macRxOutput                              
20004a34  macFrmFilter                             
20004a48  FH_FSM                                   
20004a58  FHFSM_Dbg                                
20004ae4  AppTaskId                                
20004ae8  pMacCbackQueryRetransmit                 
20004aec  pMacCbackCheckPending                    
20004af0  macBeaconPayload                         
20004b24  macBeaconMargin                          
20004b44  macBeacon                                
20004b64  macPanCoordinator                        
20004b65  macMgmt                                  
20004b68  pFhObject                                
20004b6c  macMgmtAction2                           
20004b80  macMgmtAction1                           
20004ba0  txCmdHandle                              
20004ba4  pMacEnhancedAck                          
20004ba8  macRadioAckFrame                         
20004bb0  macAckTimer                              
20004bd0  macTxSlottedDelay                        
20004bd1  macTxSlottedDelayFactor                  
20004bd2  macTxType                                
20004bd3  macTxBe                                  
20004bd4  macTxCsmaBackoffDelay                    
20004bd5  macTxGpInterframeDelay                   
20004bec  macAckDbg                                
20004c01  osal_entity                              
20004c08  osal_qHead                               
20004c0c  osal_eventloop_hook                      
20004c10  osal_semaphore                           
20004c14  osal_last_timestamp                      
20004c18  osal_tickperiod                          
20004c1c  osal_max_msecs                           
20004c2c  macRadioYielded                          
20004c2d  bInSwi                                   
20004c30  macPhyChannel                            
20004c31  macUnitBackoffPeriod                     
20004c34  macPhyTxPower                            
20004c3c  RF_handle                                
20004c40  RF_params                                
20004c4c  macSpecUsecsPerSymbol                    
20004c50  macPrevPeriodRatCount                    
20004c54  macSymbolTimerRollover                   
20004c58  macSymbolTimerTrigger                    
20004c64  timerUnalignedQ                          
20004c68  timerAlignedQ                            
20004c7c  OSAL_timeSeconds                         
20004c88  pwrmgr_initialized                       
20004c8a  pwrmgr_attribute                         
20004f00  __stack                                  
20005000  __STACK_END                              
20005000  __STACK_TOP                              
ffffffff  __binit__                                
ffffffff  binit                                    
UNDEFED   SHT$$INIT_ARRAY$$Base                    
UNDEFED   SHT$$INIT_ARRAY$$Limit                   

[671 symbols]
