******************************************************************************
                  TI ARM Linker PC v5.2.6                      
******************************************************************************
>> Linked Mon Oct 03 18:17:33 2016

OUTPUT FILE NAME:   <sensor_cc13xx_lp.out>
ENTRY POINT SYMBOL: "ResetISR"  address: 0000bd6d


MEMORY CONFIGURATION

         name            origin    length      used     unused   attr    fill
----------------------  --------  ---------  --------  --------  ----  --------
  FLASH                 00000000   0000e000  0000d790  00000870  R  X
  FLASH_LAST            0001f000   00001000  00000058  00000fa8  R  X
  SRAM                  20000000   00003e00  0000271e  000016e2  RW X


SEGMENT ALLOCATION MAP

run origin  load origin   length   init length attrs members
----------  ----------- ---------- ----------- ----- -------
00000000    00000000    00000ea0   00000ea0    r--
  00000000    00000000    0000003c   0000003c    r-- .resetVecs
  0000003c    0000003c    000009fc   000009fc    r-- config_const
  00000a38    00000a38    00000468   00000468    r-- .cinit
00001000    00001000    0000c8fc   0000c8fc    r-x
  00001000    00001000    0000003c   0000003c    r-- .const:ti_sysbios_knl_Task_Object__PARAMS__C
  0000103c    0000103c    00000034   00000034    r-- .const:ti_sysbios_knl_Mailbox_Object__PARAMS__C
  00001070    00001070    00000030   00000030    r-- .const:ti_sysbios_family_arm_m3_Hwi_Object__PARAMS__C
  000010a0    000010a0    0000002c   0000002c    r-- .const:ti_sysbios_hal_Hwi_Object__PARAMS__C
  000010cc    000010cc    00000028   00000028    r-- .const:ti_sysbios_heaps_HeapMem_Module__FXNS__C
  000010f4    000010f4    00000028   00000028    r-- .const:ti_sysbios_knl_Swi_Object__PARAMS__C
  0000111c    0000111c    00000024   00000024    r-- .const:ti_sysbios_gates_GateHwi_Module__FXNS__C
  00001140    00001140    00000024   00000024    r-- .const:ti_sysbios_gates_GateMutex_Module__FXNS__C
  00001164    00001164    00000024   00000024    r-- .const:ti_sysbios_heaps_HeapMem_Object__PARAMS__C
  00001188    00001188    00000024   00000024    r-- .const:ti_sysbios_knl_Clock_Object__PARAMS__C
  000011ac    000011ac    00000024   00000024    r-- .const:ti_sysbios_knl_Semaphore_Object__PARAMS__C
  000011d0    000011d0    00000020   00000020    r-- .const:ti_sysbios_family_arm_m3_Hwi_Object__DESC__C
  000011f0    000011f0    00000020   00000020    r-- .const:ti_sysbios_gates_GateHwi_Object__DESC__C
  00001210    00001210    00000020   00000020    r-- .const:ti_sysbios_gates_GateMutex_Object__DESC__C
  00001230    00001230    00000020   00000020    r-- .const:ti_sysbios_hal_Hwi_Object__DESC__C
  00001250    00001250    00000020   00000020    r-- .const:ti_sysbios_heaps_HeapMem_Object__DESC__C
  00001270    00001270    00000020   00000020    r-- .const:ti_sysbios_knl_Clock_Object__DESC__C
  00001290    00001290    00000020   00000020    r-- .const:ti_sysbios_knl_Mailbox_Object__DESC__C
  000012b0    000012b0    00000020   00000020    r-- .const:ti_sysbios_knl_Queue_Object__DESC__C
  000012d0    000012d0    00000020   00000020    r-- .const:ti_sysbios_knl_Semaphore_Object__DESC__C
  000012f0    000012f0    00000020   00000020    r-- .const:ti_sysbios_knl_Swi_Object__DESC__C
  00001310    00001310    00000020   00000020    r-- .const:ti_sysbios_knl_Task_Object__DESC__C
  00001330    00001330    00000018   00000018    r-- .const:ti_sysbios_gates_GateHwi_Object__PARAMS__C
  00001348    00001348    00000018   00000018    r-- .const:ti_sysbios_gates_GateMutex_Object__PARAMS__C
  00001360    00001360    00000018   00000018    r-- .const:ti_sysbios_knl_Queue_Object__PARAMS__C
  00001378    00001378    00000008   00000008    r-- .const:ti_sysbios_knl_Idle_funcList__C
  00001384    00001384    00000004   00000004    r-- .const:ti_sysbios_family_arm_cc26xx_Timer_startupNeeded__C
  00001388    00001388    00000004   00000004    r-- .const:ti_sysbios_family_arm_m3_Hwi_E_alreadyDefined__C
  0000138c    0000138c    00000004   00000004    r-- .const:ti_sysbios_family_arm_m3_Hwi_E_hwiLimitExceeded__C
  00001390    00001390    00000004   00000004    r-- .const:ti_sysbios_family_arm_m3_Hwi_NUM_INTERRUPTS__C
  00001394    00001394    00000004   00000004    r-- .const:ti_sysbios_family_arm_m3_Hwi_Object__count__C
  00001398    00001398    00000004   00000004    r-- .const:ti_sysbios_family_arm_m3_Hwi_Object__table__C
  0000139c    0000139c    00000004   00000004    r-- .const:ti_sysbios_family_arm_m3_Hwi_ccr__C
  000013a0    000013a0    00000004   00000004    r-- .const:ti_sysbios_family_arm_m3_Hwi_excHandlerFunc__C
  000013a4    000013a4    00000004   00000004    r-- .const:ti_sysbios_family_arm_m3_Hwi_nullIsrFunc__C
  000013a8    000013a8    00000004   00000004    r-- .const:ti_sysbios_family_arm_m3_Hwi_numSparseInterrupts__C
  000013ac    000013ac    00000004   00000004    r-- .const:ti_sysbios_family_arm_m3_Hwi_priGroup__C
  000013b0    000013b0    00000004   00000004    r-- .const:ti_sysbios_family_arm_m3_TaskSupport_stackAlignment__C
  000013b4    000013b4    00000004   00000004    r-- .const:ti_sysbios_heaps_HeapMem_E_memory__C
  000013b8    000013b8    00000004   00000004    r-- .const:ti_sysbios_heaps_HeapMem_Module__gateObj__C
  000013bc    000013bc    00000004   00000004    r-- .const:ti_sysbios_heaps_HeapMem_Object__count__C
  000013c0    000013c0    00000004   00000004    r-- .const:ti_sysbios_heaps_HeapMem_Object__table__C
  000013c4    000013c4    00000004   00000004    r-- .const:ti_sysbios_heaps_HeapMem_reqAlign__C
  000013c8    000013c8    00000004   00000004    r-- .const:ti_sysbios_knl_Clock_serviceMargin__C
  000013cc    000013cc    00000004   00000004    r-- .const:ti_sysbios_knl_Mailbox_Object__count__C
  000013d0    000013d0    00000004   00000004    r-- .const:ti_sysbios_knl_Mailbox_Object__table__C
  000013d4    000013d4    00000004   00000004    r-- .const:ti_sysbios_knl_Mailbox_maxTypeAlign__C
  000013d8    000013d8    00000004   00000004    r-- .const:ti_sysbios_knl_Queue_Object__count__C
  000013dc    000013dc    00000004   00000004    r-- .const:ti_sysbios_knl_Queue_Object__table__C
  000013e0    000013e0    00000004   00000004    r-- .const:ti_sysbios_knl_Swi_Object__count__C
  000013e4    000013e4    00000004   00000004    r-- .const:ti_sysbios_knl_Swi_Object__table__C
  000013e8    000013e8    00000004   00000004    r-- .const:ti_sysbios_knl_Swi_numPriorities__C
  000013ec    000013ec    00000004   00000004    r-- .const:ti_sysbios_knl_Task_Object__count__C
  000013f0    000013f0    00000004   00000004    r-- .const:ti_sysbios_knl_Task_Object__table__C
  000013f4    000013f4    00000004   00000004    r-- .const:ti_sysbios_knl_Task_allBlockedFunc__C
  000013f8    000013f8    00000004   00000004    r-- .const:ti_sysbios_knl_Task_defaultStackHeap__C
  000013fc    000013fc    00000004   00000004    r-- .const:ti_sysbios_knl_Task_defaultStackSize__C
  00001400    00001400    00000004   00000004    r-- .const:ti_sysbios_knl_Task_numConstructedTasks__C
  00001406    00001406    00000002   00000002    r-- .const:ti_sysbios_family_arm_cc26xx_Timer_Module__id__C
  00001408    00001408    00000002   00000002    r-- .const:ti_sysbios_family_arm_cc26xx_TimestampProvider_useClockTimer__C
  0000140a    0000140a    00000002   00000002    r-- .const:ti_sysbios_family_arm_m3_Hwi_Module__id__C
  0000140c    0000140c    00000002   00000002    r-- .const:ti_sysbios_gates_GateHwi_Module__id__C
  0000140e    0000140e    00000002   00000002    r-- .const:ti_sysbios_gates_GateMutex_Module__id__C
  00001410    00001410    00000002   00000002    r-- .const:ti_sysbios_heaps_HeapMem_Module__id__C
  00001412    00001412    00000002   00000002    r-- .const:ti_sysbios_knl_Task_initStackFlag__C
  00001414    00001414    00000001   00000001    r-- .const:ti_sysbios_knl_Clock_tickMode__C
  00001418    00001418    00000008   00000008    r-- .const:xdc_runtime_Startup_firstFxns__C
  00001420    00001420    00000008   00000008    r-- .const:xdc_runtime_Startup_lastFxns__C
  00001428    00001428    00000004   00000004    r-- .const:xdc_runtime_Assert_E_assertFailed__C
  0000142c    0000142c    00000004   00000004    r-- .const:xdc_runtime_Error_E_memory__C
  00001430    00001430    00000004   00000004    r-- .const:xdc_runtime_Error_policyFxn__C
  00001434    00001434    00000004   00000004    r-- .const:xdc_runtime_IGateProvider_Interface__BASE__C
  00001438    00001438    00000004   00000004    r-- .const:xdc_runtime_IHeap_Interface__BASE__C
  0000143c    0000143c    00000004   00000004    r-- .const:xdc_runtime_IModule_Interface__BASE__C
  00001440    00001440    00000004   00000004    r-- .const:xdc_runtime_Main_Module__diagsEnabled__C
  00001444    00001444    00000004   00000004    r-- .const:xdc_runtime_Main_Module__diagsIncluded__C
  00001448    00001448    00000004   00000004    r-- .const:xdc_runtime_Main_Module__diagsMask__C
  0000144c    0000144c    00000004   00000004    r-- .const:xdc_runtime_Memory_defaultHeapInstance__C
  00001450    00001450    00000004   00000004    r-- .const:xdc_runtime_Startup_execImpl__C
  00001454    00001454    00000004   00000004    r-- .const:xdc_runtime_Startup_maxPasses__C
  00001458    00001458    00000004   00000004    r-- .const:xdc_runtime_Startup_sfxnRts__C
  0000145c    0000145c    00000004   00000004    r-- .const:xdc_runtime_Startup_sfxnTab__C
  00001460    00001460    00000004   00000004    r-- .const:xdc_runtime_Startup_startModsFxn__C
  00001464    00001464    00000004   00000004    r-- .const:xdc_runtime_SysCallback_abortFxn__C
  00001468    00001468    00000004   00000004    r-- .const:xdc_runtime_SysCallback_exitFxn__C
  0000146c    0000146c    00000004   00000004    r-- .const:xdc_runtime_System_abortFxn__C
  00001470    00001470    00000004   00000004    r-- .const:xdc_runtime_System_exitFxn__C
  00001474    00001474    00000004   00000004    r-- .const:xdc_runtime_System_maxAtexitHandlers__C
  00001478    00001478    00000004   00000004    r-- .const:xdc_runtime_Text_charTab__C
  0000147c    0000147c    00000004   00000004    r-- .const:xdc_runtime_Text_nameEmpty__C
  00001480    00001480    00000004   00000004    r-- .const:xdc_runtime_Text_nameStatic__C
  00001484    00001484    00000004   00000004    r-- .const:xdc_runtime_Text_nameUnknown__C
  00001488    00001488    00000002   00000002    r-- .const:xdc_runtime_Main_Module__id__C
  0000148a    0000148a    00000002   00000002    r-- .const:xdc_runtime_Memory_Module__id__C
  0000148c    0000148c    00000002   00000002    r-- .const:xdc_runtime_Text_charCnt__C
  0000148e    0000148e    00000002   00000002    r-- .const:xdc_runtime_Text_isLoaded__C
  00001490    00001490    00000001   00000001    r-- .const:xdc_runtime_Error_policy__C
  00001494    00001494    00000004   00000004    r-- .const:ti_sysbios_rom_ROM_AONRTCChannelEnable
  00001498    00001498    00000004   00000004    r-- .const:ti_sysbios_rom_ROM_AONRTCCompareValueSet
  0000149c    0000149c    00000004   00000004    r-- .const:ti_sysbios_rom_ROM_AONRTCCurrentCompareValueGet
  000014a0    000014a0    00000004   00000004    r-- .const:ti_sysbios_rom_ROM_AONRTCEventClear
  000014a4    000014a4    00000004   00000004    r-- .const:ti_sysbios_rom_ROM_ti_sysbios_family_arm_cc26xx_Timer_getCount64__E
  000014a8    000014a8    00000004   00000004    r-- .const:ti_sysbios_rom_ROM_ti_sysbios_family_arm_cc26xx_Timer_getCurrentTick__E
  000014ac    000014ac    00000004   00000004    r-- .const:ti_sysbios_rom_ROM_ti_sysbios_family_arm_cc26xx_Timer_getMaxTicks__E
  000014b0    000014b0    00000004   00000004    r-- .const:ti_sysbios_rom_ROM_ti_sysbios_family_arm_cc26xx_Timer_initDevice__I
  000014b4    000014b4    00000004   00000004    r-- .const:ti_sysbios_rom_ROM_ti_sysbios_family_arm_cc26xx_Timer_setNextTick__E
  000014b8    000014b8    00000004   00000004    r-- .const:ti_sysbios_rom_ROM_ti_sysbios_family_arm_cc26xx_Timer_setThreshold__I
  000014bc    000014bc    00000004   00000004    r-- .const:ti_sysbios_rom_ROM_ti_sysbios_family_arm_cc26xx_Timer_start__E
  000014c0    000014c0    00000004   00000004    r-- .const:ti_sysbios_rom_ROM_ti_sysbios_family_arm_cc26xx_TimestampProvider_get32__E
  000014c4    000014c4    00000004   00000004    r-- .const:ti_sysbios_rom_ROM_xdc_runtime_Startup_getState__I
  000014c8    000014c8    00000004   00000004    r-- .const:ti_sysbios_rom_ROM_xdc_runtime_System_SupportProxy_abort__E
  000014cc    000014cc    00000004   00000004    r-- .const:ti_sysbios_rom_ROM_xdc_runtime_System_SupportProxy_exit__E
  000014d0    000014d0    00000004   00000004    r-- .const:ti_sysbios_gates_GateMutex_Instance_State_sem__O
  000014d4    000014d4    00000004   00000004    r-- .const:ti_sysbios_knl_Clock_Module_State_clockQ__O
  000014d8    000014d8    00000004   00000004    r-- .const:ti_sysbios_knl_Mailbox_Instance_State_dataQue__O
  000014dc    000014dc    00000004   00000004    r-- .const:ti_sysbios_knl_Mailbox_Instance_State_dataSem__O
  000014e0    000014e0    00000004   00000004    r-- .const:ti_sysbios_knl_Mailbox_Instance_State_freeQue__O
  000014e4    000014e4    00000004   00000004    r-- .const:ti_sysbios_knl_Mailbox_Instance_State_freeSem__O
  000014e8    000014e8    00000004   00000004    r-- .const:ti_sysbios_knl_Semaphore_Instance_State_pendQ__O
  000014ec    000014ec    00000004   00000004    r-- .const:ti_sysbios_knl_Task_Module_State_inactiveQ__O
  000014f0    000014f0    0000bc7c   0000bc7c    r-x .text
  0000d16c    0000d16c    00000790   00000790    r-- .const
0001ffa8    0001ffa8    00000058   00000058    r--
  0001ffa8    0001ffa8    00000058   00000058    r-- .ccfg
20000000    20000000    000000c8   00000000    rw-
  20000000    20000000    000000c8   00000000    rw- .vecs
20000100    20000100    00000104   00000000    rw-
  20000100    20000100    00000044   00000000    rw- .data:ti_sysbios_knl_Task_Module__state__V
  20000144    20000144    00000034   00000000    rw- .data:ti_sysbios_family_arm_m3_Hwi_Module__state__V
  20000178    20000178    0000002c   00000000    rw- .data:ti_sysbios_knl_Clock_Module__state__V
  200001a4    200001a4    00000024   00000000    rw- .data:ti_sysbios_BIOS_Module__state__V
  200001c8    200001c8    0000001c   00000000    rw- .data:ti_sysbios_knl_Swi_Module__state__V
  200001e4    200001e4    00000008   00000000    rw- .data:ti_sysbios_family_arm_cc26xx_Timer_Module__state__V
  200001ec    200001ec    00000004   00000000    rw- .data:ti_sysbios_family_arm_cc26xx_TimestampProvider_Module__state__V
  200001f0    200001f0    00000008   00000000    rw- .data:xdc_runtime_Startup_Module__state__V
  200001f8    200001f8    00000008   00000000    rw- .data:xdc_runtime_System_Module__state__V
  20000200    20000200    00000004   00000000    rw- .data:xdc_runtime_Memory_Module__state__V
20000430    20000430    00000010   00000000    rw-
  20000430    20000430    00000010   00000000    rw- .TI.bound:dmaRxControlTableEntry0
20000440    20000440    00000010   00000000    rw-
  20000440    20000440    00000010   00000000    rw- .TI.bound:dmaTxControlTableEntry0
20000500    20000500    00000010   00000000    rw-
  20000500    20000500    00000010   00000000    rw- .TI.bound:dmaRxControlTableEntry1
20000510    20000510    00002022   00000000    rw-
  20000510    20000510    00000010   00000000    rw- .TI.bound:dmaTxControlTableEntry1
  20000520    20000520    00000b6c   00000000    rw- .data
  20001090    20001090    000014a2   00000000    rw- .bss
20003900    20003900    00000500   00000000    rw-
  20003900    20003900    00000500   00000000    rw- .stack


SECTION ALLOCATION MAP

 output                                  attributes/
section   page    origin      length       input sections
--------  ----  ----------  ----------   ----------------
config_const 
*          0    0000003c    000009fc     
                  0000003c    00000958     mac_user_config.obj (.const)
                  00000994    0000004c     mac_user_config.obj (.const:rfDriverTable)
                  000009e0    0000002d     mac_user_config.obj (.const:txPowerTable)
                  00000a0d    00000003     --HOLE-- [fill = 0]
                  00000a10    00000028     mac_user_config.obj (.const:cryptoDriverTable)

.cinit     0    00000a38    00000468     
                  00000a38    0000028e     (.cinit..data.load) [load image, compression = rle]
                  00000cc6    00000002     --HOLE-- [fill = 0]
                  00000cc8    0000002c     (.cinit..data:ti_sysbios_family_arm_m3_Hwi_Module__state__V.load) [load image, compression = rle]
                  00000cf4    00000004     --HOLE-- [fill = 0]
                  00000cf8    0000002c     (.cinit..data:ti_sysbios_knl_Task_Module__state__V.load) [load image, compression = rle]
                  00000d24    00000004     --HOLE-- [fill = 0]
                  00000d28    00000021     (.cinit..data:ti_sysbios_knl_Clock_Module__state__V.load) [load image, compression = rle]
                  00000d49    00000007     --HOLE-- [fill = 0]
                  00000d50    0000001f     (.cinit..data:ti_sysbios_BIOS_Module__state__V.load) [load image, compression = rle]
                  00000d6f    00000001     --HOLE-- [fill = 0]
                  00000d70    00000011     (.cinit..data:ti_sysbios_knl_Swi_Module__state__V.load) [load image, compression = rle]
                  00000d81    00000007     --HOLE-- [fill = 0]
                  00000d88    0000000d     (.cinit..data:ti_sysbios_family_arm_cc26xx_Timer_Module__state__V.load) [load image, compression = rle]
                  00000d95    00000003     --HOLE-- [fill = 0]
                  00000d98    0000000c     (__TI_handler_table)
                  00000da4    00000004     --HOLE-- [fill = 0]
                  00000da8    0000000a     (.cinit..data:xdc_runtime_Memory_Module__state__V.load) [load image, compression = rle]
                  00000db2    00000006     --HOLE-- [fill = 0]
                  00000db8    00000009     (.cinit..data:ti_sysbios_family_arm_cc26xx_TimestampProvider_Module__state__V.load) [load image, compression = rle]
                  00000dc1    00000007     --HOLE-- [fill = 0]
                  00000dc8    00000009     (.cinit..data:xdc_runtime_Startup_Module__state__V.load) [load image, compression = rle]
                  00000dd1    00000007     --HOLE-- [fill = 0]
                  00000dd8    00000009     (.cinit..data:xdc_runtime_System_Module__state__V.load) [load image, compression = rle]
                  00000de1    00000007     --HOLE-- [fill = 0]
                  00000de8    00000008     (.cinit..TI.bound:dmaRxControlTableEntry0.load) [load image, compression = zero_init]
                  00000df0    00000008     (.cinit..TI.bound:dmaRxControlTableEntry1.load) [load image, compression = zero_init]
                  00000df8    00000008     (.cinit..TI.bound:dmaTxControlTableEntry0.load) [load image, compression = zero_init]
                  00000e00    00000008     (.cinit..TI.bound:dmaTxControlTableEntry1.load) [load image, compression = zero_init]
                  00000e08    00000008     (.cinit..bss.load) [load image, compression = zero_init]
                  00000e10    00000008     (.cinit..vecs.load) [load image, compression = zero_init]
                  00000e18    00000088     (__TI_cinit_table)

.text      0    000014f0    0000bc7c     
                  000014f0    00001014     api_mac.obj (.text)
                  00002504    00000d14     jdllc.obj (.text)
                  00003218    00000ca8     nvoctp.obj (.text)
                  00003ec0    000009e0     icall.obj (.text)
                  000048a0    00000884     ssf.obj (.text)
                  00005124    000006b8     sensor.obj (.text)
                  000057dc    00000410     driverlib.lib : setup.obj (.text:HapiTrimDeviceShutDown$39)
                  00005bec    00000338     rom_sysbios.aem3 : rom_sysbios.obj (.text:xdc_runtime_System_doPrint__I)
                  00005f24    0000031c     drivers_cc13xxware.aem3 : RF.oem3 (.text:fsmActiveState)
                  00006240    000002e8     grlib.aem3 : string.oem3 (.text:GrStringDraw)
                  00006528    00000228     drivers_cc13xxware.aem3 : PowerCC26XX.oem3 (.text:Power_sleep)
                  00006750    00000228     driverlib.lib : sys_ctrl.obj (.text:SysCtrlSetRechargeBeforePowerDown)
                  00006978    00000204     drivers_cc13xxware.aem3 : RF.oem3 (.text:abortCmd)
                  00006b7c    000001f4     rtsv7M3_T_le_eabi.lib : ull_div_t2.obj (.text)
                  00006d70    000001ec     drivers_cc13xxware.aem3 : PowerCC26XX_calibrateRCOSC.oem3 (.text:calibrateRcoscHf1)
                  00006f5c    000001ec     icall_cc2650.obj (.text)
                  00007148    000001e0     drivers_cc13xxware.aem3 : PINCC26XX.oem3 (.text:PIN_init)
                  00007328    000001e0                             : RF.oem3 (.text:RF_postCmd)
                  00007508    0000019c     board_led.obj (.text)
                  000076a4    00000198     drivers_cc13xxware.aem3 : PowerCC26XX_calibrateRCOSC.oem3 (.text:PowerCC26XX_doCalibrate)
                  0000783c    00000188     driverlib.lib : crypto.obj (.text:NOROM_CRYPTOCcmInvAuthDecrypt)
                  000079c4    00000184                   : crypto.obj (.text:NOROM_CRYPTOCcmAuthEncrypt)
                  00007b48    00000164     drivers_cc13xxware.aem3 : CryptoCC26XX.oem3 (.text:CryptoCC26XX_transact)
                  00007cac    00000164                             : CryptoCC26XX.oem3 (.text:CryptoCC26XX_transactPolling)
                  00007e10    00000160                             : SPICC26XXDMA.oem3 (.text:SPICC26XXDMA_initIO)
                  00007f70    00000148                             : SPICC26XXDMA.oem3 (.text:SPICC26XXDMA_open)
                  000080b8    00000140     display.aem3 : DisplaySharp.oem3 (.text:DisplaySharp_open)
                  000081f8    00000134     drivers_cc13xxware.aem3 : RF.oem3 (.text:rf_init)
                  0000832c    00000128                             : PowerCC26XX.oem3 (.text:Power_init)
                  00008454    00000128                             : RF.oem3 (.text:fsmSetupState)
                  0000857c    00000118                             : RF.oem3 (.text:hwiFxnCpe0Active)
                  00008694    00000114     main.obj (.text)
                  000087a8    0000010a     util.obj (.text)
                  000088b2    00000002     drivers_cc13xxware.aem3 : SPICC26XXDMA.oem3 (.text:SPICC26XXDMA_serviceISR)
                  000088b4    00000100     lcd.aem3 : SharpGrLib.oem3 (.text:SharpGrLib_flush)
                  000089b4    000000f8     drivers_cc13xxware.aem3 : CryptoCC26XX.oem3 (.text:CryptoCC26XX_open)
                  00008aac    000000f8                             : RF.oem3 (.text:RF_close)
                  00008ba4    000000f8     app_pem3.oem3 (.text:xdc_runtime_System_printfExtend__I)
                  00008c9c    000000ec     drivers_cc13xxware.aem3 : SPICC26XXDMA.oem3 (.text:SPICC26XXDMA_transferCancel)
                  00008d88    000000e6     lcd.aem3 : SharpGrLib.oem3 (.text:SharpGrLib_rectFill)
                  00008e6e    00000002     drivers_cc13xxware.aem3 : PowerCC26XX.oem3 (.text:emptyClockFunc)
                  00008e70    000000e4     board_lcd.obj (.text)
                  00008f54    000000e0     display.aem3 : DisplaySharp.oem3 (.text:DisplaySharp_put5)
                  00009034    000000d8     driverlib.lib : rfc.obj (.text:NOROM_RFCRTrim)
                  0000910c    000000d4                   : rfc.obj (.text:NOROM_RFCRfTrimRead)
                  000091e0    000000d4     drivers_cc13xxware.aem3 : PowerCC26XX.oem3 (.text:Power_releaseDependency)
                  000092b4    000000d4                             : SPICC26XXDMA.oem3 (.text:SPICC26XXDMA_configDMA)
                  00009388    000000d4     mac_user_config.obj (.text)
                  0000945c    000000d0     display.aem3 : DisplaySharp.oem3 (.text:DisplaySharp_control)
                  0000952c    000000d0     drivers_cc13xxware.aem3 : PowerCC26XX.oem3 (.text:Power_setDependency)
                  000095fc    000000c4                             : SPICC26XXDMA.oem3 (.text:SPICC26XXDMA_transfer)
                  000096c0    000000c4                             : RF.oem3 (.text:fsmPowerUpState)
                  00009784    000000bc     power_cc13xx_tirtos.aem3 : PowerCC26XX_tirtos.oem3 (.text:PowerCC26XX_standbyPolicy)
                  00009840    000000bc     drivers_cc13xxware.aem3 : RF.oem3 (.text:RF_open)
                  000098fc    000000bc                             : RF.oem3 (.text:RF_pendCmd)
                  000099b8    000000bc     lcd.aem3 : SharpGrLib.oem3 (.text:SharpGrLib_clearScreen)
                  00009a74    000000b8     drivers_cc13xxware.aem3 : PINCC26XX.oem3 (.text:PINCC26XX_setIoCfg)
                  00009b2c    000000ac     driverlib.lib : crypto.obj (.text:NOROM_CRYPTOAesEcb)
                  00009bd8    000000ac                   : crypto.obj (.text:NOROM_CRYPTOAesLoadKey)
                  00009c84    000000ac     drivers_cc13xxware.aem3 : RF.oem3 (.text:swiFxnHw)
                  00009d30    000000aa     lcd.aem3 : SharpGrLib.oem3 (.text:SharpGrLib_lineDrawH)
                  00009dda    00000002     rtsv7M3_T_le_eabi.lib : i_div0.obj (.text)
                  00009ddc    000000a8     drivers_cc13xxware.aem3 : RF.oem3 (.text:RF_ratCapture)
                  00009e84    000000a4     board_key.obj (.text)
                  00009f28    000000a2     drivers_cc13xxware.aem3 : SPICC26XXDMA.oem3 (.text:SPICC26XXDMA_hwiFxn)
                  00009fca    00000002     app_pem3.oem3 (.text:ti_sysbios_BIOS_nullFunc__I)
                  00009fcc    00000008     (.tramp.ti_sysbios_knl_Swi_post__E.1)
                  00009fd4    000000a0     auto_init.aem3 : auto_init.oem3 (.text)
                  0000a074    000000a0     driverlib.lib : setup.obj (.text:trimDevice)
                  0000a114    0000009c     drivers_cc13xxware.aem3 : SPICC26XXDMA.oem3 (.text:SPICC26XXDMA_control)
                  0000a1b0    0000009c     rtsv7M3_T_le_eabi.lib : memcpy_t2.obj (.text)
                  0000a24c    0000009a     rom_sysbios.aem3 : rom_sysbios.obj (.text:xdc_runtime_Text_putSite__E)
                  0000a2e6    00000002                      : rom_sysbios.obj (.text:ti_sysbios_knl_Clock_triggerFunc__I)
                  0000a2e8    00000098                      : rom_sysbios.obj (.text:ti_sysbios_knl_Clock_workFuncDynamic__E)
                  0000a380    00000008     (.tramp.ti_sysbios_knl_Clock_TimerProxy_getCurrentTick__E.1)
                  0000a388    00000008     (.tramp.ti_sysbios_knl_Clock_walkQueueDynamic__E.1)
                  0000a390    00000008     (.tramp.ti_sysbios_knl_Clock_scheduleNextTick__E.1)
                  0000a398    00000094     drivers_cc13xxware.aem3 : PINCC26XX.oem3 (.text:PIN_open)
                  0000a42c    00000094     rom_sysbios.aem3 : rom_sysbios.obj (.text:xdc_runtime_Text_putMod__E)
                  0000a4c0    00000090     drivers_cc13xxware.aem3 : PowerCC26XX.oem3 (.text:switchXOSCHFclockFunc)
                  0000a550    0000008c                             : PowerCC26XX.oem3 (.text:disableLFClockQualifiers)
                  0000a5dc    00000088     grlib.aem3 : rectangle.oem3 (.text:GrRectFill)
                  0000a664    00000088     driverlib.lib : osc.obj (.text:OSCHF_GetStartupTime)
                  0000a6ec    00000088     drivers_cc13xxware.aem3 : PowerCC26XX_calibrateRCOSC.oem3 (.text:calibrateRcoscHf2)
                  0000a774    00000086                             : CryptoCC26XX.oem3 (.text:CryptoCC26XX_allocateKey)
                  0000a7fa    00000002     app_pem3.oem3 (.text:ti_sysbios_rom_cortexm_cc13xx_CC13xx_badRomRevision__E)
                  0000a7fc    00000084     driverlib.lib : crypto.obj (.text:NOROM_CRYPTOCcmInvAuthDecryptResultGet)
                  0000a880    00000084     drivers_cc13xxware.aem3 : RF.oem3 (.text:RF_ratDisableChannel)
                  0000a904    0000007c                             : RF.oem3 (.text:RF_yield)
                  0000a980    0000007a     rtsv7M3_T_le_eabi.lib : memset_t2.obj (.text)
                  0000a9fa    00000002     rom_sysbios.aem3 : rom_sysbios.obj (.text:xdc_runtime_SysCallback_defaultAbort)
                  0000a9fc    00000074     drivers_cc13xxware.aem3 : PowerCC26XX_calibrateRCOSC.oem3 (.text:PowerCC26XX_auxISR)
                  0000aa70    00000074                             : RF.oem3 (.text:fsmPowerDownState)
                  0000aae4    00000070     driverlib.lib : chipinfo.obj (.text:ChipInfo_GetHwRevision)
                  0000ab54    00000070                   : setup.obj (.text:SetVddrLevel)
                  0000abc4    0000006d     rom_sysbios.aem3 : rom_sysbios.obj (.text:xdc_runtime_System_formatNum__I)
                  0000ac31    00000001     --HOLE-- [fill = 0]
                  0000ac32    00000002                      : rom_sysbios.obj (.text:xdc_runtime_SysCallback_defaultExit)
                  0000ac34    0000006c     drivers_cc13xxware.aem3 : PINCC26XX.oem3 (.text:PIN_add)
                  0000aca0    0000006c                             : PowerCC26XX.oem3 (.text:PowerCC26XX_calibrate)
                  0000ad0c    0000006a     rtsv7M3_T_le_eabi.lib : copy_decompress_rle.obj (.text)
                  0000ad76    00000002     rom_sysbios.aem3 : rom_sysbios.obj (.text:xdc_runtime_SysCallback_defaultPutch)
                  0000ad78    00000068     driverlib.lib : setup.obj (.text:GetTrimForAmpcompCtrl$39)
                  0000ade0    00000068                   : setup.obj (.text:GetTrimForAnabypassValue1$39)
                  0000ae48    00000068     drivers_cc13xxware.aem3 : RF.oem3 (.text:RF_getCurrentTime)
                  0000aeb0    00000068                             : RF.oem3 (.text:RF_getInfo)
                  0000af18    00000068     driverlib.lib : sys_ctrl.obj (.text:SysCtrl_DCDC_VoltageConditionalControl)
                  0000af80    00000068     timer.obj (.text)
                  0000afe8    00000064     driverlib.lib : osc.obj (.text:OSCHF_AttemptToSwitchToXosc)
                  0000b04c    00000064     drivers_cc13xxware.aem3 : RF.oem3 (.text:RF_ratCompare)
                  0000b0b0    00000064                             : RF.oem3 (.text:decActiveClientCnt)
                  0000b114    00000064     rom_sysbios.aem3 : rom_sysbios.obj (.text:ti_sysbios_family_arm_cc26xx_Timer_start__E)
                  0000b178    00000060     display.aem3 : DisplaySharp.oem3 (.text:DisplaySharp_clearLines)
                  0000b1d8    00000060     driverlib.lib : osc.obj (.text:NOROM_OSCClockSourceSet)
                  0000b238    00000060     drivers_cc13xxware.aem3 : SPICC26XXDMA.oem3 (.text:SPICC26XXDMA_initHw)
                  0000b298    00000008     (.tramp.ti_sysbios_BIOS_getCpuFreq__E.1)
                  0000b2a0    00000060                             : PowerCC26XX_calibrateRCOSC.oem3 (.text:updateSubSecInc)
                  0000b300    0000005e     rtsv7M3_T_le_eabi.lib : i_divt2.obj (.text)
                  0000b35e    00000002     --HOLE-- [fill = 0]
                  0000b360    0000005c     drivers_cc13xxware.aem3 : PINCC26XX.oem3 (.text:PIN_remove)
                  0000b3bc    0000005c                             : PowerCC26XX_calibrateRCOSC.oem3 (.text:PowerCC26XX_RCOSC_clockFunc)
                  0000b418    0000005c     driverlib.lib : sys_ctrl.obj (.text:SysCtrlAdjustRechargeAfterPowerDown)
                  0000b474    0000005c     drivers_cc13xxware.aem3 : UDMACC26XX.oem3 (.text:UDMACC26XX_open)
                  0000b4d0    0000005c                             : RF.oem3 (.text:fsmPatchState)
                  0000b52c    0000005c     app_pem3.oem3 (.text:xdc_runtime_Startup_getState__I)
                  0000b588    0000005b     rom_sysbios.aem3 : rom_sysbios.obj (.text:xdc_runtime_Text_putLab__E)
                  0000b5e3    00000001     --HOLE-- [fill = 0]
                  0000b5e4    0000005a     drivers_cc13xxware.aem3 : SPICC26XXDMA.oem3 (.text:SPICC26XXDMA_close)
                  0000b63e    00000002     --HOLE-- [fill = 0]
                  0000b640    00000058     driverlib.lib : crypto.obj (.text:NOROM_CRYPTOCcmAuthEncryptResultGet)
                  0000b698    00000058     drivers_cc13xxware.aem3 : PowerCC26XX_calibrateRCOSC.oem3 (.text:PowerCC26XX_initiateCalibration)
                  0000b6f0    00000058     lcd.aem3 : SharpGrLib.oem3 (.text:SharpGrLib_lineDrawV)
                  0000b748    00000058     drivers_cc13xxware.aem3 : RF.oem3 (.text:ratChanFree)
                  0000b7a0    00000056                             : CryptoCC26XX.oem3 (.text:CryptoCC26XX_close)
                  0000b7f6    00000002     --HOLE-- [fill = 0]
                  0000b7f8    00000054                             : PowerCC26XX.oem3 (.text:configureXOSCHF)
                  0000b84c    00000054                             : RF.oem3 (.text:dispatchOpWhen)
                  0000b8a0    00000054                             : RF.oem3 (.text:fsmXOSCState)
                  0000b8f4    00000054                             : RF.oem3 (.text:hwiFxnHw)
                  0000b948    00000052                             : SPICC26XXDMA.oem3 (.text:SPICC26XXDMA_swiFxn)
                  0000b99a    00000002     --HOLE-- [fill = 0]
                  0000b99c    00000050     driverlib.lib : setup.obj (.text:SetupCacheModeAccordingToCcfgSetting$39)
                  0000b9ec    00000050     drivers_cc13xxware.aem3 : RF.oem3 (.text:ratChanAlloc)
                  0000ba3c    00000050                             : RF.oem3 (.text:syncCb)
                  0000ba8c    0000004e     grlib.aem3 : line.oem3 (.text:GrLineDrawH)
                  0000bada    00000002     --HOLE-- [fill = 0]
                  0000badc    0000004c     rtsv7M3_T_le_eabi.lib : cpy_tbl.obj (.text)
                  0000bb28    0000004a     display.aem3 : DisplaySharp.oem3 (.text:DisplaySharp_close)
                  0000bb72    0000004a     lcd.aem3 : SharpGrLib.oem3 (.text:SharpGrLib_drawMultiple)
                  0000bbbc    00000048     driverlib.lib : chipinfo.obj (.text:ChipInfo_GetChipFamily)
                  0000bc04    00000048     display.aem3 : Display.oem3 (.text:Display_doOpen)
                  0000bc4c    00000048     drivers_cc13xxware.aem3 : PINCC26XX.oem3 (.text:PIN_swi)
                  0000bc94    00000048                             : RF.oem3 (.text:RF_getRssi)
                  0000bcdc    00000048                             : RF.oem3 (.text:RF_runCmd)
                  0000bd24    00000048                             : PowerCC26XX.oem3 (.text:notify)
                  0000bd6c    00000044     boot.aem3 : boot.oem3 (.text)
                  0000bdb0    00000008     (.tramp.xdc_runtime_System_exit__E.1)
                  0000bdb8    00000044     rom_sysbios.aem3 : rom_sysbios.obj (.text:xdc_runtime_Text_xprintf__I)
                  0000bdfc    00000042     lcd.aem3 : SharpGrLib.oem3 (.text:SharpGrLib_pixelDraw)
                  0000be3e    00000002     --HOLE-- [fill = 0]
                  0000be40    00000040     driverlib.lib : crypto.obj (.text:NOROM_CRYPTOAesEcbStatus)
                  0000be80    00000040     drivers_cc13xxware.aem3 : PowerCC26XX.oem3 (.text:PowerCC26XX_isStableXOSC_HF)
                  0000bec0    00000040     rtsv7M3_T_le_eabi.lib : u_divt2.obj (.text)
                  0000bf00    0000003c     driverlib.lib : rfc.obj (.text:NOROM_RFCSynthPowerDown)
                  0000bf3c    0000003c                   : osc.obj (.text:OSC_HPOSCRelativeFrequencyOffsetGet)
                  0000bf78    0000003c     drivers_cc13xxware.aem3 : PINCC26XX.oem3 (.text:PINCC26XX_getConfig)
                  0000bfb4    0000003c                             : PINCC26XX.oem3 (.text:PIN_setOutputValue)
                  0000bff0    0000003c                             : SPICC26XXDMA.oem3 (.text:SPICC26XXDMA_csnCallback)
                  0000c02c    0000003c                             : RF.oem3 (.text:postDirImmCmd)
                  0000c068    00000038     driverlib.lib : crypto.obj (.text:NOROM_CRYPTOCcmAuthEncryptStatus)
                  0000c0a0    00000038                   : crypto.obj (.text:NOROM_CRYPTOCcmInvAuthDecryptStatus)
                  0000c0d8    00000038     drivers_cc13xxware.aem3 : PINCC26XX.oem3 (.text:PIN_setInterrupt)
                  0000c110    00000038     rom_sysbios.aem3 : rom_sysbios.obj (.text:ti_sysbios_family_arm_cc26xx_Timer_getCurrentTick__E)
                  0000c148    00000036     drivers_cc13xxware.aem3 : RF.oem3 (.text:updateImplicitState)
                  0000c17e    00000002     --HOLE-- [fill = 0]
                  0000c180    00000034     driverlib.lib : osc.obj (.text:OSCHF_SwitchToRcOscTurnOffXosc)
                  0000c1b4    00000034     drivers_cc13xxware.aem3 : PINCC26XX.oem3 (.text:PIN_setConfig)
                  0000c1e8    00000034                             : RF.oem3 (.text:Q_push)
                  0000c21c    00000032     display.aem3 : DisplaySharp.oem3 (.text:DisplaySharp_clear)
                  0000c24e    00000032     rom_sysbios.aem3 : rom_sysbios.obj (.text:ti_sysbios_family_arm_cc26xx_Timer_setNextTick__E)
                  0000c280    00000030     drivers_cc13xxware.aem3 : PowerCC26XX.oem3 (.text:Power_releaseConstraint)
                  0000c2b0    00000030                             : PowerCC26XX.oem3 (.text:Power_setConstraint)
                  0000c2e0    00000030                             : SPI.oem3 (.text:SPI_open)
                  0000c310    00000030     driverlib.lib : setup.obj (.text:SetAonRtcSubSecInc$39)
                  0000c340    00000030     app_pem3.oem3 (.text:ti_sysbios_BIOS_atExitFunc__I)
                  0000c370    00000008     (.tramp.ti_sysbios_BIOS_setThreadType__E.1)
                  0000c378    00000030     rom_sysbios.aem3 : rom_sysbios.obj (.text:ti_sysbios_family_arm_cc26xx_Timer_initDevice__I)
                  0000c3a8    00000030                      : rom_sysbios.obj (.text:ti_sysbios_family_arm_cc26xx_Timer_setThreshold__I)
                  0000c3d8    0000002f                      : rom_sysbios.obj (.text:xdc_runtime_Text_printVisFxn__I)
                  0000c407    00000001     --HOLE-- [fill = 0]
                  0000c408    0000002e     lcd.aem3 : SharpGrLib.oem3 (.text:SharpGrLib_initializeDisplayBuffer)
                  0000c436    00000002     --HOLE-- [fill = 0]
                  0000c438    0000002c     driverlib.lib : osc.obj (.text:NOROM_OSCClockSourceGet)
                  0000c464    0000002c     drivers_cc13xxware.aem3 : PINCC26XX.oem3 (.text:PINCC26XX_setMux)
                  0000c490    0000002c                             : PowerCC26XX.oem3 (.text:PowerCC26XX_switchXOSC_HF)
                  0000c4bc    0000002c     lcd.aem3 : SharpGrLib.oem3 (.text:SharpGrLib_init)
                  0000c4e8    0000002c     rom_sysbios.aem3 : rom_sysbios.obj (.text:ti_sysbios_knl_Clock_getTicksUntilInterrupt__E)
                  0000c514    0000002a     drivers_cc13xxware.aem3 : CryptoCC26XX.oem3 (.text:CryptoCC26XX_releaseKey)
                  0000c53e    0000002a                             : UDMACC26XX.oem3 (.text:UDMACC26XX_close)
                  0000c568    0000002a     rom_sysbios.aem3 : rom_sysbios.obj (.text:xdc_runtime_System_putchar__I)
                  0000c592    00000002     --HOLE-- [fill = 0]
                  0000c594    00000028     driverlib.lib : aon_batmon.obj (.text:AONBatMonTemperatureGetDegC)
                  0000c5bc    00000028     drivers_cc13xxware.aem3 : CryptoCC26XX.oem3 (.text:CryptoCC26XX_init)
                  0000c5e4    00000028     driverlib.lib : setup.obj (.text:GetTrimForRadcExtCfg$39)
                  0000c60c    00000028     drivers_cc13xxware.aem3 : PowerCC26XX.oem3 (.text:Power_registerNotify)
                  0000c634    00000028                             : SPICC26XXDMA.oem3 (.text:SPICC26XXDMA_flushFifos)
                  0000c65c    00000028     driverlib.lib : adi.obj (.text:SafeHapiVoid)
                  0000c684    00000028     rom_sysbios.aem3 : rom_sysbios.obj (.text:ti_sysbios_family_arm_cc26xx_Timer_getMaxTicks__E)
                  0000c6ac    00000026     display.aem3 : Display.oem3 (.text:Display_doPut5)
                  0000c6d2    00000026     drivers_cc13xxware.aem3 : List.oem3 (.text:List_put)
                  0000c6f8    00000024                             : CryptoCC26XX.oem3 (.text:CryptoCC26XX_hwiIntFxn)
                  0000c71c    00000024                             : RF.oem3 (.text:RF_ratHwOutput)
                  0000c740    00000024                             : PowerCC26XX_calibrateRCOSC.oem3 (.text:getTdcSemaphore)
                  0000c764    00000024                             : RF.oem3 (.text:hwiFxnCpe0PowerFsm)
                  0000c788    00000024     app_pem3.oem3 (.text:ti_sysbios_BIOS_registerRTSLock__I)
                  0000c7ac    00000024     app_pem3.oem3 (.text:ti_sysbios_BIOS_removeRTSLock__I)
                  0000c7d0    00000024     app_pem3.oem3 (.text:ti_sysbios_BIOS_startFunc__I)
                  0000c7f4    00000008     (.tramp.xdc_runtime_System_atexit__E.1)
                  0000c7fc    00000008     (.tramp.ti_sysbios_family_arm_cc26xx_Timer_startup__E.1)
                  0000c804    00000008     (.tramp.ti_sysbios_hal_Hwi_HwiProxy_startup__E.1)
                  0000c80c    00000008     (.tramp.ti_sysbios_knl_Swi_startup__E.1)
                  0000c814    00000008     (.tramp.ti_sysbios_knl_Task_startup__E.1)
                  0000c81c    00000022     grlib.aem3 : context.oem3 (.text:GrContextInit)
                  0000c83e    00000022     rtsv7M3_T_le_eabi.lib : memcmp.obj (.text)
                  0000c860    00000020     driverlib.lib : setup.obj (.text:GetTrimForXoscHfCtl$39)
                  0000c880    00000020                   : rfc.obj (.text:NOROM_RFCDoorbellSendTo)
                  0000c8a0    00000020     drivers_cc13xxware.aem3 : PowerCC26XX.oem3 (.text:Power_unregisterNotify)
                  0000c8c0    00000020                             : RF.oem3 (.text:applyExtraAdi3VcoLdoVoltageModeOverrideCC13xx)
                  0000c8e0    00000020     app_pem3.oem3 (.text:ti_sysbios_BIOS_rtsLock__I)
                  0000c900    00000008     (.tramp.ti_sysbios_BIOS_RtsGateProxy_enter__E.1)
                  0000c908    00000020     rom_sysbios.aem3 : rom_sysbios.obj (.text:ti_sysbios_knl_Clock_stop__E)
                  0000c928    00000020                      : rom_sysbios.obj (.text:xdc_runtime_Registry_findById__E)
                  0000c948    0000001e     drivers_cc13xxware.aem3 : PINCC26XX.oem3 (.text:PIN_close)
                  0000c966    0000001e                             : PowerCC26XX.oem3 (.text:Power_getTransitionLatency)
                  0000c984    0000001c     driverlib.lib : setup.obj (.text:GetTrimForAmpcompTh2$39)
                  0000c9a0    0000001c                   : setup.obj (.text:GetTrimForRcOscLfRtuneCtuneTrim$39)
                  0000c9bc    0000001c                   : flash.obj (.text:NOROM_FlashProgram)
                  0000c9d8    0000001c                   : flash.obj (.text:NOROM_FlashSectorErase)
                  0000c9f4    0000001c     drivers_cc13xxware.aem3 : PINCC26XX.oem3 (.text:PINCC26XX_setIoCfgMux)
                  0000ca10    0000001c                             : PINCC26XX.oem3 (.text:PIN_hwi)
                  0000ca2c    0000001c                             : PowerCC26XX.oem3 (.text:Power_idleFunc)
                  0000ca48    0000001c                             : RF.oem3 (.text:RF_getCmdOp)
                  0000ca64    0000001c                             : UDMACC26XX.oem3 (.text:UDMACC26XX_initHw)
                  0000ca80    0000001c                             : RF.oem3 (.text:clkPowerUpFxn)
                  0000ca9c    0000001c     pwrmon.obj (.text)
                  0000cab8    0000001c     rom_sysbios.aem3 : rom_sysbios.obj (.text:ti_sysbios_family_arm_cc26xx_Timer_dynamicStub__E)
                  0000cad4    0000001a     drivers_cc13xxware.aem3 : List.oem3 (.text:List_remove)
                  0000caee    0000001a     grlib.aem3 : string.oem3 (.text:NumLeadingZeros)
                  0000cb08    0000001a     rom_sysbios.aem3 : rom_sysbios_config.obj (.text:xdc_runtime_System_snprintf__E)
                  0000cb22    00000002     --HOLE-- [fill = 0]
                  0000cb24    00000018     driverlib.lib : chipinfo.obj (.text:ChipInfo_GetPackageType)
                  0000cb3c    00000018                   : setup.obj (.text:GetTrimForAdcShModeEn$39)
                  0000cb54    00000018                   : setup.obj (.text:GetTrimForAdcShVbufEn$39)
                  0000cb6c    00000018                   : setup.obj (.text:GetTrimForAmpcompTh1$39)
                  0000cb84    00000018                   : setup.obj (.text:GetTrimForDblrLoopFilterResetVoltage$39)
                  0000cb9c    00000018                   : setup.obj (.text:GetTrimForRcOscLfIBiasTrim$39)
                  0000cbb4    00000018                   : setup.obj (.text:GetTrimForXoscLfRegulatorAndCmirrwrRatio$39)
                  0000cbcc    00000018                   : aon_rtc.obj (.text:NOROM_AONRTCCurrentCompareValueGet)
                  0000cbe4    00000018                   : rfc.obj (.text:NOROM_RFCCpeIntGetAndClear)
                  0000cbfc    00000018                   : osc.obj (.text:OSCHF_TurnOnXosc)
                  0000cc14    00000018     drivers_cc13xxware.aem3 : PINCC26XX.oem3 (.text:PIN_getConfig)
                  0000cc2c    00000018                             : RF.oem3 (.text:Q_pop)
                  0000cc44    00000018                             : RF.oem3 (.text:RF_runDirectCmd)
                  0000cc5c    00000018                             : RF.oem3 (.text:RF_runImmediateCmd)
                  0000cc74    00000018                             : PowerCC26XX.oem3 (.text:configureRFCoreClocks)
                  0000cc8c    00000018     lcd.aem3 : SharpGrLib.oem3 (.text:reverse)
                  0000cca4    00000018     rtsv7M3_T_le_eabi.lib : args_main.obj (.text)
                  0000ccbc    00000018                           : ll_mul_t2.obj (.text)
                  0000ccd4    00000018     drivers_cc13xxware.aem3 : RF.oem3 (.text:swiFxnFsm)
                  0000ccec    00000018     app_pem3.oem3 (.text:ti_sysbios_BIOS_rtsUnlock__I)
                  0000cd04    00000008     (.tramp.ti_sysbios_BIOS_RtsGateProxy_leave__E.1)
                  0000cd0c    00000018     rom_sysbios.aem3 : rom_sysbios.obj (.text:ti_sysbios_knl_Swi_or__E)
                  0000cd24    00000018     app_pem3.oem3 (.text:ti_sysbios_rom_cortexm_cc13xx_CC13xx_checkRevision__E)
                  0000cd3c    00000016     driverlib.lib : chipinfo.obj (.text:ThisCodeIsBuiltForCC13xxHwRev20AndLater_HaltIfViolated)
                  0000cd52    00000016     app_pem3.oem3 (.text:ti_sysbios_BIOS_exitFunc__I)
                  0000cd68    00000014     driverlib.lib : aon_rtc.obj (.text:NOROM_AONRTCCurrent64BitValueGet)
                  0000cd7c    00000014     drivers_cc13xxware.aem3 : PINCC26XX.oem3 (.text:PINCC26XX_getInputValue)
                  0000cd90    00000014                             : SPI.oem3 (.text:SPI_Params_init)
                  0000cda4    00000014     rtsv7M3_T_le_eabi.lib : _lock.obj (.text)
                  0000cdb8    00000014                           : strlen.obj (.text)
                  0000cdcc    00000014     app_pem3.oem3 (.text:ti_sysbios_knl_Clock_doTick__I)
                  0000cde0    00000008     (.tramp.ti_sysbios_knl_Clock_logTick__E.1)
                  0000cde8    00000012     app_pem3.oem3 (.text:xdc_runtime_Startup_exec__I)
                  0000cdfa    00000002     --HOLE-- [fill = 0]
                  0000cdfc    00000008     (.tramp.xdc_runtime_Startup_startMods__I.1)
                  0000ce04    00000010     drivers_cc13xxware.aem3 : RF.oem3 (.text:FsmDispatch)
                  0000ce14    00000010     driverlib.lib : setup.obj (.text:GetTrimForXoscHfFastStart$39)
                  0000ce24    00000010                   : setup.obj (.text:GetTrimForXoscHfIbiastherm$39)
                  0000ce34    00000010                   : rfc.obj (.text:NOROM_RFCRfTrimSet)
                  0000ce44    00000010     drivers_cc13xxware.aem3 : RF.oem3 (.text:RF_Params_init)
                  0000ce54    00000010     rom_sysbios.aem3 : rom_sysbios.obj (.text:ti_sysbios_family_arm_m3_Hwi_post__E)
                  0000ce64    00000010                      : rom_sysbios.obj (.text:xdc_runtime_SysCallback_putch__E)
                  0000ce74    00000010                      : rom_sysbios.obj (.text:xdc_runtime_SysCallback_ready__E)
                  0000ce84    00000010                      : rom_sysbios.obj (.text:xdc_runtime_System_vsnprintf__E)
                  0000ce94    0000000e     driverlib.lib : vims.obj (.text:NOROM_VIMSModeGet)
                  0000cea2    0000000e     drivers_cc13xxware.aem3 : SPICC26XXDMA.oem3 (.text:SPICC26XXDMA_init)
                  0000ceb0    0000000e     driverlib.lib : setup.obj (.text:SignExtendVddrTrimValue)
                  0000cebe    0000000e     rtsv7M3_T_le_eabi.lib : copy_decompress_none.obj (.text:decompress:none)
                  0000cecc    0000000e     rom_sysbios.aem3 : rom_sysbios.obj (.text:ti_sysbios_family_arm_cc26xx_TimestampProvider_get32__E)
                  0000ceda    0000000c     display.aem3 : Display.oem3 (.text:Display_doControl)
                  0000cee6    00000002     --HOLE-- [fill = 0]
                  0000cee8    0000000c     drivers_cc13xxware.aem3 : RF.oem3 (.text:FsmNextState)
                  0000cef4    0000000c     driverlib.lib : cpu.obj (.text:NOROM_CPUcpsid)
                  0000cf00    0000000c                   : cpu.obj (.text:NOROM_CPUcpsie)
                  0000cf0c    0000000c     drivers_cc13xxware.aem3 : PINCC26XX.oem3 (.text:PIN_registerIntCb)
                  0000cf18    0000000c                             : PowerCC26XX.oem3 (.text:Power_getConstraintMask)
                  0000cf24    0000000c                             : PowerCC26XX.oem3 (.text:Power_getDependencyCount)
                  0000cf30    0000000c                             : PowerCC26XX.oem3 (.text:Power_getTransitionState)
                  0000cf3c    0000000c     rtsv7M3_T_le_eabi.lib : copy_zero_init.obj (.text:decompress:ZI)
                  0000cf48    0000000c     drivers_cc13xxware.aem3 : SPICC26XXDMA.oem3 (.text:spiPostNotify)
                  0000cf54    0000000c     rom_sysbios.aem3 : rom_sysbios.obj (.text:ti_sysbios_BIOS_getThreadType__E)
                  0000cf60    0000000c                      : rom_sysbios_config.obj (.text:ti_sysbios_hal_Hwi_Params__init__S)
                  0000cf6c    00000008     (.tramp.xdc_runtime_Core_assignParams__I.1)
                  0000cf74    0000000c                      : rom_sysbios.obj (.text:ti_sysbios_knl_Swi_getTrigger__E)
                  0000cf80    0000000c     app_pem3.oem3 (.text:xdc_runtime_Startup_reset__I)
                  0000cf8c    0000000a     drivers_cc13xxware.aem3 : List.oem3 (.text:List_empty)
                  0000cf96    0000000a                             : SPI.oem3 (.text:SPI_close)
                  0000cfa0    0000000a                             : SPI.oem3 (.text:SPI_transfer)
                  0000cfaa    0000000a     lcd.aem3 : SharpGrLib.oem3 (.text:SharpGrLib_colorTranslate)
                  0000cfb4    0000000a     drivers_cc13xxware.aem3 : UDMACC26XX.oem3 (.text:UDMACC26XX_hwiIntFxn)
                  0000cfbe    00000008                             : CryptoCC26XX.oem3 (.text:CryptoCC26XX_Params_init)
                  0000cfc6    00000002     --HOLE-- [fill = 0]
                  0000cfc8    00000008     display.aem3 : DisplaySharp.oem3 (.text:DisplaySharp_getType)
                  0000cfd0    00000008     drivers_cc13xxware.aem3 : RF.oem3 (.text:RF_flushCmd)
                  0000cfd8    00000008                             : SPICC26XXDMA.oem3 (.text:SPICC26XXDMA_transferCallback)
                  0000cfe0    00000008                             : CryptoCC26XX.oem3 (.text:cryptoPostNotify)
                  0000cfe8    00000008     app_pem3.oem3 (.text:xdc_runtime_Text_visitRope__I)
                  0000cff0    00000006     drivers_cc13xxware.aem3 : CryptoCC26XX.oem3 (.text:CryptoCC26XX_transactCallback)
                  0000cff6    00000006     display.aem3 : Display.oem3 (.text:Display_doParamsInit)
                  0000cffc    00000006     driverlib.lib : cpu.obj (.text:NOROM_CPUdelay)
                  0000d002    00000006     rom_sysbios.aem3 : rom_sysbios.obj (.text:__xdc__init)
                  0000d008    00000006     drivers_cc13xxware.aem3 : RF.oem3 (.text:clkInactivityFxn)
                  0000d00e    00000006     rtsv7M3_T_le_eabi.lib : copy_decompress_rle.obj (.text:decompress:rle24)
                  0000d014    00000006     rom_sysbios.aem3 : rom_sysbios.obj (.text:ti_sysbios_family_arm_m3_Hwi_setFunc__E)
                  0000d01a    00000004     drivers_cc13xxware.aem3 : CryptoCC26XX.oem3 (.text:CryptoCC26XX_Transac_init)
                  0000d01e    00000004     tirtosport.aem3 : HwiP_tirtos.oem3 (.text:HwiP_disable)
                  0000d022    00000004     drivers_cc13xxware.aem3 : List.oem3 (.text:List_head)
                  0000d026    00000004                             : List.oem3 (.text:List_next)
                  0000d02a    00000004                             : RF.oem3 (.text:Q_peek)
                  0000d02e    00000004                             : PowerCC26XX.oem3 (.text:nopResourceHandler)
                  0000d032    00000004     rom_sysbios.aem3 : rom_sysbios.obj (.text:ti_sysbios_family_arm_cc26xx_Timer_getCount64__E)
                  0000d036    00000004                      : rom_sysbios.obj (.text:ti_sysbios_knl_Clock_isActive__E)
                  0000d03a    00000004                      : rom_sysbios.obj (.text:xdc_runtime_SysCallback_defaultReady)
                  0000d03e    00000004                      : rom_sysbios.obj (.text:xdc_runtime_System_snprintf_va__F)
                  0000d042    00000002     --HOLE-- [fill = 0]
                  0000d044    00000008     (.tramp.ti_sysbios_family_arm_m3_Hwi_enableInterrupt__E.1)
                  0000d04c    00000008     (.tramp.ti_sysbios_family_arm_m3_Hwi_destruct.1)
                  0000d054    00000008     (.tramp.ti_sysbios_knl_Swi_destruct.1)
                  0000d05c    00000008     (.tramp.ti_sysbios_knl_Clock_destruct.1)
                  0000d064    00000008     (.tramp.ti_sysbios_knl_Semaphore_destruct.1)
                  0000d06c    00000008     (.tramp.ti_sysbios_knl_Task_sleep__E.1)
                  0000d074    00000008     (.tramp.ti_sysbios_BIOS_start__E.1)
                  0000d07c    00000008     (.tramp.ti_sysbios_knl_Task_construct.1)
                  0000d084    00000008     (.tramp.ti_sysbios_knl_Clock_construct.1)
                  0000d08c    00000008     (.tramp.ti_sysbios_knl_Swi_construct.1)
                  0000d094    00000008     (.tramp.ti_sysbios_knl_Swi_Params__init__S.1)
                  0000d09c    00000008     (.tramp.ti_sysbios_family_arm_m3_Hwi_construct.1)
                  0000d0a4    00000008     (.tramp.ti_sysbios_family_arm_m3_Hwi_Params__init__S.1)
                  0000d0ac    00000008     (.tramp.ti_sysbios_knl_Semaphore_construct.1)
                  0000d0b4    00000008     (.tramp.ti_sysbios_knl_Swi_restore__E.1)
                  0000d0bc    00000008     (.tramp.ti_sysbios_knl_Swi_disable__E.1)
                  0000d0c4    00000008     (.tramp.ti_sysbios_knl_Clock_start__E.1)
                  0000d0cc    00000008     (.tramp.ti_sysbios_knl_Clock_setTimeout__E.1)
                  0000d0d4    00000008     (.tramp.ti_sysbios_knl_Clock_create.1)
                  0000d0dc    00000008     (.tramp.ti_sysbios_knl_Clock_Params__init__S.1)
                  0000d0e4    00000008     (.tramp.ti_sysbios_hal_Hwi_HwiProxy_enableInterrupt__E.1)
                  0000d0ec    00000008     (.tramp.ti_sysbios_hal_Hwi_HwiProxy_disableInterrupt__E.1)
                  0000d0f4    00000008     (.tramp.ti_sysbios_knl_Task_enable__E.1)
                  0000d0fc    00000008     (.tramp.ti_sysbios_family_arm_m3_Hwi_enableFxn__E.1)
                  0000d104    00000008     (.tramp.ti_sysbios_knl_Clock_getTicks__E.1)
                  0000d10c    00000008     (.tramp.ti_sysbios_knl_Task_self__E.1)
                  0000d114    00000008     (.tramp.ti_sysbios_hal_Hwi_create.1)
                  0000d11c    00000008     (.tramp.ti_sysbios_knl_Task_create.1)
                  0000d124    00000008     (.tramp.ti_sysbios_knl_Task_Params__init__S.1)
                  0000d12c    00000008     (.tramp.ti_sysbios_knl_Task_restore__E.1)
                  0000d134    00000008     (.tramp.ti_sysbios_family_arm_m3_Hwi_restoreFxn__E.1)
                  0000d13c    00000008     (.tramp.ti_sysbios_family_arm_m3_Hwi_disableFxn__E.1)
                  0000d144    00000008     (.tramp.ti_sysbios_knl_Task_disable__E.1)
                  0000d14c    00000008     (.tramp.ti_sysbios_knl_Semaphore_create.1)
                  0000d154    00000008     (.tramp.ti_sysbios_knl_Semaphore_Params__init__S.1)
                  0000d15c    00000008     (.tramp.ti_sysbios_knl_Semaphore_post__E.1)
                  0000d164    00000008     (.tramp.ti_sysbios_knl_Semaphore_pend__E.1)

.const     0    0000d16c    00000790     
                  0000d16c    000002f8     grlib.aem3 : fontfixed6x8.oem3 (.const:.string:g_pucFontFixed6x8Data)
                  0000d464    000000c8                : fontfixed6x8.oem3 (.const:g_sFontFixed6x8)
                  0000d52c    000000c0     icall.obj (.const)
                  0000d5ec    00000054     drivers_cc13xxware.aem3 : SPICC26XXDMA.oem3 (.const)
                  0000d640    0000004c                             : PowerCC26XX.oem3 (.const:resourceDB)
                  0000d68c    00000048     app_pem3.oem3 (.const:.string)
                  0000d6d4    00000038     CC1310_LAUNCHXL.obj (.const:spiCC26XXDMAHWAttrs)
                  0000d70c    00000030     CC1310_LAUNCHXL.obj (.const:BoardGpioInitTable)
                  0000d73c    00000024     CC1310_LAUNCHXL.obj (.const:SPI_config)
                  0000d760    00000024     display.aem3 : DisplaySharp.oem3 (.const)
                  0000d784    00000024     jdllc.obj (.const)
                  0000d7a8    00000024     app_pem3.oem3 (.const:xdc_runtime_Startup_sfxnTab__A)
                  0000d7cc    00000020     drivers_cc13xxware.aem3 : SPI.oem3 (.const)
                  0000d7ec    00000020     lcd.aem3 : SharpGrLib.oem3 (.const)
                  0000d80c    00000018     CC1310_LAUNCHXL.obj (.const:Display_config)
                  0000d824    00000014     CC1310_LAUNCHXL.obj (.const)
                  0000d838    00000012     app_pem3.oem3 (.const:xdc_runtime_Startup_sfxnRts__A)
                  0000d84a    00000010     lcd.aem3 : SharpGrLib.oem3 (.const:.string)
                  0000d85a    00000002     app_pem3.oem3 (.const:xdc_runtime_Text_registryModsLastId__C)
                  0000d85c    00000010     CC1310_LAUNCHXL.obj (.const:CryptoCC26XX_config)
                  0000d86c    00000010     CC1310_LAUNCHXL.obj (.const:UDMACC26XX_config)
                  0000d87c    00000010     CC1310_LAUNCHXL.obj (.const:cryptoCC26XXHWAttrs)
                  0000d88c    00000010     CC1310_LAUNCHXL.obj (.const:displaySharpHWattrs)
                  0000d89c    0000000c     drivers_cc13xxware.aem3 : RF.oem3 (.const)
                  0000d8a8    0000000c     app_pem3.oem3 (.const:xdc_runtime_Startup_firstFxns__A)
                  0000d8b4    00000008     main.obj (.const:.string)
                  0000d8bc    00000008     CC1310_LAUNCHXL.obj (.const:PINCC26XX_hwAttrs)
                  0000d8c4    00000008     CC1310_LAUNCHXL.obj (.const:udmaHWAttrs)
                  0000d8cc    00000006     nvoctp.obj (.const)
                  0000d8d2    00000006     ssf.obj (.const)
                  0000d8d8    00000004     icall_cc2650.obj (.const)
                  0000d8dc    00000004     app_pem3.oem3 (.const:ti_sysbios_knl_Clock_tickPeriod__C)
                  0000d8e0    00000004     app_pem3.oem3 (.const:ti_sysbios_knl_Clock_triggerClock__C)
                  0000d8e4    00000004     app_pem3.oem3 (.const:ti_sysbios_knl_Idle_funcList__A)
                  0000d8e8    00000004     app_pem3.oem3 (.const:xdc_runtime_SysCallback_putchFxn__C)
                  0000d8ec    00000004     app_pem3.oem3 (.const:xdc_runtime_SysCallback_readyFxn__C)
                  0000d8f0    00000004     app_pem3.oem3 (.const:xdc_runtime_System_extendFxn__C)
                  0000d8f4    00000004     app_pem3.oem3 (.const:xdc_runtime_Text_visitRopeFxn__C)
                  0000d8f8    00000002     app_pem3.oem3 (.const:xdc_runtime_Text_unnamedModsLastId__C)
                  0000d8fa    00000001     display.aem3 : Display.oem3 (.const)
                  0000d8fb    00000001     app_pem3.oem3 (.const:xdc_runtime_Text_charTab__A)

.init_array 
*          0    00000000    00000000     UNINITIALIZED

.resetVecs 
*          0    00000000    0000003c     
                  00000000    0000003c     app_pem3.oem3 (.resetVecs)

.const:ti_sysbios_knl_Task_Object__PARAMS__C 
*          0    00001000    0000003c     
                  00001000    0000003c     app_pem3.oem3 (.const:ti_sysbios_knl_Task_Object__PARAMS__C)

.const:ti_sysbios_knl_Mailbox_Object__PARAMS__C 
*          0    0000103c    00000034     
                  0000103c    00000034     app_pem3.oem3 (.const:ti_sysbios_knl_Mailbox_Object__PARAMS__C)

.const:ti_sysbios_family_arm_m3_Hwi_Object__PARAMS__C 
*          0    00001070    00000030     
                  00001070    00000030     app_pem3.oem3 (.const:ti_sysbios_family_arm_m3_Hwi_Object__PARAMS__C)

.const:ti_sysbios_hal_Hwi_Object__PARAMS__C 
*          0    000010a0    0000002c     
                  000010a0    0000002c     app_pem3.oem3 (.const:ti_sysbios_hal_Hwi_Object__PARAMS__C)

.const:ti_sysbios_heaps_HeapMem_Module__FXNS__C 
*          0    000010cc    00000028     
                  000010cc    00000028     app_pem3.oem3 (.const:ti_sysbios_heaps_HeapMem_Module__FXNS__C)

.const:ti_sysbios_knl_Swi_Object__PARAMS__C 
*          0    000010f4    00000028     
                  000010f4    00000028     app_pem3.oem3 (.const:ti_sysbios_knl_Swi_Object__PARAMS__C)

.const:ti_sysbios_gates_GateHwi_Module__FXNS__C 
*          0    0000111c    00000024     
                  0000111c    00000024     app_pem3.oem3 (.const:ti_sysbios_gates_GateHwi_Module__FXNS__C)

.const:ti_sysbios_gates_GateMutex_Module__FXNS__C 
*          0    00001140    00000024     
                  00001140    00000024     app_pem3.oem3 (.const:ti_sysbios_gates_GateMutex_Module__FXNS__C)

.const:ti_sysbios_heaps_HeapMem_Object__PARAMS__C 
*          0    00001164    00000024     
                  00001164    00000024     app_pem3.oem3 (.const:ti_sysbios_heaps_HeapMem_Object__PARAMS__C)

.const:ti_sysbios_knl_Clock_Object__PARAMS__C 
*          0    00001188    00000024     
                  00001188    00000024     app_pem3.oem3 (.const:ti_sysbios_knl_Clock_Object__PARAMS__C)

.const:ti_sysbios_knl_Semaphore_Object__PARAMS__C 
*          0    000011ac    00000024     
                  000011ac    00000024     app_pem3.oem3 (.const:ti_sysbios_knl_Semaphore_Object__PARAMS__C)

.const:ti_sysbios_family_arm_m3_Hwi_Object__DESC__C 
*          0    000011d0    00000020     
                  000011d0    00000020     app_pem3.oem3 (.const:ti_sysbios_family_arm_m3_Hwi_Object__DESC__C)

.const:ti_sysbios_gates_GateHwi_Object__DESC__C 
*          0    000011f0    00000020     
                  000011f0    00000020     app_pem3.oem3 (.const:ti_sysbios_gates_GateHwi_Object__DESC__C)

.const:ti_sysbios_gates_GateMutex_Object__DESC__C 
*          0    00001210    00000020     
                  00001210    00000020     app_pem3.oem3 (.const:ti_sysbios_gates_GateMutex_Object__DESC__C)

.const:ti_sysbios_hal_Hwi_Object__DESC__C 
*          0    00001230    00000020     
                  00001230    00000020     app_pem3.oem3 (.const:ti_sysbios_hal_Hwi_Object__DESC__C)

.const:ti_sysbios_heaps_HeapMem_Object__DESC__C 
*          0    00001250    00000020     
                  00001250    00000020     app_pem3.oem3 (.const:ti_sysbios_heaps_HeapMem_Object__DESC__C)

.const:ti_sysbios_knl_Clock_Object__DESC__C 
*          0    00001270    00000020     
                  00001270    00000020     app_pem3.oem3 (.const:ti_sysbios_knl_Clock_Object__DESC__C)

.const:ti_sysbios_knl_Mailbox_Object__DESC__C 
*          0    00001290    00000020     
                  00001290    00000020     app_pem3.oem3 (.const:ti_sysbios_knl_Mailbox_Object__DESC__C)

.const:ti_sysbios_knl_Queue_Object__DESC__C 
*          0    000012b0    00000020     
                  000012b0    00000020     app_pem3.oem3 (.const:ti_sysbios_knl_Queue_Object__DESC__C)

.const:ti_sysbios_knl_Semaphore_Object__DESC__C 
*          0    000012d0    00000020     
                  000012d0    00000020     app_pem3.oem3 (.const:ti_sysbios_knl_Semaphore_Object__DESC__C)

.const:ti_sysbios_knl_Swi_Object__DESC__C 
*          0    000012f0    00000020     
                  000012f0    00000020     app_pem3.oem3 (.const:ti_sysbios_knl_Swi_Object__DESC__C)

.const:ti_sysbios_knl_Task_Object__DESC__C 
*          0    00001310    00000020     
                  00001310    00000020     app_pem3.oem3 (.const:ti_sysbios_knl_Task_Object__DESC__C)

.const:ti_sysbios_gates_GateHwi_Object__PARAMS__C 
*          0    00001330    00000018     
                  00001330    00000018     app_pem3.oem3 (.const:ti_sysbios_gates_GateHwi_Object__PARAMS__C)

.const:ti_sysbios_gates_GateMutex_Object__PARAMS__C 
*          0    00001348    00000018     
                  00001348    00000018     app_pem3.oem3 (.const:ti_sysbios_gates_GateMutex_Object__PARAMS__C)

.const:ti_sysbios_knl_Queue_Object__PARAMS__C 
*          0    00001360    00000018     
                  00001360    00000018     app_pem3.oem3 (.const:ti_sysbios_knl_Queue_Object__PARAMS__C)

.const:ti_sysbios_knl_Idle_funcList__C 
*          0    00001378    00000008     
                  00001378    00000008     app_pem3.oem3 (.const:ti_sysbios_knl_Idle_funcList__C)

.const:ti_sysbios_family_arm_cc26xx_Timer_startupNeeded__C 
*          0    00001384    00000004     
                  00001384    00000004     app_pem3.oem3 (.const:ti_sysbios_family_arm_cc26xx_Timer_startupNeeded__C)

.const:ti_sysbios_family_arm_m3_Hwi_E_alreadyDefined__C 
*          0    00001388    00000004     
                  00001388    00000004     app_pem3.oem3 (.const:ti_sysbios_family_arm_m3_Hwi_E_alreadyDefined__C)

.const:ti_sysbios_family_arm_m3_Hwi_E_hwiLimitExceeded__C 
*          0    0000138c    00000004     
                  0000138c    00000004     app_pem3.oem3 (.const:ti_sysbios_family_arm_m3_Hwi_E_hwiLimitExceeded__C)

.const:ti_sysbios_family_arm_m3_Hwi_NUM_INTERRUPTS__C 
*          0    00001390    00000004     
                  00001390    00000004     app_pem3.oem3 (.const:ti_sysbios_family_arm_m3_Hwi_NUM_INTERRUPTS__C)

.const:ti_sysbios_family_arm_m3_Hwi_Object__count__C 
*          0    00001394    00000004     
                  00001394    00000004     app_pem3.oem3 (.const:ti_sysbios_family_arm_m3_Hwi_Object__count__C)

.const:ti_sysbios_family_arm_m3_Hwi_Object__table__C 
*          0    00001398    00000004     
                  00001398    00000004     app_pem3.oem3 (.const:ti_sysbios_family_arm_m3_Hwi_Object__table__C)

.const:ti_sysbios_family_arm_m3_Hwi_ccr__C 
*          0    0000139c    00000004     
                  0000139c    00000004     app_pem3.oem3 (.const:ti_sysbios_family_arm_m3_Hwi_ccr__C)

.const:ti_sysbios_family_arm_m3_Hwi_excHandlerFunc__C 
*          0    000013a0    00000004     
                  000013a0    00000004     app_pem3.oem3 (.const:ti_sysbios_family_arm_m3_Hwi_excHandlerFunc__C)

.const:ti_sysbios_family_arm_m3_Hwi_nullIsrFunc__C 
*          0    000013a4    00000004     
                  000013a4    00000004     app_pem3.oem3 (.const:ti_sysbios_family_arm_m3_Hwi_nullIsrFunc__C)

.const:ti_sysbios_family_arm_m3_Hwi_numSparseInterrupts__C 
*          0    000013a8    00000004     
                  000013a8    00000004     app_pem3.oem3 (.const:ti_sysbios_family_arm_m3_Hwi_numSparseInterrupts__C)

.const:ti_sysbios_family_arm_m3_Hwi_priGroup__C 
*          0    000013ac    00000004     
                  000013ac    00000004     app_pem3.oem3 (.const:ti_sysbios_family_arm_m3_Hwi_priGroup__C)

.const:ti_sysbios_family_arm_m3_TaskSupport_stackAlignment__C 
*          0    000013b0    00000004     
                  000013b0    00000004     app_pem3.oem3 (.const:ti_sysbios_family_arm_m3_TaskSupport_stackAlignment__C)

.const:ti_sysbios_heaps_HeapMem_E_memory__C 
*          0    000013b4    00000004     
                  000013b4    00000004     app_pem3.oem3 (.const:ti_sysbios_heaps_HeapMem_E_memory__C)

.const:ti_sysbios_heaps_HeapMem_Module__gateObj__C 
*          0    000013b8    00000004     
                  000013b8    00000004     app_pem3.oem3 (.const:ti_sysbios_heaps_HeapMem_Module__gateObj__C)

.const:ti_sysbios_heaps_HeapMem_Object__count__C 
*          0    000013bc    00000004     
                  000013bc    00000004     app_pem3.oem3 (.const:ti_sysbios_heaps_HeapMem_Object__count__C)

.const:ti_sysbios_heaps_HeapMem_Object__table__C 
*          0    000013c0    00000004     
                  000013c0    00000004     app_pem3.oem3 (.const:ti_sysbios_heaps_HeapMem_Object__table__C)

.const:ti_sysbios_heaps_HeapMem_reqAlign__C 
*          0    000013c4    00000004     
                  000013c4    00000004     app_pem3.oem3 (.const:ti_sysbios_heaps_HeapMem_reqAlign__C)

.const:ti_sysbios_knl_Clock_serviceMargin__C 
*          0    000013c8    00000004     
                  000013c8    00000004     app_pem3.oem3 (.const:ti_sysbios_knl_Clock_serviceMargin__C)

.const:ti_sysbios_knl_Mailbox_Object__count__C 
*          0    000013cc    00000004     
                  000013cc    00000004     app_pem3.oem3 (.const:ti_sysbios_knl_Mailbox_Object__count__C)

.const:ti_sysbios_knl_Mailbox_Object__table__C 
*          0    000013d0    00000004     
                  000013d0    00000004     app_pem3.oem3 (.const:ti_sysbios_knl_Mailbox_Object__table__C)

.const:ti_sysbios_knl_Mailbox_maxTypeAlign__C 
*          0    000013d4    00000004     
                  000013d4    00000004     app_pem3.oem3 (.const:ti_sysbios_knl_Mailbox_maxTypeAlign__C)

.const:ti_sysbios_knl_Queue_Object__count__C 
*          0    000013d8    00000004     
                  000013d8    00000004     app_pem3.oem3 (.const:ti_sysbios_knl_Queue_Object__count__C)

.const:ti_sysbios_knl_Queue_Object__table__C 
*          0    000013dc    00000004     
                  000013dc    00000004     app_pem3.oem3 (.const:ti_sysbios_knl_Queue_Object__table__C)

.const:ti_sysbios_knl_Swi_Object__count__C 
*          0    000013e0    00000004     
                  000013e0    00000004     app_pem3.oem3 (.const:ti_sysbios_knl_Swi_Object__count__C)

.const:ti_sysbios_knl_Swi_Object__table__C 
*          0    000013e4    00000004     
                  000013e4    00000004     app_pem3.oem3 (.const:ti_sysbios_knl_Swi_Object__table__C)

.const:ti_sysbios_knl_Swi_numPriorities__C 
*          0    000013e8    00000004     
                  000013e8    00000004     app_pem3.oem3 (.const:ti_sysbios_knl_Swi_numPriorities__C)

.const:ti_sysbios_knl_Task_Object__count__C 
*          0    000013ec    00000004     
                  000013ec    00000004     app_pem3.oem3 (.const:ti_sysbios_knl_Task_Object__count__C)

.const:ti_sysbios_knl_Task_Object__table__C 
*          0    000013f0    00000004     
                  000013f0    00000004     app_pem3.oem3 (.const:ti_sysbios_knl_Task_Object__table__C)

.const:ti_sysbios_knl_Task_allBlockedFunc__C 
*          0    000013f4    00000004     
                  000013f4    00000004     app_pem3.oem3 (.const:ti_sysbios_knl_Task_allBlockedFunc__C)

.const:ti_sysbios_knl_Task_defaultStackHeap__C 
*          0    000013f8    00000004     
                  000013f8    00000004     app_pem3.oem3 (.const:ti_sysbios_knl_Task_defaultStackHeap__C)

.const:ti_sysbios_knl_Task_defaultStackSize__C 
*          0    000013fc    00000004     
                  000013fc    00000004     app_pem3.oem3 (.const:ti_sysbios_knl_Task_defaultStackSize__C)

.const:ti_sysbios_knl_Task_numConstructedTasks__C 
*          0    00001400    00000004     
                  00001400    00000004     app_pem3.oem3 (.const:ti_sysbios_knl_Task_numConstructedTasks__C)

.const:ti_sysbios_family_arm_cc26xx_Timer_Module__id__C 
*          0    00001406    00000002     
                  00001406    00000002     app_pem3.oem3 (.const:ti_sysbios_family_arm_cc26xx_Timer_Module__id__C)

.const:ti_sysbios_family_arm_cc26xx_TimestampProvider_useClockTimer__C 
*          0    00001408    00000002     
                  00001408    00000002     app_pem3.oem3 (.const:ti_sysbios_family_arm_cc26xx_TimestampProvider_useClockTimer__C)

.const:ti_sysbios_family_arm_m3_Hwi_Module__id__C 
*          0    0000140a    00000002     
                  0000140a    00000002     app_pem3.oem3 (.const:ti_sysbios_family_arm_m3_Hwi_Module__id__C)

.const:ti_sysbios_gates_GateHwi_Module__id__C 
*          0    0000140c    00000002     
                  0000140c    00000002     app_pem3.oem3 (.const:ti_sysbios_gates_GateHwi_Module__id__C)

.const:ti_sysbios_gates_GateMutex_Module__id__C 
*          0    0000140e    00000002     
                  0000140e    00000002     app_pem3.oem3 (.const:ti_sysbios_gates_GateMutex_Module__id__C)

.const:ti_sysbios_heaps_HeapMem_Module__id__C 
*          0    00001410    00000002     
                  00001410    00000002     app_pem3.oem3 (.const:ti_sysbios_heaps_HeapMem_Module__id__C)

.const:ti_sysbios_knl_Task_initStackFlag__C 
*          0    00001412    00000002     
                  00001412    00000002     app_pem3.oem3 (.const:ti_sysbios_knl_Task_initStackFlag__C)

.const:ti_sysbios_knl_Clock_tickMode__C 
*          0    00001414    00000001     
                  00001414    00000001     app_pem3.oem3 (.const:ti_sysbios_knl_Clock_tickMode__C)

.const:xdc_runtime_Startup_firstFxns__C 
*          0    00001418    00000008     
                  00001418    00000008     app_pem3.oem3 (.const:xdc_runtime_Startup_firstFxns__C)

.const:xdc_runtime_Startup_lastFxns__C 
*          0    00001420    00000008     
                  00001420    00000008     app_pem3.oem3 (.const:xdc_runtime_Startup_lastFxns__C)

.const:xdc_runtime_Assert_E_assertFailed__C 
*          0    00001428    00000004     
                  00001428    00000004     app_pem3.oem3 (.const:xdc_runtime_Assert_E_assertFailed__C)

.const:xdc_runtime_Error_E_memory__C 
*          0    0000142c    00000004     
                  0000142c    00000004     app_pem3.oem3 (.const:xdc_runtime_Error_E_memory__C)

.const:xdc_runtime_Error_policyFxn__C 
*          0    00001430    00000004     
                  00001430    00000004     app_pem3.oem3 (.const:xdc_runtime_Error_policyFxn__C)

.const:xdc_runtime_IGateProvider_Interface__BASE__C 
*          0    00001434    00000004     
                  00001434    00000004     app_pem3.oem3 (.const:xdc_runtime_IGateProvider_Interface__BASE__C)

.const:xdc_runtime_IHeap_Interface__BASE__C 
*          0    00001438    00000004     
                  00001438    00000004     app_pem3.oem3 (.const:xdc_runtime_IHeap_Interface__BASE__C)

.const:xdc_runtime_IModule_Interface__BASE__C 
*          0    0000143c    00000004     
                  0000143c    00000004     app_pem3.oem3 (.const:xdc_runtime_IModule_Interface__BASE__C)

.const:xdc_runtime_Main_Module__diagsEnabled__C 
*          0    00001440    00000004     
                  00001440    00000004     app_pem3.oem3 (.const:xdc_runtime_Main_Module__diagsEnabled__C)

.const:xdc_runtime_Main_Module__diagsIncluded__C 
*          0    00001444    00000004     
                  00001444    00000004     app_pem3.oem3 (.const:xdc_runtime_Main_Module__diagsIncluded__C)

.const:xdc_runtime_Main_Module__diagsMask__C 
*          0    00001448    00000004     
                  00001448    00000004     app_pem3.oem3 (.const:xdc_runtime_Main_Module__diagsMask__C)

.const:xdc_runtime_Memory_defaultHeapInstance__C 
*          0    0000144c    00000004     
                  0000144c    00000004     app_pem3.oem3 (.const:xdc_runtime_Memory_defaultHeapInstance__C)

.const:xdc_runtime_Startup_execImpl__C 
*          0    00001450    00000004     
                  00001450    00000004     app_pem3.oem3 (.const:xdc_runtime_Startup_execImpl__C)

.const:xdc_runtime_Startup_maxPasses__C 
*          0    00001454    00000004     
                  00001454    00000004     app_pem3.oem3 (.const:xdc_runtime_Startup_maxPasses__C)

.const:xdc_runtime_Startup_sfxnRts__C 
*          0    00001458    00000004     
                  00001458    00000004     app_pem3.oem3 (.const:xdc_runtime_Startup_sfxnRts__C)

.const:xdc_runtime_Startup_sfxnTab__C 
*          0    0000145c    00000004     
                  0000145c    00000004     app_pem3.oem3 (.const:xdc_runtime_Startup_sfxnTab__C)

.const:xdc_runtime_Startup_startModsFxn__C 
*          0    00001460    00000004     
                  00001460    00000004     app_pem3.oem3 (.const:xdc_runtime_Startup_startModsFxn__C)

.const:xdc_runtime_SysCallback_abortFxn__C 
*          0    00001464    00000004     
                  00001464    00000004     app_pem3.oem3 (.const:xdc_runtime_SysCallback_abortFxn__C)

.const:xdc_runtime_SysCallback_exitFxn__C 
*          0    00001468    00000004     
                  00001468    00000004     app_pem3.oem3 (.const:xdc_runtime_SysCallback_exitFxn__C)

.const:xdc_runtime_System_abortFxn__C 
*          0    0000146c    00000004     
                  0000146c    00000004     app_pem3.oem3 (.const:xdc_runtime_System_abortFxn__C)

.const:xdc_runtime_System_exitFxn__C 
*          0    00001470    00000004     
                  00001470    00000004     app_pem3.oem3 (.const:xdc_runtime_System_exitFxn__C)

.const:xdc_runtime_System_maxAtexitHandlers__C 
*          0    00001474    00000004     
                  00001474    00000004     app_pem3.oem3 (.const:xdc_runtime_System_maxAtexitHandlers__C)

.const:xdc_runtime_Text_charTab__C 
*          0    00001478    00000004     
                  00001478    00000004     app_pem3.oem3 (.const:xdc_runtime_Text_charTab__C)

.const:xdc_runtime_Text_nameEmpty__C 
*          0    0000147c    00000004     
                  0000147c    00000004     app_pem3.oem3 (.const:xdc_runtime_Text_nameEmpty__C)

.const:xdc_runtime_Text_nameStatic__C 
*          0    00001480    00000004     
                  00001480    00000004     app_pem3.oem3 (.const:xdc_runtime_Text_nameStatic__C)

.const:xdc_runtime_Text_nameUnknown__C 
*          0    00001484    00000004     
                  00001484    00000004     app_pem3.oem3 (.const:xdc_runtime_Text_nameUnknown__C)

.const:xdc_runtime_Main_Module__id__C 
*          0    00001488    00000002     
                  00001488    00000002     app_pem3.oem3 (.const:xdc_runtime_Main_Module__id__C)

.const:xdc_runtime_Memory_Module__id__C 
[...]
1001c22d  ti_sysbios_knl_Queue_elemClear__E                                         
1001c233  ti_sysbios_knl_Swi_Module_startup__E                                      
1001c239  ti_sysbios_knl_Swi_startup__E                                             
1001c23f  ti_sysbios_knl_Task_enable__E                                             
1001c245  ti_sysbios_BIOS_RtsGateProxy_enter__E                                     
1001c249  ti_sysbios_BIOS_RtsGateProxy_leave__E                                     
1001c24d  ti_sysbios_family_arm_cc26xx_Timer_getExpiredTicks__E                     
1001c251  ti_sysbios_family_arm_cc26xx_Timer_getPeriod__E                           
1001c255  ti_sysbios_family_arm_cc26xx_Timer_setPeriod__E                           
1001c259  ti_sysbios_family_arm_m3_Hwi_delete                                       
1001c25d  ti_sysbios_family_arm_m3_Hwi_destruct                                     
1001c261  ti_sysbios_family_arm_m3_TaskSupport_Module__startupDone__S               
1001c265  ti_sysbios_gates_GateHwi_query__E                                         
1001c265  xdc_runtime_System_Module_GateProxy_query__E                              
1001c269  ti_sysbios_gates_GateMutex_delete                                         
1001c26d  ti_sysbios_gates_GateMutex_destruct                                       
1001c271  ti_sysbios_BIOS_RtsGateProxy_query__E                                     
1001c271  ti_sysbios_gates_GateMutex_query__E                                       
1001c271  ti_sysbios_heaps_HeapMem_Module_GateProxy_query__E                        
1001c275  ti_sysbios_hal_Hwi_HwiProxy_Module__startupDone__S                        
1001c279  ti_sysbios_hal_Hwi_HwiProxy_delete                                        
1001c27d  ti_sysbios_hal_Hwi_HwiProxy_disableInterrupt__E                           
1001c27d  ti_sysbios_hal_Hwi_disableInterrupt__E                                    
1001c281  ti_sysbios_hal_Hwi_HwiProxy_enableInterrupt__E                            
1001c281  ti_sysbios_hal_Hwi_enableInterrupt__E                                     
1001c285  ti_sysbios_hal_Hwi_HwiProxy_getStackInfo__E                               
1001c285  ti_sysbios_hal_Hwi_getStackInfo__E                                        
1001c289  ti_sysbios_hal_Hwi_HwiProxy_startup__E                                    
1001c289  ti_sysbios_hal_Hwi_startup__E                                             
1001c28d  ti_sysbios_hal_Hwi_HwiProxy_switchFromBootStack__E                        
1001c291  ti_sysbios_hal_Hwi_delete                                                 
1001c295  ti_sysbios_hal_Hwi_switchFromBootStack__E                                 
1001c299  ti_sysbios_heaps_HeapMem_Module_GateProxy_enter__E                        
1001c29d  ti_sysbios_heaps_HeapMem_Module_GateProxy_leave__E                        
1001c2a1  ti_sysbios_heaps_HeapMem_isBlocking__E                                    
1001c2a5  ti_sysbios_knl_Clock_TimerProxy_Module__startupDone__S                    
1001c2a9  ti_sysbios_knl_Clock_TimerProxy_getExpiredTicks__E                        
1001c2ad  ti_sysbios_knl_Clock_TimerProxy_getPeriod__E                              
1001c2b1  ti_sysbios_knl_Clock_delete                                               
1001c2b5  ti_sysbios_knl_Clock_destruct                                             
1001c2b9  ti_sysbios_knl_Clock_removeI__E                                           
1001c2bd  ti_sysbios_knl_Clock_setTimeout__E                                        
1001c2c1  ti_sysbios_knl_Mailbox_delete                                             
1001c2c5  ti_sysbios_knl_Mailbox_destruct                                           
1001c2c9  ti_sysbios_knl_Queue_delete                                               
1001c2cd  ti_sysbios_knl_Queue_destruct                                             
1001c2d1  ti_sysbios_knl_Queue_head__E                                              
1001c2d5  ti_sysbios_knl_Queue_next__E                                              
1001c2d9  ti_sysbios_knl_Semaphore_delete                                           
1001c2dd  ti_sysbios_knl_Semaphore_destruct                                         
1001c2e1  ti_sysbios_knl_Swi_delete                                                 
1001c2e5  ti_sysbios_knl_Swi_destruct                                               
1001c2e9  ti_sysbios_knl_Swi_postInit__I                                            
1001c2ed  ti_sysbios_knl_Task_SupportProxy_Module__startupDone__S                   
1001c2f1  ti_sysbios_knl_Task_SupportProxy_getStackAlignment__E                     
1001c2f5  ti_sysbios_knl_Task_SupportProxy_start__E                                 
1001c2f9  ti_sysbios_knl_Task_SupportProxy_swap__E                                  
1001c2fd  ti_sysbios_knl_Task_delete                                                
1001c301  ti_sysbios_knl_Task_destruct                                              
1001c305  ti_sysbios_knl_Task_startup__E                                            
1001c309  xdc_runtime_Startup_startMods__I                                          
1001c401  xdc_runtime_Core_createObject__I                                          
1001c483  xdc_runtime_Error_policySpin__E                                           
1001c485  xdc_runtime_Memory_alloc__E                                               
1001c4f5  xdc_runtime_Core_deleteObject__I                                          
1001c555  xdc_runtime_Startup_exec__E                                               
1001c5a5  xdc_runtime_Assert_raise__I                                               
1001c5ed  xdc_runtime_Core_assignParams__I                                          
1001c635  xdc_runtime_Core_constructObject__I                                       
1001c67d  xdc_runtime_System_atexit__E                                              
1001c6b5  xdc_runtime_System_processAtExit__E                                       
1001c6e9  xdc_runtime_Core_assignLabel__I                                           
1001c719  xdc_runtime_Text_cordText__E                                              
1001c745  xdc_runtime_System_abort__E                                               
1001c765  xdc_runtime_Error_raiseX__E                                               
1001c781  xdc_runtime_Memory_valloc__E                                              
1001c79d  xdc_runtime_Core_destructObject__I                                        
1001c7b5  xdc_runtime_Error_check__E                                                
1001c7cd  xdc_runtime_System_exit__E                                                
1001c7e5  xdc_runtime_Text_ropeText__E                                              
1001c7fd  xdc_runtime_Memory_free__E                                                
1001c80d  xdc_runtime_SysCallback_abort__E                                          
1001c81d  xdc_runtime_SysCallback_exit__E                                           
1001c82d  xdc_runtime_Timestamp_SupportProxy_get32__E                               
1001c82d  xdc_runtime_Timestamp_get32__E                                            
1001c83d  xdc_runtime_Error_init__E                                                 
1001c849  xdc_runtime_Memory_calloc__E                                              
1001c855  xdc_runtime_Memory_getMaxDefaultTypeAlign__E                              
1001c875  xdc_runtime_Gate_leaveSystem__E                                           
1001c87b  xdc_runtime_System_Module_startup__E                                      
1001c881  xdc_runtime_Gate_enterSystem__E                                           
1001c885  xdc_runtime_Memory_HeapProxy_alloc__E                                     
1001c889  xdc_runtime_Memory_HeapProxy_free__E                                      
1001c88d  xdc_runtime_System_Module_GateProxy_enter__E                              
1001c891  xdc_runtime_System_Module_GateProxy_leave__E                              
1001c895  xdc_runtime_System_abortSpin__E                                           
1001c897  xdc_runtime_System_exitSpin__E                                            
1001c899  ti_sysbios_family_arm_m3_Hwi_dispatch__I                                  
1001c969  ti_sysbios_family_arm_m3_TaskSupport_buildTaskStack                       
1001c9b5  ti_sysbios_family_arm_m3_Hwi_initStacks__E                                
1001c9fd  ti_sysbios_family_arm_m3_Hwi_excHandlerAsm__I                             
1001ca1d  ti_sysbios_family_xxx_Hwi_switchAndRunFunc                                
1001ca3b  ti_sysbios_family_arm_m3_Hwi_pendSV__I                                    
1001ca53  ti_sysbios_family_arm_m3_Hwi_return                                       
1001ca55  ti_sysbios_family_arm_m3_TaskSupport_glue                                 
1001ca65  ti_sysbios_family_arm_m3_TaskSupport_swap__E                              
1001ca6d  ti_sysbios_knl_Task_swapReturn                                            
1001ca97  ti_sysbios_rom_cortexm_cc13xx_CC13xx_getRevision__E                       
20000000  ti_sysbios_family_arm_m3_Hwi_ramVectors                                   
20000100  ti_sysbios_knl_Task_Module__state__V                                      
20000144  ti_sysbios_family_arm_m3_Hwi_Module__state__V                             
20000178  ti_sysbios_knl_Clock_Module__state__V                                     
200001a4  ti_sysbios_BIOS_Module__state__V                                          
200001c8  ti_sysbios_knl_Swi_Module__state__V                                       
200001e4  ti_sysbios_family_arm_cc26xx_Timer_Module__state__V                       
200001ec  ti_sysbios_family_arm_cc26xx_TimestampProvider_Module__state__V           
200001f0  xdc_runtime_Startup_Module__state__V                                      
200001f8  xdc_runtime_System_Module__state__V                                       
20000200  xdc_runtime_Memory_Module__state__V                                       
20000520  user0Cfg                                                                  
2000053c  Main_user1Cfg                                                             
20000584  myTask                                                                    
200005d4  myTaskStack                                                               
20000902  Jdllc_events                                                              
20000908  Jdllc_keySource                                                           
20000934  Jdllc_statistics                                                          
20000a00  PowerCC26XX_module                                                        
20000b0c  Ssf_resetReseason                                                         
20000b10  Ssf_resetCount                                                            
20000c10  ti_sysbios_family_arm_cc26xx_Timer_Module__root__V                        
20000c18  ti_sysbios_family_arm_m3_Hwi_Module__root__V                              
20000c20  ti_sysbios_family_arm_m3_Hwi_Object__table__V                             
20000c38  ti_sysbios_family_arm_m3_Hwi_Module_State_0_excActive__A                  
20000c3c  ti_sysbios_family_arm_m3_Hwi_Module_State_0_excContext__A                 
20000c40  ti_sysbios_family_arm_m3_Hwi_Module_State_0_excStack__A                   
20000c44  ti_sysbios_gates_GateHwi_Module__root__V                                  
20000c4c  ti_sysbios_gates_GateHwi_Object__table__V                                 
20000c50  ti_sysbios_gates_GateMutex_Module__root__V                                
20000c58  ti_sysbios_hal_Hwi_Module__root__V                                        
20000c60  ti_sysbios_heaps_HeapMem_Module__root__V                                  
20000c68  ti_sysbios_heaps_HeapMem_Object__table__V                                 
20000c80  ti_sysbios_knl_Clock_Module__root__V                                      
20000c88  ti_sysbios_knl_Clock_Object__table__V                                     
20000ca8  ti_sysbios_knl_Event_Module__root__V                                      
20000cb0  ti_sysbios_knl_Mailbox_Module__root__V                                    
20000cb8  ti_sysbios_knl_Queue_Module__root__V                                      
20000cc0  ti_sysbios_knl_Semaphore_Module__root__V                                  
20000cc8  ti_sysbios_knl_Swi_Module__root__V                                        
20000cd0  ti_sysbios_knl_Task_Module__root__V                                       
20000cd8  ti_sysbios_knl_Task_Module_State_0_idleTask__A                            
20000cdc  __xdc__init__addr                                                         
20000ce2  Sensor_events                                                             
20000d2c  Sensor_msgStats                                                           
20000d98  ICall_dispatcher                                                          
20000d9c  ICall_enterCriticalSection                                                
20000da0  ICall_leaveCriticalSection                                                
20000dbc  HEAPMGR_SIZE                                                              
20000e20  ti_sysbios_knl_Task_Object__table__V                                      
20000eb4  g_ui32CurrentAesOp                                                        
20000eb8  ti_sysbios_family_arm_cc26xx_Timer_Object__table__V                       
20000f7c  ti_sysbios_gates_GateMutex_Object__table__V                               
20000fb4  ti_sysbios_knl_Swi_Module_State_0_readyQ__A                               
20000fe4  ti_sysbios_knl_Swi_Object__table__V                                       
20001014  ti_sysbios_knl_Task_Module_State_0_readyQ__A                              
20001044  ApiMac_appEntity                                                          
20001054  ApiMac_extAddr                                                            
20001070  _lock                                                                     
20001074  _unlock                                                                   
20001078  xdc_runtime_Registry_Module__state__V                                     
20001084  main_func_sp                                                              
20001090  ti_sysbios_heaps_HeapMem_Instance_State_0_buf__A                          
20001bc8  ti_sysbios_knl_Task_Instance_State_0_stack__A                             
20001dc8  spiCC26XXDMAObjects                                                       
200020c0  ti_sysbios_family_arm_m3_Hwi_dispatchTable                                
20002188  cryptoCC26XXObjects                                                       
20002208  PIN_HandleTable                                                           
20002284  displaySharpObject                                                        
200023f4  udmaObjects                                                               
200024f8  PIN_NumPins                                                               
2000252d  driverlib_release_0_45566                                                 
2000252e  g_hwiInt                                                                  
20002532  heapStart                                                                 
20003900  __stack                                                                   
20003900  heapEnd                                                                   
20003e00  __STACK_END                                                               
20003e00  __STACK_TOP                                                               
e000e000  ti_sysbios_family_arm_m3_Hwi_nvic                                         
ffffffff  __binit__                                                                 
ffffffff  __c_args__                                                                
ffffffff  binit                                                                     
UNDEFED   HwiP_restore                                                              
UNDEFED   SHT$$INIT_ARRAY$$Base                                                     
UNDEFED   SHT$$INIT_ARRAY$$Limit                                                    
UNDEFED   ti_sysbios_BIOS_RtsGateProxy_Handle__label__S__mangled__                  
UNDEFED   ti_sysbios_BIOS_RtsGateProxy_Object__delete__S__mangled__                 
UNDEFED   ti_sysbios_BIOS_RtsGateProxy_Params__init__S__mangled__                   
UNDEFED   ti_sysbios_BIOS_RtsGateProxy_query__E__mangled__                          
UNDEFED   ti_sysbios_hal_Hwi_HwiProxy_Module__startupDone__S__mangled__             
UNDEFED   ti_sysbios_hal_Hwi_HwiProxy_Object__delete__S__mangled__                  
UNDEFED   ti_sysbios_hal_Hwi_HwiProxy_Params__init__S__mangled__                    
UNDEFED   ti_sysbios_hal_Hwi_HwiProxy_disableInterrupt__E__mangled__                
UNDEFED   ti_sysbios_hal_Hwi_HwiProxy_enableInterrupt__E__mangled__                 
UNDEFED   ti_sysbios_hal_Hwi_HwiProxy_getStackInfo__E__mangled__                    
UNDEFED   ti_sysbios_hal_Hwi_HwiProxy_startup__E__mangled__                         
UNDEFED   ti_sysbios_hal_Hwi_HwiProxy_switchFromBootStack__E__mangled__             
UNDEFED   ti_sysbios_hal_Hwi_disableInterrupt__E                                    
UNDEFED   ti_sysbios_hal_Hwi_enableInterrupt__E                                     
UNDEFED   ti_sysbios_hal_Hwi_getStackInfo__E                                        
UNDEFED   ti_sysbios_hal_Hwi_startup__E                                             
UNDEFED   ti_sysbios_hal_Hwi_switchFromBootStack__E                                 
UNDEFED   ti_sysbios_heaps_HeapMem_Module_GateProxy_Handle__label__S__mangled__     
UNDEFED   ti_sysbios_heaps_HeapMem_Module_GateProxy_Object__delete__S__mangled__    
UNDEFED   ti_sysbios_heaps_HeapMem_Module_GateProxy_Params__init__S__mangled__      
UNDEFED   ti_sysbios_heaps_HeapMem_Module_GateProxy_query__E__mangled__             
UNDEFED   ti_sysbios_knl_Clock_TimerProxy_Module__startupDone__S__mangled__         
UNDEFED   ti_sysbios_knl_Clock_TimerProxy_startup__E__mangled__                     
UNDEFED   ti_sysbios_knl_Task_SupportProxy_Module__startupDone__S__mangled__        
UNDEFED   ti_sysbios_knl_Task_SupportProxy_getStackAlignment__E__mangled__          
UNDEFED   ti_sysbios_knl_Task_SupportProxy_start__E__mangled__                      
UNDEFED   ti_sysbios_knl_Task_SupportProxy_swap__E__mangled__                       
UNDEFED   xdc_runtime_Main_Module_GateProxy_Handle__label__S                        
UNDEFED   xdc_runtime_Main_Module_GateProxy_Object__delete__S                       
UNDEFED   xdc_runtime_Main_Module_GateProxy_query__E                                
UNDEFED   xdc_runtime_Memory_HeapProxy_Handle__label__S__mangled__                  
UNDEFED   xdc_runtime_Memory_HeapProxy_Object__delete__S__mangled__                 
UNDEFED   xdc_runtime_System_Module_GateProxy_Handle__label__S__mangled__           
UNDEFED   xdc_runtime_System_Module_GateProxy_Object__delete__S__mangled__          
UNDEFED   xdc_runtime_System_Module_GateProxy_query__E__mangled__                   
UNDEFED   xdc_runtime_System_SupportProxy_abort__E                                  
UNDEFED   xdc_runtime_System_SupportProxy_exit__E                                   
UNDEFED   xdc_runtime_Timestamp_SupportProxy_get64__E__mangled__                    
UNDEFED   xdc_runtime_Timestamp_SupportProxy_getFreq__E__mangled__                  
UNDEFED   xdc_runtime_Timestamp_get32__E                                            
UNDEFED   xdc_runtime_Timestamp_get64__E                                            
UNDEFED   xdc_runtime_Timestamp_getFreq__E                                          

[957 symbols]
