******************************************************************************
                  TI ARM Linker PC v5.2.6                      
******************************************************************************
>> Linked Mon Oct 03 18:03:10 2016

OUTPUT FILE NAME:   <timac_cc13xx_ffd.out>
ENTRY POINT SYMBOL: "startup_entry"  address: 0000e001


MEMORY CONFIGURATION

         name            origin    length      used     unused   attr    fill
----------------------  --------  ---------  --------  --------  ----  --------
  FLASH                 0000e000   0000f000  0000eb73  0000048d  R  X
  SRAM                  20003100   00001e00  00001c8b  00000175  RW X


SEGMENT ALLOCATION MAP

run origin  load origin   length   init length attrs members
----------  ----------- ---------- ----------- ----- -------
0000e000    0000e000    0000e92d   0000e92d    r-x
  0000e000    0000e000    00000024   00000024    r-x EntrySection
  0000e024    0000e024    0000da46   0000da46    r-x .text
  0001ba6c    0001ba6c    00000ec1   00000ec1    r-- .const
0001c930    0001c930    00000008   00000008    rw-
  0001c930    0001c930    00000008   00000008    rw- .args
0001c938    0001c938    00000240   00000240    r--
  0001c938    0001c938    00000240   00000240    r-- .cinit
20003100    20003100    00001b8c   00000000    rw-
  20003100    20003100    000015af   00000000    rw- .bss
  200046b0    200046b0    000005dc   00000000    rw- .data
20004e00    20004e00    00000100   00000000    rw-
  20004e00    20004e00    00000100   00000000    rw- .stack


SECTION ALLOCATION MAP

 output                                  attributes/
section   page    origin      length       input sections
--------  ----  ----------  ----------   ----------------
EntrySection 
*          0    0000e000    00000024     
                  0000e000    00000024     icall_startup.obj (EntrySection)

.text      0    0000e024    0000da46     
                  0000e024    0000112c     maclib_cc13xx.a : mac_mgmt.obj (.text)
                  0000f150    00001120                     : fh_ie.obj (.text)
                  00010270    00000e38                     : mac_coord.obj (.text)
                  000110a8    000009f8                     : mac_data.obj (.text)
                  00011aa0    000009d0                     : mac_radio_tx.obj (.text)
                  00012470    00000990                     : mac_rx.obj (.text)
                  00012e00    0000089c                     : mac_security.obj (.text)
                  0001369c    00000830                     : mac_tx.obj (.text)
                  00013ecc    00000760     macwrapper.obj (.text)
                  0001462c    00000760     osal.obj (.text)
                  00014d8c    0000073c     maclib_cc13xx.a : mac.obj (.text)
                  000154c8    000006f8                     : mac_beacon_device.obj (.text)
                  00015bc0    000006e0                     : mac_device.obj (.text)
                  000162a0    00000654                     : mac_beacon_coord.obj (.text)
                  000168f4    00000648                     : mac_radio.obj (.text)
                  00016f3c    000005dc     MacStack.obj (.text)
                  00017518    000005c8     maclib_cc13xx.a : mac_scan.obj (.text)
                  00017ae0    000004f8                     : fh_api.obj (.text)
                  00017fd8    000004cc                     : fh_util.obj (.text)
                  000184a4    0000045c                     : mac_symbol_timer.obj (.text)
                  00018900    000003e4     mac_security_pib.obj (.text)
                  00018ce4    00000350     maclib_cc13xx.a : mac_timer.obj (.text)
                  00019034    000002f4                     : mac_main.obj (.text)
                  00019328    000002c4                     : fh_mgr.obj (.text)
                  000195ec    00000294                     : fh_data.obj (.text)
                  00019880    00000278                     : mac_ie_build.obj (.text)
                  00019af8    00000234     fh_nt.obj (.text)
                  00019d2c    0000022c     mac_pib.obj (.text)
                  00019f58    0000022c     maclib_cc13xx.a : mac_beacon.obj (.text)
                  0001a184    0000021e     rtsv7M3_T_le_eabi.lib : ll_div_t2.obj (.text)
                  0001a3a2    00000002                           : i_div0.obj (.text)
                  0001a3a4    00000200     maclib_cc13xx.a : mac_mcu.obj (.text)
                  0001a5a4    000001f4     rtsv7M3_T_le_eabi.lib : ull_div_t2.obj (.text)
                  0001a798    000001ea     maclib_cc13xx.a : mac_ie_parse.obj (.text)
                  0001a982    00000002     rtsv7M3_T_le_eabi.lib : l_div0.obj (.text)
                  0001a984    000001b4     maclib_cc13xx.a : fh_dh1cf.obj (.text)
                  0001ab38    00000190                     : mac_rx_onoff.obj (.text)
                  0001acc8    0000017c     fh_pib.obj (.text)
                  0001ae44    00000118     osal_timers.obj (.text)
                  0001af5c    00000108     osaltasks.obj (.text)
                  0001b064    000000ac     driverlib.lib : crypto.obj (.text:NOROM_CRYPTOAesEcb)
                  0001b110    000000ac                   : crypto.obj (.text:NOROM_CRYPTOAesLoadKey)
                  0001b1bc    000000ac     hal_aes.obj (.text)
                  0001b268    000000a4     osal_pwrmgr.obj (.text)
                  0001b30c    0000009c     rtsv7M3_T_le_eabi.lib : memcpy_t2.obj (.text)
                  0001b3a8    00000084     maclib_cc13xx.a : mac_low_level.obj (.text)
                  0001b42c    0000007a     rtsv7M3_T_le_eabi.lib : memset_t2.obj (.text)
                  0001b4a6    00000002     --HOLE-- [fill = 0]
                  0001b4a8    00000070     driverlib.lib : chipinfo.obj (.text:ChipInfo_GetHwRevision)
                  0001b518    0000006c     maclib_cc13xx.a : fh_sm.obj (.text)
                  0001b584    0000006c     rtsv7M3_T_le_eabi.lib : autoinit.obj (.text)
                  0001b5f0    0000006a                           : copy_decompress_rle.obj (.text)
                  0001b65a    00000002     --HOLE-- [fill = 0]
                  0001b65c    00000068     osal_clock.obj (.text)
                  0001b6c4    00000062     saddr.obj (.text)
                  0001b726    00000002     --HOLE-- [fill = 0]
                  0001b728    00000060     maclib_cc13xx.a : mac_pwr.obj (.text)
                  0001b788    0000005c     hal_trng_wrapper.obj (.text)
                  0001b7e4    00000058     maclib_cc13xx.a : mac_sleep.obj (.text)
                  0001b83c    0000004c     driverlib.lib : chipinfo.obj (.text:ChipInfo_GetChipFamily)
                  0001b888    0000004c     osal_memory_icall.obj (.text)
                  0001b8d4    0000004c     rtsv7M3_T_le_eabi.lib : cpy_tbl.obj (.text)
                  0001b920    00000040     driverlib.lib : crypto.obj (.text:NOROM_CRYPTOAesEcbStatus)
                  0001b960    00000040     rtsv7M3_T_le_eabi.lib : u_divt2.obj (.text)
                  0001b9a0    00000024     driverlib.lib : trng.obj (.text:NOROM_TRNGConfigure)
                  0001b9c4    00000022     rtsv7M3_T_le_eabi.lib : memcmp.obj (.text)
                  0001b9e6    00000002     --HOLE-- [fill = 0]
                  0001b9e8    00000020     hal_appasrt.obj (.text)
                  0001ba08    00000018     rtsv7M3_T_le_eabi.lib : ll_mul_t2.obj (.text)
                  0001ba20    00000014                           : strlen.obj (.text)
                  0001ba34    00000010     driverlib.lib : trng.obj (.text:NOROM_TRNGNumberGet)
                  0001ba44    0000000e     rtsv7M3_T_le_eabi.lib : copy_decompress_none.obj (.text:decompress:none)
                  0001ba52    0000000c                           : copy_zero_init.obj (.text:decompress:ZI)
                  0001ba5e    00000006     driverlib.lib : cpu.obj (.text:NOROM_CPUdelay)
                  0001ba64    00000006     rtsv7M3_T_le_eabi.lib : copy_decompress_rle.obj (.text:decompress:rle24)

.const     0    0001ba6c    00000ec1     
                  0001ba6c    000006a8     mac_security_pib.obj (.const)
                  0001c114    000001c0     fh_pib.obj (.const)
                  0001c2d4    00000194     mac_pib.obj (.const)
                  0001c468    00000190     maclib_cc13xx.a : fh_sm.obj (.const:FH_stateMatrix)
                  0001c5f8    00000170                     : mac_main.obj (.const)
                  0001c768    0000006c                     : mac_data.obj (.const)
                  0001c7d4    0000006a                     : mac_main.obj (.const:macIdleSt)
                  0001c83e    0000006a                     : mac_main.obj (.const:macScanningSt)
                  0001c8a8    00000040                     : mac_timer.obj (.const:macTimerRolloverValue)
                  0001c8e8    00000013     MacStack.obj (.const:.string)
                  0001c8fb    00000001     --HOLE-- [fill = 0]
                  0001c8fc    0000000c     maclib_cc13xx.a : mac_security.obj (.const)
                  0001c908    00000008                     : fh_api.obj (.const:.string)
                  0001c910    00000008                     : fh_data.obj (.const:.string)
                  0001c918    00000008                     : fh_ie.obj (.const:.string)
                  0001c920    00000008                     : mac_rx.obj (.const)
                  0001c928    00000005     osaltasks.obj (.const)

.cinit     0    0001c938    00000240     
                  0001c938    00000216     (.cinit..data.load) [load image, compression = rle]
                  0001cb4e    00000002     --HOLE-- [fill = 0]
                  0001cb50    0000000c     (__TI_handler_table)
                  0001cb5c    00000004     --HOLE-- [fill = 0]
                  0001cb60    00000008     (.cinit..bss.load) [load image, compression = zero_init]
                  0001cb68    00000010     (__TI_cinit_table)

.init_array 
*          0    0000e000    00000000     UNINITIALIZED

.bss       0    20003100    000015af     UNINITIALIZED
                  20003100    000008c0     fh_nt.obj (.bss)
                  200039c0    0000067c     mac_security_pib.obj (.bss:macSecurityPib)
                  2000403c    00000224     maclib_cc13xx.a : mac_rx.obj (.bss)
                  20004260    000000b0     mac_pib.obj (.bss)
                  20004310    00000090     maclib_cc13xx.a : mac_radio.obj (.bss:RF_object$42)
                  200043a0    00000088     fh_pib.obj (.bss:FHPIB_db)
                  20004428    00000078     maclib_cc13xx.a : mac_device.obj (.bss)
                  200044a0    0000006c                     : mac_scan.obj (.bss)
                  2000450c    00000068                     : mac_beacon_coord.obj (.bss)
                  20004574    00000068                     : mac_coord.obj (.bss)
                  200045dc    00000064                     : fh_api.obj (.bss:FH_hnd)
                  20004640    00000044                     : mac_beacon_device.obj (.bss)
                  20004684    0000000c     icall_startup.obj (.bss)
                  20004690    00000008     maclib_cc13xx.a : mac_security.obj (.bss)
                  20004698    00000008     osal_timers.obj (.bss)
                  200046a0    00000004     (.common:lastTrngVal$3)
                  200046a4    00000004     (.common:tasksEvents)
                  200046a8    00000001     (.common:macPwr)
                  200046a9    00000001     (.common:macRxActive)
                  200046aa    00000001     (.common:macRxEnableFlags)
                  200046ab    00000001     (.common:macRxOutgoingAckFlag)
                  200046ac    00000001     (.common:macSymbolTimerImpending)
                  200046ad    00000001     (.common:macTxActive)
                  200046ae    00000001     (.common:txRetransmitFlag$46)

.data      0    200046b0    000005dc     UNINITIALIZED
                  200046b0    00000140     maclib_cc13xx.a : mac_data.obj (.data)
                  200047f0    0000013c     mac_settings.obj (.data)
                  2000492c    00000064     maclib_cc13xx.a : mac_main.obj (.data)
                  20004990    0000005c     mac_settings.obj (.data:pOverridesPG21)
                  200049ec    00000004     driverlib.lib : crypto.obj (.data)
                  200049f0    00000058     maclib_cc13xx.a : mac.obj (.data)
                  20004a48    00000054                     : fh_sm.obj (.data)
                  20004a9c    00000048                     : fh_ie.obj (.data:FHIE_channelPlan$63)
                  20004ae4    00000040     MacStack.obj (.data)
                  20004b24    00000040     maclib_cc13xx.a : mac_beacon.obj (.data)
                  20004b64    0000003c                     : mac_mgmt.obj (.data)
                  20004ba0    00000030                     : mac_radio_tx.obj (.data)
                  20004bd0    00000030                     : mac_tx.obj (.data)
                  20004c00    0000002c     osal.obj (.data)
                  20004c2c    00000020     maclib_cc13xx.a : mac_radio.obj (.data)
                  20004c4c    00000018                     : mac_symbol_timer.obj (.data)
                  20004c64    00000014                     : mac_timer.obj (.data)
                  20004c78    00000008     osal_clock.obj (.data)
                  20004c80    00000004     hal_appasrt.obj (.data)
                  20004c84    00000004     maclib_cc13xx.a : mac_mcu.obj (.data)
                  20004c88    00000004     osal_pwrmgr.obj (.data)

.TI.noinit 
*          0    20003100    00000000     UNINITIALIZED

.TI.persistent 
*          0    200046b0    00000000     UNINITIALIZED

.stack     0    20004e00    00000100     UNINITIALIZED
                  20004e00    00000100     --HOLE--

.args      0    0001c930    00000008     
                  0001c930    00000008     --HOLE-- [fill = 0]


LINKER GENERATED COPY TABLES

__TI_cinit_table @ 0001cb68 records: 2, size/record: 8, table size: 16
	.data: load addr=0001c938, load size=00000216 bytes, run addr=200046b0, run size=000005dc bytes, compression=rle
	.bss: load addr=0001cb60, load size=00000008 bytes, run addr=20003100, run size=000015af bytes, compression=zero_init


LINKER GENERATED HANDLER TABLE

__TI_handler_table @ 0001cb50 records: 3, size/record: 4, table size: 12
	index: 0, handler: __TI_decompress_rle24
	index: 1, handler: __TI_decompress_none
	index: 2, handler: __TI_zero_init


GLOBAL SYMBOLS: SORTED ALPHABETICALLY BY Name 

address   name                                     
-------   ----                                     
20004ae4  AppTaskId                                
0001b83d  ChipInfo_GetChipFamily                   
0001b4a9  ChipInfo_GetHwRevision                   
20004694  Crypto_handle                            
00017f79  FHAPI_SFDRxCb                            
00017e89  FHAPI_completeRxCb                       
00017db5  FHAPI_completeTxCb                       
00017d4d  FHAPI_getTxParams                        
00017ae1  FHAPI_reset                              
00017c95  FHAPI_sendData                           
00017f2f  FHAPI_setStateCb                         
00017b53  FHAPI_start                              
00017c01  FHAPI_startBS                            
00017c69  FHAPI_stopAsync                          
0001984b  FHDATA_checkPktFromQueue                 
000197b9  FHDATA_getPktFromQueue                   
000195fb  FHDATA_procASYNCReq                      
000196df  FHDATA_purgePktFromQueue                 
00019745  FHDATA_purgeUnSupportedFrameTypes        
00019699  FHDATA_requeuePkt                        
0001aaad  FHDH1CF_getBCChannelNum                  
0001aa8b  FHDH1CF_getBcCh                          
0001a9c1  FHDH1CF_getCh                            
0001aa51  FHDH1CF_getChannelNum                    
0001ab11  FHDH1CF_getTxChannelNum                  
0001a985  FHDH1CF_hashword                         
0001aa07  FHDH1CF_mapChIdxChannel                  
20004a58  FHFSM_Dbg                                
0000f183  FHIE_extractHie                          
0000f299  FHIE_extractPie                          
0000fcf3  FHIE_gen                                 
0000fbaf  FHIE_getLen                              
0000fd13  FHIE_parseHie                            
0001005d  FHIE_parsePie                            
0001953b  FHMGR_bcTimerIsrCb                       
00019459  FHMGR_macCancelFHTimer                   
00019329  FHMGR_macGetElapsedFHTime                
000194b3  FHMGR_macStartFHTimer                    
000193e3  FHMGR_pendBcChUpdate                     
000193e9  FHMGR_pendUcChUpdate                     
000194ff  FHMGR_ucTimerIsrCb                       
0001938d  FHMGR_updateHopping                      
00019337  FHMGR_updateRadioBCChannel               
000193ef  FHMGR_updateRadioUCChannel               
00019c99  FHNT_createEntry                         
00019bcd  FHNT_getEntry                            
20003100  FHNT_hnd                                 
00019b17  FHNT_init                                
00019b2f  FHNT_purgeEntry                          
00019af9  FHNT_reset                               
20003124  FHNT_table                               
200043a0  FHPIB_db                                 
0001aded  FHPIB_get                                
0001ace5  FHPIB_getLen                             
0001ad03  FHPIB_reset                              
0001ad0f  FHPIB_set                                
0001b541  FHSM_event                               
00018267  FHUTIL_adjBackOffDur                     
0001808d  FHUTIL_assert                            
0001823b  FHUTIL_calcUfsi                          
00018409  FHUTIL_compBfioTxTime                    
00018091  FHUTIL_elapsedTime                       
00018187  FHUTIL_getBcTxParams                     
00017fff  FHUTIL_getBitCounts                      
000183a5  FHUTIL_getCh0                            
000183d1  FHUTIL_getChannelSpacing                 
000180fb  FHUTIL_getCurBfio                        
00018097  FHUTIL_getCurUfsi                        
000180e9  FHUTIL_getElapsedTime                    
000181d9  FHUTIL_getGuardTime                      
00017fd9  FHUTIL_getMaxChannels                    
0001833b  FHUTIL_getTxChannel                      
00018245  FHUTIL_getTxUfsi                         
00018323  FHUTIL_getUcChannel                      
00018095  FHUTIL_noAction                          
00018071  FHUTIL_updateBcNumChannels               
00018057  FHUTIL_updateUcNumChannels               
0001841d  FHUTIl_updateBTIE                        
20004a48  FH_FSM                                   
200045dc  FH_hnd                                   
000195ed  FH_procEDFEReq                           
000195f5  FH_startEDFEReq                          
000195f3  FH_startEDFETimer                        
0001c468  FH_stateMatrix                           
0001b519  FSM_transaction_debug                    
0001b9e9  HAL_APPASRT_callAssrtHanlder             
0001b9f5  HAL_APPASRT_register                     
0001b24b  HalAesInit                               
0001b7a5  HalTRNG_GetTRNG                          
0001b789  HalTRNG_InitTRNG                         
2000468c  ICall_dispatcher                         
20004684  ICall_enterCriticalSection               
20004688  ICall_leaveCriticalSection               
000173bf  MAC_CbackCheckPending                    
000173cf  MAC_CbackEvent                           
00017495  MAC_CbackQueryRetransmit                 
0000e515  MAC_EnableFH                             
00019d6d  MAC_GetPHYParamReq                       
0000f0f3  MAC_Init                                 
00016537  MAC_InitBeaconCoord                      
0001560f  MAC_InitBeaconDevice                     
00010a1b  MAC_InitCoord                            
00016059  MAC_InitDevice                           
0000e539  MAC_InitFH                               
000110ff  MAC_McpsDataAlloc                        
000111db  MAC_McpsDataReq                          
00010a0b  MAC_McpsPurgeReq                         
0001604b  MAC_MlmeAssociateReq                     
00010a01  MAC_MlmeAssociateRsp                     
0000e40d  MAC_MlmeDisassociateReq                  
0000e345  MAC_MlmeFHGetReq                         
0000e327  MAC_MlmeFHGetReqSize                     
0000e375  MAC_MlmeFHSetReq                         
00018913  MAC_MlmeGetPointerSecurityReq            
00019ef1  MAC_MlmeGetReq                           
00019d8b  MAC_MlmeGetReqSize                       
00018b99  MAC_MlmeGetSecurityReq                   
00018935  MAC_MlmeGetSecurityReqSize               
000109f7  MAC_MlmeOrphanRsp                        
00016043  MAC_MlmePollReq                          
0000e461  MAC_MlmeResetReq                         
00017543  MAC_MlmeScanReq                          
00019dc1  MAC_MlmeSetReq                           
000189c7  MAC_MlmeSetSecurityReq                   
000109ef  MAC_MlmeStartReq                         
0000f0eb  MAC_MlmeSyncReq                          
0000e367  MAC_MlmeWSAsyncReq                       
0001a429  MAC_RandomByte                           
0000e3b9  MAC_ResumeReq                            
0000e4f7  MAC_StartFH                              
0000e397  MAC_YieldReq                             
0001ba5f  NOROM_CPUdelay                           
0001b065  NOROM_CRYPTOAesEcb                       
0001b921  NOROM_CRYPTOAesEcbStatus                 
0001b111  NOROM_CRYPTOAesLoadKey                   
0001b9a1  NOROM_TRNGConfigure                      
0001ba35  NOROM_TRNGNumberGet                      
20004c7c  OSAL_timeSeconds                         
20004808  RF_cmdFs                                 
200047f8  RF_cmdNop                                
20004820  RF_cmdPropCs                             
2000483c  RF_cmdPropCsSlotted                      
20004878  RF_cmdPropRadioDivSetup                  
200048a0  RF_cmdPropRxAdv                          
20004858  RF_cmdPropTxAdv                          
200047f0  RF_cmdRat                                
20004c3c  RF_handle                                
20004c40  RF_params                                
UNDEFED   SHT$$INIT_ARRAY$$Base                    
UNDEFED   SHT$$INIT_ARRAY$$Limit                   
20004f00  __STACK_END                              
00000100  __STACK_SIZE                             
20004f00  __STACK_TOP                              
0001cb68  __TI_CINIT_Base                          
0001cb78  __TI_CINIT_Limit                         
0001cb50  __TI_Handler_Table_Base                  
0001cb5c  __TI_Handler_Table_Limit                 
0001b585  __TI_auto_init                           
0001ba45  __TI_decompress_none                     
0001ba65  __TI_decompress_rle24                    
0001c938  __TI_static_base__                       
0001ba53  __TI_zero_init                           
0001a3a3  __aeabi_idiv0                            
0001a983  __aeabi_ldiv0                            
0001a185  __aeabi_ldivmod                          
0001ba09  __aeabi_lmul                             
0001b42d  __aeabi_memclr                           
0001b42d  __aeabi_memclr4                          
0001b42d  __aeabi_memclr8                          
0001b30d  __aeabi_memcpy                           
0001b30d  __aeabi_memcpy4                          
0001b30d  __aeabi_memcpy8                          
0001b42f  __aeabi_memset                           
0001b42f  __aeabi_memset4                          
0001b42f  __aeabi_memset8                          
0001b961  __aeabi_uidiv                            
0001b961  __aeabi_uidivmod                         
0001a5a5  __aeabi_uldivmod                         
ffffffff  __binit__                                
0001c930  __c_args__                               
20004e00  __stack                                  
20004c2d  bInSwi                                   
ffffffff  binit                                    
0001b8d5  copy_in                                  
20004690  cryptoDrvTblPtr                          
200046f4  enhancedAckBuf                           
0001c910  fhSupFrameTypes                          
200049fa  fsCmdHandle                              
200049ec  g_ui32CurrentAesOp                       
20004a00  lastPostCmd                              
200049f0  lastRatChanA                             
200049f1  lastRatChanB                             
20004bec  macAckDbg                                
20004bb0  macAckTimer                              
2000496c  macActionSet                             
000117a9  macAllocTxBuffer                         
00016171  macApiAssociateReq                       
00010755  macApiAssociateRsp                       
0000e219  macApiBadState                           
000164e5  macApiBeaconStartReq                     
00011599  macApiDataReq                            
0000eb47  macApiDisassociateReq                    
000103b3  macApiOrphanRsp                          
0000e21f  macApiPending                            
00016001  macApiPollReq                            
00010f09  macApiPurgeReq                           
0001b729  macApiPwrOnReq                           
000175dd  macApiScanReq                            
00010971  macApiStartReq                           
000156bd  macApiSyncReq                            
0000f0d9  macApiUnsupported                        
0000ea43  macApiWSAsyncReq                         
0001622f  macAssocDataReq                          
00015fb5  macAssocDataReqComplete                  
00015f55  macAssocDataRxInd                        
00015d2b  macAssocFailed                           
00015d5d  macAssocFrameResponseTimeout             
00015d7d  macAssocRxDisassoc                       
00015cfd  macAssociateCnf                          
0001c692  macAssociatingSt                         
0001c900  macAuthTagLen                            
0001583d  macAutoPoll                              
20004b44  macBeacon                                
000162a1  macBeaconBattLifeCallback                
00019f59  macBeaconCheckSched                      
00016485  macBeaconCheckStartTime                  
0001a0ab  macBeaconCheckTxTime                     
0001685d  macBeaconClearIndirect                   
20004514  macBeaconCoord                           
00016475  macBeaconCoordReset                      
20004650  macBeaconDevice                          
00019ff3  macBeaconInit                            
20004b24  macBeaconMargin                          
20004af0  macBeaconPayload                         
000168a1  macBeaconPeriodCallback                  
000162a7  macBeaconPrepareCallback                 
0001a111  macBeaconRequeue                         
00019fd7  macBeaconReset                           
000162eb  macBeaconSetPrepareTime                  
0001a009  macBeaconSetSched                        
00016655  macBeaconSetupBroadcast                  
00019f77  macBeaconSetupCap                        
00016585  macBeaconStartContinue                   
00015571  macBeaconStartFrameResponseTimer         
000154c9  macBeaconStopTrack                       
00015993  macBeaconSyncLoss                        
000163bd  macBeaconTxCallback                      
00012f0d  macBlacklistChecking                     
000154f1  macBroadcastPendCallback                 
00016087  macBuildAssociateReq                     
00010639  macBuildAssociateRsp                     
00010d39  macBuildBeacon                           
0000ed21  macBuildBeaconNotifyInd                  
0000f059  macBuildCoexistEBeaconReq                
0000eb9d  macBuildCommonReq                        
0001148d  macBuildDataFrame                        
0000ea79  macBuildDisassociateReq                  
0000eddd  macBuildEBeaconNotifyInd                 
0000ef7f  macBuildEnhanceBeaconReq                 
00010481  macBuildEnhancedBeacon                   
0000e659  macBuildHeader                           
00019915  macBuildHeaderIes                        
00019881  macBuildPayloadCoexistIe                 
000199db  macBuildPayloadIes                       
00010c51  macBuildPendAddr                         
0001031f  macBuildRealign                          
0000e8d9  macBuildWSAsyncMsg                       
0001b7e5  macCanSleep                              
0001c604  macCbackEventTbl                         
000191bd  macCbackForEvent                         
0001359d  macCcmStarInverseTransform               
00013483  macCcmStarTransform                      
000155b7  macCheckPendAddr                         
000110df  macCheckSched                            
0001c79c  macCmdIncludeFHIe                        
0000e13b  macCommStatusInd                         
0000e241  macConflictSyncLossInd                   
200045a8  macCoord                                 
0000e06b  macCoordAddrCmp                          
0000e025  macCoordDestAddrCmp                      
00010271  macCoordReset                            
200046d4  macData                                  
200046d0  macDataBeaconRequeue                     
200046c8  macDataCheckSched                        
200046cc  macDataCheckTxTime                       
200046c0  macDataRequeueIndirect                   
00011277  macDataReset                             
200046b8  macDataRxBeaconCritical                  
000110a9  macDataRxInd                             
000112c5  macDataRxMemAlloc                        
000110f9  macDataRxMemFree                         
00011785  macDataSend                              
200046c4  macDataSetSched                          
200046b4  macDataTxBeaconComplete                  
000118cd  macDataTxComplete                        
200046e4  macDataTxDelay                           
000110db  macDataTxDelayCallback                   
0001140d  macDataTxEnqueue                         
200046bc  macDataTxIndirect                        
0001168d  macDataTxSend                            
00011661  macDataTxTimeAvailable                   
0000f0df  macDefaultAction                         
0000e26f  macDestAddrCmp                           
0000e2b1  macDestSAddrCmp                          
2000443c  macDevice                                
00012ec7  macDeviceDescriptorLookup                
00015bc1  macDeviceReset                           
0000e0f1  macDisassocComplete                      
0001632f  macEBeaconPrepareCallback                
00016407  macEBeaconTxCallback                     
00019247  macExecute                               
000110b9  macFrameDuration                         
20004a34  macFrmFilter                             
00014dc7  macFsCb                                  
200049f4  macFsCmdActive                           
0000e317  macGetCSMPhy                             
0000e2f5  macGetCoordAddress                       
0000e25d  macGetMyAddrMode                         
00016931  macGetRadioTxPowerReg                    
0001c7d4  macIdleSt                                
0001a8ab  macIeFreeList                            
000131e1  macIncomingFrameSecurity                 
00012f93  macIncomingFrameSecurityMaterialRetrieval
00013193  macIncomingKeyUsagePolicyChecking        
00015959  macIncomingNonSlottedTx                  
0001310d  macIncomingSecurityLevelChecking         
00010ba1  macIndirectExpire                        
00010fdd  macIndirectMark                          
00011035  macIndirectRequeueFrame                  
00010a91  macIndirectSend                          
00010f83  macIndirectTxFrame                       
0000e3b3  macIsCsmOperational                      
00012e4b  macKeyDescriptorLookup                   
0001c8fc  macKeySourceLen                          
0001b3db  macLowLevelBufferInit                    
0001b3e7  macLowLevelInit                          
000184d9  macLowLevelReset                         
000169ef  macLowLevelResume                        
0001b3a9  macLowLevelYield                         
20004260  macMRFSKGenPhyTable                      
00019d4b  macMRFSKGetPhyDesc                       
0001c2d4  macMRFSKStdPhyTable                      
20004930  macMain                                  
00019055  macMainReserve                           
00019141  macMainReset                             
0001a3a5  macMcuBitReverse                         
0001a52b  macMcuInit                               
0001a44b  macMcuOverflowCapture                    
0001a471  macMcuOverflowSetCompare                 
0001a433  macMcuOverflowSetCount                   
0001a4c7  macMcuOverflowSetPeriod                  
0001a429  macMcuRandomByte                         
0001a521  macMcuRandomWord                         
0001a45b  macMcuTimerCapture                       
20004b65  macMgmt                                  
20004b80  macMgmtAction1                           
20004b6c  macMgmtAction2                           
0000e425  macMgmtReset                             
0001a845  macMlmeSubIePresent                      
0000e23f  macNoAction                              
000132f3  macOutgoingFrameKeyDescRetrieval         
000133c1  macOutgoingFrameSecurity                 
000166a5  macOutgoingNonSlottedTx                  
00015c2d  macPanConflictComplete                   
20004b64  macPanCoordinator                        
0001a799  macParsePayloadIes                       
0001055f  macPendAddrLen                           
20004c30  macPhyChannel                            
20004c34  macPhyTxPower                            
20004290  macPib                                   
00019d2d  macPibIndex                              
00019d9f  macPibReset                              
00015c91  macPollCnf                               
00015ebd  macPollDataReqComplete                   
00015e6b  macPollDataRxInd                         
00015ca9  macPollFrameResponseTimeout              
00015e57  macPollRxAssocRsp                        
00015ce3  macPollRxDisassoc                        
0001c6fc  macPollingSt                             
20004c50  macPrevPeriodRatCount                    
00010411  macProcessEBeaconFilterIe                
200046a8  macPwr                                   
0001b72b  macPwrReset                              
0001b733  macPwrVote                               
20004ba8  macRadioAckFrame                         
00016be1  macRadioComputeLQI                       
000121a1  macRadioCsmaTxCb                         
00016c9d  macRadioEnergyDetectStop                 
000169ef  macRadioInit                             
000120a5  macRadioLbtTxCb                          
00016de1  macRadioPowerDown                        
00016e19  macRadioPowerUp                          
00016ebd  macRadioPowerUpWait                      
0001a429  macRadioRandomByte                       
00011af9  macRadioSendEnhAck                       
00011ab9  macRadioSendImmAck                       
00016d65  macRadioSetChannel                       
00016bd3  macRadioSetIEEEAddr                      
0001698b  macRadioSetPanCoordinator                
00016bbd  macRadioSetPanID                         
00016bc7  macRadioSetShortAddr                     
00016977  macRadioSetTxPower                       
00016c39  macRadioStartScan                        
0001691b  macRadioStopScan                         
000169ab  macRadioSwInit                           
000122dd  macRadioTxAckCb                          
00012351  macRadioTxCancelAckTimeout               
00011b3f  macRadioTxCancelTxAck                    
0001201d  macRadioTxEnhAckCb                       
00011d89  macRadioTxGo                             
00012007  macRadioTxGoGreenPower                   
00012001  macRadioTxGoLbt                          
0001200d  macRadioTxGoSlotted                      
00011fdf  macRadioTxGoSlottedCsma                  
00011b91  macRadioTxPrepCsmaSlotted                
00011bed  macRadioTxPrepCsmaUnslotted              
00011cc3  macRadioTxPrepGreenPower                 
00011c41  macRadioTxPrepLbt                        
00011cef  macRadioTxPrepSlotted                    
00012075  macRadioTxRequestAckTimeout              
00011aa1  macRadioTxRequestTxAck                   
00016cfd  macRadioUpdateChannel                    
00016dab  macRadioUpdateTxPower                    
00016be5  macRadioWakeupCb                         
20004c2c  macRadioYielded                          
00015049  macRatCb_A                               
0001506d  macRatCb_B                               
000153d9  macRatDisableChannels                    
00014dbf  macRegisterSfdDetect                     
20004950  macReset                                 
00012d4d  macRxAckTxDoneCallback                   
200046a9  macRxActive                              
00015dd9  macRxAssocRsp                            
000105f1  macRxAssociateReq                        
0000eead  macRxBeacon                              
00015a11  macRxBeaconCritical                      
000105cd  macRxBeaconReq                           
00014e0d  macRxCb                                  
000112d5  macRxCheckMACPendingCallback             
000112fb  macRxCheckPendingCallback                
200049f2  macRxCmdActive                           
00011319  macRxCompleteCallback                    
00015c31  macRxCoordRealign                        
20004046  macRxDataEntryOffset                     
20004054  macRxDataEntryQueue                      
00010b2d  macRxDataReq                             
0001abef  macRxDisable                             
0000e091  macRxDisassoc                            
0001abcb  macRxEnable                              
200046aa  macRxEnableFlags                         
00010e55  macRxEnhancedBeaconReq                   
2000403c  macRxFilter                              
000126f1  macRxFrameIsr                            
00012cbd  macRxHaltCleanup                         
0001ab4b  macRxHardDisable                         
00012d5f  macRxInit                                
00012483  macRxNokIsr                              
0001ac3b  macRxOff                                 
0001ac41  macRxOffRequest                          
0001ab6d  macRxOn                                  
0001ac77  macRxOnOffInit                           
0001ab39  macRxOnRequest                           
000102ef  macRxOrphan                              
200046ab  macRxOutgoingAckFlag                     
20004a28  macRxOutput                              
000102e1  macRxPanConflict                         
00012d0b  macRxSequenceNum                         
0001ac1f  macRxSoftDisable                         
0001abd7  macRxSoftEnable                          
200044a0  macScanAction                            
00017519  macScanCnfInit                           
00017769  macScanComplete                          
000177bf  macScanFailedInProgress                  
000177e9  macScanNextChan                          
00017955  macScanRxBeacon                          
0001754b  macScanRxCoordRealign                    
00017a65  macScanStartTimer                        
0001c83e  macScanningSt                            
0000e065  macSecCpy                                
200039c0  macSecurityPib                           
00018901  macSecurityPibIndex                      
00018979  macSecurityPibReset                      
0001906f  macSendDataMsg                           
000152b5  macSendFsCmd                             
0001928b  macSendMsg                               
0001c610  macSendMsgBufSize                        
0001c5f8  macSendMsgDataSize                       
00015199  macSendReceiveCmd                        
0001917d  macSetEvent                              
000110ef  macSetSched                              
00015347  macSetTxPowerVal                         
00015425  macSetUserConfig                         
00014d8d  macSetupFsCmd                            
000150dd  macSetupRATChanCompare                   
00015279  macSetupReceiveCmd                       
20004a04  macSfdDetectCback                        
20004c4c  macSpecUsecsPerSymbol                    
0001725d  macStackEventLoop                        
000174d9  macStackTaskInit                         
00016309  macStartBeaconPrepareCallback            
00010841  macStartBegin                            
0001553f  macStartBroadcastPendTimer               
00010595  macStartComplete                         
00010a55  macStartContinue                         
00015da1  macStartFrameResponseTimer               
00015d8d  macStartResponseTimer                    
00010789  macStartSetParams                        
0001c628  macStartingSt                            
00019063  macStateIdle                             
00019043  macStateIdleOrPolling                    
00019035  macStateScanning                         
2000493c  macStateTbl                              
00015379  macStopCmd                               
00018895  macSymbolSetupPwrMgmt                    
000186b9  macSymbolTimerCancelTrigger              
0001858f  macSymbolTimerCompareIsr                 
00018835  macSymbolTimerCount                      
200046ac  macSymbolTimerImpending                  
000184d9  macSymbolTimerInit                       
00018525  macSymbolTimerPeriodIsr                  
0001857d  macSymbolTimerPowerDown                  
000186d9  macSymbolTimerRealign                    
000184d9  macSymbolTimerReset                      
000185a9  macSymbolTimerRestore                    
20004c54  macSymbolTimerRollover                   
00018d69  macSymbolTimerRolloverCallback           
00018645  macSymbolTimerSetCount                   
0001867b  macSymbolTimerSetRollover                
000187f1  macSymbolTimerSetTrigger                 
000187c9  macSymbolTimerSetTriggerRollover         
20004c58  macSymbolTimerTrigger                    
00018db9  macSymbolTimerTriggerCallback            
00015b41  macSyncTimeoutCallback                   
2000492c  macTaskId                                
00018f2b  macTimer                                 
00018edb  macTimerAddTimer                         
00018d03  macTimerAligned                          
00018fa7  macTimerCancel                           
00018ea9  macTimerCheckUnAlignedQ                  
00018835  macTimerGetTime                          
00018da5  macTimerInit                             
00018e5d  macTimerRealign                          
00018d39  macTimerRecalcUnaligned                  
00018ce5  macTimerRemoveTimer                      
0001c8a8  macTimerRolloverValue                    
00018e37  macTimerSetRollover                      
00018e17  macTimerStart                            
00018d25  macTimerSyncRollover                     
00018f43  macTimerUpdateSymbolTimer                
000157dd  macTrackPeriodCallback                   
000154f7  macTrackStartCallback                    
00015649  macTrackTimeoutCallback                  
0001369d  macTxAbortIsr                            
00012d4d  macTxAckIsr                              
00013ca9  macTxAckNotReceivedCallback              
000136b1  macTxAckReceivedCallback                 
200046ad  macTxActive                              
20004bd3  macTxBe                                  
000166f9  macTxBeaconCompleteCallback              
00013a09  macTxChannelBusyCallback                 
200049f3  macTxCmdActive                           
00011945  macTxCompleteCallback                    
20004bd4  macTxCsmaBackoffDelay                    
000139b5  macTxDecrypt                             
00013b41  macTxDoneCallback                        
00013849  macTxFrame                               
0001c78d  macTxFrameFailed                         
00013b83  macTxFrameIsr                            
000139a1  macTxFrameRetransmit                     
0001c77f  macTxFrameSuccess                        
20004bd5  macTxGpInterframeDelay                   
00013e5d  macTxInit                                
00013711  macTxRequestCsmaDelay                    
00013cf1  macTxRssiChannelBusyCallback             
20004bd0  macTxSlottedDelay                        
20004bd1  macTxSlottedDelayFactor                  
00013c41  macTxStartQueuedFrame                    
20004a0c  macTxTimestamp                           
00013b0d  macTxTimestampCallback                   
20004bd2  macTxType                                
20004c31  macUnitBackoffPeriod                     
0000e31f  macUpdateCsmPhyParam                     
0001a8bf  macUpdateHeaderIEPtr                     
00012e01  macUpdatePanId                           
0001a92f  macUpdatePayloadIEPtr                    
0000ea2f  macWSAsyncCnf                            
00014399  macWrapperAddDevice                      
00013ecd  macWrapperAddKeyInitFCtr                 
00014083  macWrapperDeleteAllDevices               
0001428f  macWrapperDeleteDevice                   
00014163  macWrapperDeleteKeyAndAssociatedDevices  
00013fed  macWrapperGetDefaultSourceKey            
00019187  mac_msg_deallocate                       
0001b9c5  memcmp                                   
0001b30d  memcpy                                   
0001b435  memset                                   
0001c8e8  msacbackSizeTable                        
200049f5  numRfCmd                                 
0001b693  osalAdjustTimer                          
0001afb7  osalInitTasks                            
0001ae45  osalTimerInit                            
0001ae6d  osalTimerUpdate                          
00014741  osal_build_uint32                        
00014679  osal_clear_event                         
00014a47  osal_enroll_dispatchid                   
00014a53  osal_enroll_notasksender                 
20004c01  osal_entity                              
20004c0c  osal_eventloop_hook                      
00014ab9  osal_init_system                         
20004c14  osal_last_timestamp                      
20004c1c  osal_max_msecs                           
0001b8c7  osal_mem_alloc                           
0001b889  osal_mem_free                            
000146ff  osal_memcmp                              
0001462d  osal_memcpy                              
00014645  osal_memset                              
000149dd  osal_msg_allocate                        
000148b9  osal_msg_deallocate                      
00014649  osal_msg_dequeue                         
00014759  osal_msg_enqueue                         
00014873  osal_msg_enqueue_max                     
000149a9  osal_msg_extract                         
00014a01  osal_msg_push                            
0001469d  osal_msg_receive                         
00014951  osal_msg_send                            
0001ae4d  osal_next_timeout                        
0001b2f3  osal_pwrmgr_init                         
0001b28b  osal_pwrmgr_task_state                   
20004c08  osal_qHead                               
00014bf1  osal_run_system                          
000147a1  osal_self                                
20004c10  osal_semaphore                           
000147e9  osal_set_event                           
00014d49  osal_start_system                        
20004c18  osal_tickperiod                          
20004b68  pFhObject                                
20004aec  pMacCbackCheckPending                    
20004ae8  pMacCbackQueryRetransmit                 
200046b0  pMacDataTx                               
20004ba4  pMacEnhancedAck                          
20004a10  pMacRadioConfig                          
200048d0  pOverridesPG20                           
20004990  pOverridesPG21                           
20004a18  pRfPropTable                             
20004c8a  pwrmgr_attribute                         
20004c88  pwrmgr_initialized                       
20004a14  rfDrvTblPtr                              
200049f8  rxCmdHandle                              
2000403e  rxFhRsl                                  
2000403d  rxPromiscuousMode                        
2000405c  rxRadioBuffer                            
0001b6e7  sAddrCmp                                 
0001b713  sAddrCpy                                 
0001b6c5  sAddrExtCmp                              
0001b6e1  sAddrExtCpy                              
0001b227  sspAesDecryptHW                          
0001b207  sspAesDecryptHW_keylocation              
0001b1e3  sspAesEncryptHW                          
0001b1c3  sspAesEncryptHW_keylocation              
0001b1bd  ssp_HW_KeyInit                           
0001afd3  stack_main                               
0000e001  startup_entry                            
0001ba21  strlen                                   
0001c928  tasksArr                                 
0001c92c  tasksCnt                                 
200046a4  tasksEvents                              
20004c68  timerAlignedQ                            
20004698  timerHead                                
20004c64  timerUnalignedQ                          
20004ba0  txCmdHandle                              
00013bad  txComplete                               


GLOBAL SYMBOLS: SORTED BY Symbol Address 

address   name                                     
-------   ----                                     
00000100  __STACK_SIZE                             
0000e001  startup_entry                            
0000e025  macCoordDestAddrCmp                      
0000e065  macSecCpy                                
0000e06b  macCoordAddrCmp                          
0000e091  macRxDisassoc                            
0000e0f1  macDisassocComplete                      
0000e13b  macCommStatusInd                         
0000e219  macApiBadState                           
0000e21f  macApiPending                            
0000e23f  macNoAction                              
0000e241  macConflictSyncLossInd                   
0000e25d  macGetMyAddrMode                         
0000e26f  macDestAddrCmp                           
0000e2b1  macDestSAddrCmp                          
0000e2f5  macGetCoordAddress                       
0000e317  macGetCSMPhy                             
0000e31f  macUpdateCsmPhyParam                     
0000e327  MAC_MlmeFHGetReqSize                     
0000e345  MAC_MlmeFHGetReq                         
0000e367  MAC_MlmeWSAsyncReq                       
0000e375  MAC_MlmeFHSetReq                         
0000e397  MAC_YieldReq                             
0000e3b3  macIsCsmOperational                      
0000e3b9  MAC_ResumeReq                            
0000e40d  MAC_MlmeDisassociateReq                  
0000e425  macMgmtReset                             
0000e461  MAC_MlmeResetReq                         
0000e4f7  MAC_StartFH                              
0000e515  MAC_EnableFH                             
0000e539  MAC_InitFH                               
0000e659  macBuildHeader                           
0000e8d9  macBuildWSAsyncMsg                       
0000ea2f  macWSAsyncCnf                            
0000ea43  macApiWSAsyncReq                         
0000ea79  macBuildDisassociateReq                  
0000eb47  macApiDisassociateReq                    
0000eb9d  macBuildCommonReq                        
0000ed21  macBuildBeaconNotifyInd                  
0000eddd  macBuildEBeaconNotifyInd                 
0000eead  macRxBeacon                              
0000ef7f  macBuildEnhanceBeaconReq                 
0000f059  macBuildCoexistEBeaconReq                
0000f0d9  macApiUnsupported                        
0000f0df  macDefaultAction                         
0000f0eb  MAC_MlmeSyncReq                          
0000f0f3  MAC_Init                                 
0000f183  FHIE_extractHie                          
0000f299  FHIE_extractPie                          
0000fbaf  FHIE_getLen                              
0000fcf3  FHIE_gen                                 
0000fd13  FHIE_parseHie                            
0001005d  FHIE_parsePie                            
00010271  macCoordReset                            
000102e1  macRxPanConflict                         
000102ef  macRxOrphan                              
0001031f  macBuildRealign                          
000103b3  macApiOrphanRsp                          
00010411  macProcessEBeaconFilterIe                
00010481  macBuildEnhancedBeacon                   
0001055f  macPendAddrLen                           
00010595  macStartComplete                         
000105cd  macRxBeaconReq                           
000105f1  macRxAssociateReq                        
00010639  macBuildAssociateRsp                     
00010755  macApiAssociateRsp                       
00010789  macStartSetParams                        
00010841  macStartBegin                            
00010971  macApiStartReq                           
000109ef  MAC_MlmeStartReq                         
000109f7  MAC_MlmeOrphanRsp                        
00010a01  MAC_MlmeAssociateRsp                     
00010a0b  MAC_McpsPurgeReq                         
00010a1b  MAC_InitCoord                            
00010a55  macStartContinue                         
00010a91  macIndirectSend                          
00010b2d  macRxDataReq                             
00010ba1  macIndirectExpire                        
00010c51  macBuildPendAddr                         
00010d39  macBuildBeacon                           
00010e55  macRxEnhancedBeaconReq                   
00010f09  macApiPurgeReq                           
00010f83  macIndirectTxFrame                       
00010fdd  macIndirectMark                          
00011035  macIndirectRequeueFrame                  
000110a9  macDataRxInd                             
000110b9  macFrameDuration                         
000110db  macDataTxDelayCallback                   
000110df  macCheckSched                            
000110ef  macSetSched                              
000110f9  macDataRxMemFree                         
000110ff  MAC_McpsDataAlloc                        
000111db  MAC_McpsDataReq                          
00011277  macDataReset                             
000112c5  macDataRxMemAlloc                        
000112d5  macRxCheckMACPendingCallback             
000112fb  macRxCheckPendingCallback                
00011319  macRxCompleteCallback                    
0001140d  macDataTxEnqueue                         
0001148d  macBuildDataFrame                        
00011599  macApiDataReq                            
00011661  macDataTxTimeAvailable                   
0001168d  macDataTxSend                            
00011785  macDataSend                              
000117a9  macAllocTxBuffer                         
000118cd  macDataTxComplete                        
00011945  macTxCompleteCallback                    
00011aa1  macRadioTxRequestTxAck                   
00011ab9  macRadioSendImmAck                       
00011af9  macRadioSendEnhAck                       
00011b3f  macRadioTxCancelTxAck                    
00011b91  macRadioTxPrepCsmaSlotted                
00011bed  macRadioTxPrepCsmaUnslotted              
00011c41  macRadioTxPrepLbt                        
00011cc3  macRadioTxPrepGreenPower                 
00011cef  macRadioTxPrepSlotted                    
00011d89  macRadioTxGo                             
00011fdf  macRadioTxGoSlottedCsma                  
00012001  macRadioTxGoLbt                          
00012007  macRadioTxGoGreenPower                   
0001200d  macRadioTxGoSlotted                      
0001201d  macRadioTxEnhAckCb                       
00012075  macRadioTxRequestAckTimeout              
000120a5  macRadioLbtTxCb                          
000121a1  macRadioCsmaTxCb                         
000122dd  macRadioTxAckCb                          
00012351  macRadioTxCancelAckTimeout               
00012483  macRxNokIsr                              
000126f1  macRxFrameIsr                            
00012cbd  macRxHaltCleanup                         
00012d0b  macRxSequenceNum                         
00012d4d  macRxAckTxDoneCallback                   
00012d4d  macTxAckIsr                              
00012d5f  macRxInit                                
00012e01  macUpdatePanId                           
00012e4b  macKeyDescriptorLookup                   
00012ec7  macDeviceDescriptorLookup                
00012f0d  macBlacklistChecking                     
00012f93  macIncomingFrameSecurityMaterialRetrieval
0001310d  macIncomingSecurityLevelChecking         
00013193  macIncomingKeyUsagePolicyChecking        
000131e1  macIncomingFrameSecurity                 
000132f3  macOutgoingFrameKeyDescRetrieval         
000133c1  macOutgoingFrameSecurity                 
00013483  macCcmStarTransform                      
0001359d  macCcmStarInverseTransform               
0001369d  macTxAbortIsr                            
000136b1  macTxAckReceivedCallback                 
00013711  macTxRequestCsmaDelay                    
00013849  macTxFrame                               
000139a1  macTxFrameRetransmit                     
000139b5  macTxDecrypt                             
00013a09  macTxChannelBusyCallback                 
00013b0d  macTxTimestampCallback                   
00013b41  macTxDoneCallback                        
00013b83  macTxFrameIsr                            
00013bad  txComplete                               
00013c41  macTxStartQueuedFrame                    
00013ca9  macTxAckNotReceivedCallback              
00013cf1  macTxRssiChannelBusyCallback             
00013e5d  macTxInit                                
00013ecd  macWrapperAddKeyInitFCtr                 
00013fed  macWrapperGetDefaultSourceKey            
00014083  macWrapperDeleteAllDevices               
00014163  macWrapperDeleteKeyAndAssociatedDevices  
0001428f  macWrapperDeleteDevice                   
00014399  macWrapperAddDevice                      
0001462d  osal_memcpy                              
00014645  osal_memset                              
00014649  osal_msg_dequeue                         
00014679  osal_clear_event                         
0001469d  osal_msg_receive                         
000146ff  osal_memcmp                              
00014741  osal_build_uint32                        
00014759  osal_msg_enqueue                         
000147a1  osal_self                                
000147e9  osal_set_event                           
00014873  osal_msg_enqueue_max                     
000148b9  osal_msg_deallocate                      
00014951  osal_msg_send                            
000149a9  osal_msg_extract                         
000149dd  osal_msg_allocate                        
00014a01  osal_msg_push                            
00014a47  osal_enroll_dispatchid                   
00014a53  osal_enroll_notasksender                 
00014ab9  osal_init_system                         
00014bf1  osal_run_system                          
00014d49  osal_start_system                        
00014d8d  macSetupFsCmd                            
00014dbf  macRegisterSfdDetect                     
00014dc7  macFsCb                                  
00014e0d  macRxCb                                  
00015049  macRatCb_A                               
0001506d  macRatCb_B                               
000150dd  macSetupRATChanCompare                   
00015199  macSendReceiveCmd                        
00015279  macSetupReceiveCmd                       
000152b5  macSendFsCmd                             
00015347  macSetTxPowerVal                         
00015379  macStopCmd                               
000153d9  macRatDisableChannels                    
00015425  macSetUserConfig                         
000154c9  macBeaconStopTrack                       
000154f1  macBroadcastPendCallback                 
000154f7  macTrackStartCallback                    
0001553f  macStartBroadcastPendTimer               
00015571  macBeaconStartFrameResponseTimer         
000155b7  macCheckPendAddr                         
0001560f  MAC_InitBeaconDevice                     
00015649  macTrackTimeoutCallback                  
000156bd  macApiSyncReq                            
000157dd  macTrackPeriodCallback                   
0001583d  macAutoPoll                              
00015959  macIncomingNonSlottedTx                  
00015993  macBeaconSyncLoss                        
00015a11  macRxBeaconCritical                      
00015b41  macSyncTimeoutCallback                   
00015bc1  macDeviceReset                           
00015c2d  macPanConflictComplete                   
00015c31  macRxCoordRealign                        
00015c91  macPollCnf                               
00015ca9  macPollFrameResponseTimeout              
00015ce3  macPollRxDisassoc                        
00015cfd  macAssociateCnf                          
00015d2b  macAssocFailed                           
00015d5d  macAssocFrameResponseTimeout             
00015d7d  macAssocRxDisassoc                       
00015d8d  macStartResponseTimer                    
00015da1  macStartFrameResponseTimer               
00015dd9  macRxAssocRsp                            
00015e57  macPollRxAssocRsp                        
00015e6b  macPollDataRxInd                         
00015ebd  macPollDataReqComplete                   
00015f55  macAssocDataRxInd                        
00015fb5  macAssocDataReqComplete                  
00016001  macApiPollReq                            
00016043  MAC_MlmePollReq                          
0001604b  MAC_MlmeAssociateReq                     
00016059  MAC_InitDevice                           
00016087  macBuildAssociateReq                     
00016171  macApiAssociateReq                       
0001622f  macAssocDataReq                          
000162a1  macBeaconBattLifeCallback                
000162a7  macBeaconPrepareCallback                 
000162eb  macBeaconSetPrepareTime                  
00016309  macStartBeaconPrepareCallback            
0001632f  macEBeaconPrepareCallback                
000163bd  macBeaconTxCallback                      
00016407  macEBeaconTxCallback                     
00016475  macBeaconCoordReset                      
00016485  macBeaconCheckStartTime                  
000164e5  macApiBeaconStartReq                     
00016537  MAC_InitBeaconCoord                      
00016585  macBeaconStartContinue                   
00016655  macBeaconSetupBroadcast                  
000166a5  macOutgoingNonSlottedTx                  
000166f9  macTxBeaconCompleteCallback              
0001685d  macBeaconClearIndirect                   
000168a1  macBeaconPeriodCallback                  
0001691b  macRadioStopScan                         
00016931  macGetRadioTxPowerReg                    
00016977  macRadioSetTxPower                       
0001698b  macRadioSetPanCoordinator                
000169ab  macRadioSwInit                           
000169ef  macLowLevelResume                        
000169ef  macRadioInit                             
00016bbd  macRadioSetPanID                         
00016bc7  macRadioSetShortAddr                     
00016bd3  macRadioSetIEEEAddr                      
00016be1  macRadioComputeLQI                       
00016be5  macRadioWakeupCb                         
00016c39  macRadioStartScan                        
00016c9d  macRadioEnergyDetectStop                 
00016cfd  macRadioUpdateChannel                    
00016d65  macRadioSetChannel                       
00016dab  macRadioUpdateTxPower                    
00016de1  macRadioPowerDown                        
00016e19  macRadioPowerUp                          
00016ebd  macRadioPowerUpWait                      
0001725d  macStackEventLoop                        
000173bf  MAC_CbackCheckPending                    
000173cf  MAC_CbackEvent                           
00017495  MAC_CbackQueryRetransmit                 
000174d9  macStackTaskInit                         
00017519  macScanCnfInit                           
00017543  MAC_MlmeScanReq                          
0001754b  macScanRxCoordRealign                    
000175dd  macApiScanReq                            
00017769  macScanComplete                          
000177bf  macScanFailedInProgress                  
000177e9  macScanNextChan                          
00017955  macScanRxBeacon                          
00017a65  macScanStartTimer                        
00017ae1  FHAPI_reset                              
00017b53  FHAPI_start                              
00017c01  FHAPI_startBS                            
00017c69  FHAPI_stopAsync                          
00017c95  FHAPI_sendData                           
00017d4d  FHAPI_getTxParams                        
00017db5  FHAPI_completeTxCb                       
00017e89  FHAPI_completeRxCb                       
00017f2f  FHAPI_setStateCb                         
00017f79  FHAPI_SFDRxCb                            
00017fd9  FHUTIL_getMaxChannels                    
00017fff  FHUTIL_getBitCounts                      
00018057  FHUTIL_updateUcNumChannels               
00018071  FHUTIL_updateBcNumChannels               
0001808d  FHUTIL_assert                            
00018091  FHUTIL_elapsedTime                       
00018095  FHUTIL_noAction                          
00018097  FHUTIL_getCurUfsi                        
000180e9  FHUTIL_getElapsedTime                    
000180fb  FHUTIL_getCurBfio                        
00018187  FHUTIL_getBcTxParams                     
000181d9  FHUTIL_getGuardTime                      
0001823b  FHUTIL_calcUfsi                          
00018245  FHUTIL_getTxUfsi                         
00018267  FHUTIL_adjBackOffDur                     
00018323  FHUTIL_getUcChannel                      
0001833b  FHUTIL_getTxChannel                      
000183a5  FHUTIL_getCh0                            
000183d1  FHUTIL_getChannelSpacing                 
00018409  FHUTIL_compBfioTxTime                    
0001841d  FHUTIl_updateBTIE                        
000184d9  macLowLevelReset                         
000184d9  macSymbolTimerInit                       
000184d9  macSymbolTimerReset                      
00018525  macSymbolTimerPeriodIsr                  
0001857d  macSymbolTimerPowerDown                  
0001858f  macSymbolTimerCompareIsr                 
000185a9  macSymbolTimerRestore                    
00018645  macSymbolTimerSetCount                   
0001867b  macSymbolTimerSetRollover                
000186b9  macSymbolTimerCancelTrigger              
000186d9  macSymbolTimerRealign                    
000187c9  macSymbolTimerSetTriggerRollover         
000187f1  macSymbolTimerSetTrigger                 
00018835  macSymbolTimerCount                      
00018835  macTimerGetTime                          
00018895  macSymbolSetupPwrMgmt                    
00018901  macSecurityPibIndex                      
00018913  MAC_MlmeGetPointerSecurityReq            
00018935  MAC_MlmeGetSecurityReqSize               
00018979  macSecurityPibReset                      
000189c7  MAC_MlmeSetSecurityReq                   
00018b99  MAC_MlmeGetSecurityReq                   
00018ce5  macTimerRemoveTimer                      
00018d03  macTimerAligned                          
00018d25  macTimerSyncRollover                     
00018d39  macTimerRecalcUnaligned                  
00018d69  macSymbolTimerRolloverCallback           
00018da5  macTimerInit                             
00018db9  macSymbolTimerTriggerCallback            
00018e17  macTimerStart                            
00018e37  macTimerSetRollover                      
00018e5d  macTimerRealign                          
00018ea9  macTimerCheckUnAlignedQ                  
00018edb  macTimerAddTimer                         
00018f2b  macTimer                                 
00018f43  macTimerUpdateSymbolTimer                
00018fa7  macTimerCancel                           
00019035  macStateScanning                         
00019043  macStateIdleOrPolling                    
00019055  macMainReserve                           
00019063  macStateIdle                             
0001906f  macSendDataMsg                           
00019141  macMainReset                             
0001917d  macSetEvent                              
00019187  mac_msg_deallocate                       
000191bd  macCbackForEvent                         
00019247  macExecute                               
0001928b  macSendMsg                               
00019329  FHMGR_macGetElapsedFHTime                
00019337  FHMGR_updateRadioBCChannel               
0001938d  FHMGR_updateHopping                      
000193e3  FHMGR_pendBcChUpdate                     
000193e9  FHMGR_pendUcChUpdate                     
000193ef  FHMGR_updateRadioUCChannel               
00019459  FHMGR_macCancelFHTimer                   
000194b3  FHMGR_macStartFHTimer                    
000194ff  FHMGR_ucTimerIsrCb                       
0001953b  FHMGR_bcTimerIsrCb                       
000195ed  FH_procEDFEReq                           
000195f3  FH_startEDFETimer                        
000195f5  FH_startEDFEReq                          
000195fb  FHDATA_procASYNCReq                      
00019699  FHDATA_requeuePkt                        
000196df  FHDATA_purgePktFromQueue                 
00019745  FHDATA_purgeUnSupportedFrameTypes        
000197b9  FHDATA_getPktFromQueue                   
0001984b  FHDATA_checkPktFromQueue                 
00019881  macBuildPayloadCoexistIe                 
00019915  macBuildHeaderIes                        
000199db  macBuildPayloadIes                       
00019af9  FHNT_reset                               
00019b17  FHNT_init                                
00019b2f  FHNT_purgeEntry                          
00019bcd  FHNT_getEntry                            
00019c99  FHNT_createEntry                         
00019d2d  macPibIndex                              
00019d4b  macMRFSKGetPhyDesc                       
00019d6d  MAC_GetPHYParamReq                       
00019d8b  MAC_MlmeGetReqSize                       
00019d9f  macPibReset                              
00019dc1  MAC_MlmeSetReq                           
00019ef1  MAC_MlmeGetReq                           
00019f59  macBeaconCheckSched                      
00019f77  macBeaconSetupCap                        
00019fd7  macBeaconReset                           
00019ff3  macBeaconInit                            
0001a009  macBeaconSetSched                        
0001a0ab  macBeaconCheckTxTime                     
0001a111  macBeaconRequeue                         
0001a185  __aeabi_ldivmod                          
0001a3a3  __aeabi_idiv0                            
0001a3a5  macMcuBitReverse                         
0001a429  MAC_RandomByte                           
0001a429  macMcuRandomByte                         
0001a429  macRadioRandomByte                       
0001a433  macMcuOverflowSetCount                   
0001a44b  macMcuOverflowCapture                    
0001a45b  macMcuTimerCapture                       
0001a471  macMcuOverflowSetCompare                 
0001a4c7  macMcuOverflowSetPeriod                  
0001a521  macMcuRandomWord                         
0001a52b  macMcuInit                               
0001a5a5  __aeabi_uldivmod                         
0001a799  macParsePayloadIes                       
0001a845  macMlmeSubIePresent                      
0001a8ab  macIeFreeList                            
0001a8bf  macUpdateHeaderIEPtr                     
0001a92f  macUpdatePayloadIEPtr                    
0001a983  __aeabi_ldiv0                            
0001a985  FHDH1CF_hashword                         
0001a9c1  FHDH1CF_getCh                            
0001aa07  FHDH1CF_mapChIdxChannel                  
0001aa51  FHDH1CF_getChannelNum                    
0001aa8b  FHDH1CF_getBcCh                          
0001aaad  FHDH1CF_getBCChannelNum                  
0001ab11  FHDH1CF_getTxChannelNum                  
0001ab39  macRxOnRequest                           
0001ab4b  macRxHardDisable                         
0001ab6d  macRxOn                                  
0001abcb  macRxEnable                              
0001abd7  macRxSoftEnable                          
0001abef  macRxDisable                             
0001ac1f  macRxSoftDisable                         
0001ac3b  macRxOff                                 
0001ac41  macRxOffRequest                          
0001ac77  macRxOnOffInit                           
0001ace5  FHPIB_getLen                             
0001ad03  FHPIB_reset                              
0001ad0f  FHPIB_set                                
0001aded  FHPIB_get                                
0001ae45  osalTimerInit                            
0001ae4d  osal_next_timeout                        
0001ae6d  osalTimerUpdate                          
0001afb7  osalInitTasks                            
0001afd3  stack_main                               
0001b065  NOROM_CRYPTOAesEcb                       
0001b111  NOROM_CRYPTOAesLoadKey                   
0001b1bd  ssp_HW_KeyInit                           
0001b1c3  sspAesEncryptHW_keylocation              
0001b1e3  sspAesEncryptHW                          
0001b207  sspAesDecryptHW_keylocation              
0001b227  sspAesDecryptHW                          
0001b24b  HalAesInit                               
0001b28b  osal_pwrmgr_task_state                   
0001b2f3  osal_pwrmgr_init                         
0001b30d  __aeabi_memcpy                           
0001b30d  __aeabi_memcpy4                          
0001b30d  __aeabi_memcpy8                          
0001b30d  memcpy                                   
0001b3a9  macLowLevelYield                         
0001b3db  macLowLevelBufferInit                    
0001b3e7  macLowLevelInit                          
0001b42d  __aeabi_memclr                           
0001b42d  __aeabi_memclr4                          
0001b42d  __aeabi_memclr8                          
0001b42f  __aeabi_memset                           
0001b42f  __aeabi_memset4                          
0001b42f  __aeabi_memset8                          
0001b435  memset                                   
0001b4a9  ChipInfo_GetHwRevision                   
0001b519  FSM_transaction_debug                    
0001b541  FHSM_event                               
0001b585  __TI_auto_init                           
0001b693  osalAdjustTimer                          
0001b6c5  sAddrExtCmp                              
0001b6e1  sAddrExtCpy                              
0001b6e7  sAddrCmp                                 
0001b713  sAddrCpy                                 
0001b729  macApiPwrOnReq                           
0001b72b  macPwrReset                              
0001b733  macPwrVote                               
0001b789  HalTRNG_InitTRNG                         
0001b7a5  HalTRNG_GetTRNG                          
0001b7e5  macCanSleep                              
0001b83d  ChipInfo_GetChipFamily                   
0001b889  osal_mem_free                            
0001b8c7  osal_mem_alloc                           
0001b8d5  copy_in                                  
0001b921  NOROM_CRYPTOAesEcbStatus                 
0001b961  __aeabi_uidiv                            
0001b961  __aeabi_uidivmod                         
0001b9a1  NOROM_TRNGConfigure                      
0001b9c5  memcmp                                   
0001b9e9  HAL_APPASRT_callAssrtHanlder             
0001b9f5  HAL_APPASRT_register                     
0001ba09  __aeabi_lmul                             
0001ba21  strlen                                   
0001ba35  NOROM_TRNGNumberGet                      
0001ba45  __TI_decompress_none                     
0001ba53  __TI_zero_init                           
0001ba5f  NOROM_CPUdelay                           
0001ba65  __TI_decompress_rle24                    
0001c2d4  macMRFSKStdPhyTable                      
0001c468  FH_stateMatrix                           
0001c5f8  macSendMsgDataSize                       
0001c604  macCbackEventTbl                         
0001c610  macSendMsgBufSize                        
0001c628  macStartingSt                            
0001c692  macAssociatingSt                         
0001c6fc  macPollingSt                             
0001c77f  macTxFrameSuccess                        
0001c78d  macTxFrameFailed                         
0001c79c  macCmdIncludeFHIe                        
0001c7d4  macIdleSt                                
0001c83e  macScanningSt                            
0001c8a8  macTimerRolloverValue                    
0001c8e8  msacbackSizeTable                        
0001c8fc  macKeySourceLen                          
0001c900  macAuthTagLen                            
0001c910  fhSupFrameTypes                          
0001c928  tasksArr                                 
0001c92c  tasksCnt                                 
0001c930  __c_args__                               
0001c938  __TI_static_base__                       
0001cb50  __TI_Handler_Table_Base                  
0001cb5c  __TI_Handler_Table_Limit                 
0001cb68  __TI_CINIT_Base                          
0001cb78  __TI_CINIT_Limit                         
20003100  FHNT_hnd                                 
20003124  FHNT_table                               
200039c0  macSecurityPib                           
2000403c  macRxFilter                              
2000403d  rxPromiscuousMode                        
2000403e  rxFhRsl                                  
20004046  macRxDataEntryOffset                     
20004054  macRxDataEntryQueue                      
2000405c  rxRadioBuffer                            
20004260  macMRFSKGenPhyTable                      
20004290  macPib                                   
200043a0  FHPIB_db                                 
2000443c  macDevice                                
200044a0  macScanAction                            
20004514  macBeaconCoord                           
200045a8  macCoord                                 
200045dc  FH_hnd                                   
20004650  macBeaconDevice                          
20004684  ICall_enterCriticalSection               
20004688  ICall_leaveCriticalSection               
2000468c  ICall_dispatcher                         
20004690  cryptoDrvTblPtr                          
20004694  Crypto_handle                            
20004698  timerHead                                
200046a4  tasksEvents                              
200046a8  macPwr                                   
200046a9  macRxActive                              
200046aa  macRxEnableFlags                         
200046ab  macRxOutgoingAckFlag                     
200046ac  macSymbolTimerImpending                  
200046ad  macTxActive                              
200046b0  pMacDataTx                               
200046b4  macDataTxBeaconComplete                  
200046b8  macDataRxBeaconCritical                  
200046bc  macDataTxIndirect                        
200046c0  macDataRequeueIndirect                   
200046c4  macDataSetSched                          
200046c8  macDataCheckSched                        
200046cc  macDataCheckTxTime                       
200046d0  macDataBeaconRequeue                     
200046d4  macData                                  
200046e4  macDataTxDelay                           
200046f4  enhancedAckBuf                           
200047f0  RF_cmdRat                                
200047f8  RF_cmdNop                                
20004808  RF_cmdFs                                 
20004820  RF_cmdPropCs                             
2000483c  RF_cmdPropCsSlotted                      
20004858  RF_cmdPropTxAdv                          
20004878  RF_cmdPropRadioDivSetup                  
200048a0  RF_cmdPropRxAdv                          
200048d0  pOverridesPG20                           
2000492c  macTaskId                                
20004930  macMain                                  
2000493c  macStateTbl                              
20004950  macReset                                 
2000496c  macActionSet                             
20004990  pOverridesPG21                           
200049ec  g_ui32CurrentAesOp                       
200049f0  lastRatChanA                             
200049f1  lastRatChanB                             
200049f2  macRxCmdActive                           
200049f3  macTxCmdActive                           
200049f4  macFsCmdActive                           
200049f5  numRfCmd                                 
200049f8  rxCmdHandle                              
200049fa  fsCmdHandle                              
20004a00  lastPostCmd                              
20004a04  macSfdDetectCback                        
20004a0c  macTxTimestamp                           
20004a10  pMacRadioConfig                          
20004a14  rfDrvTblPtr                              
20004a18  pRfPropTable                             
20004a28  macRxOutput                              
20004a34  macFrmFilter                             
20004a48  FH_FSM                                   
20004a58  FHFSM_Dbg                                
20004ae4  AppTaskId                                
20004ae8  pMacCbackQueryRetransmit                 
20004aec  pMacCbackCheckPending                    
20004af0  macBeaconPayload                         
20004b24  macBeaconMargin                          
20004b44  macBeacon                                
20004b64  macPanCoordinator                        
20004b65  macMgmt                                  
20004b68  pFhObject                                
20004b6c  macMgmtAction2                           
20004b80  macMgmtAction1                           
20004ba0  txCmdHandle                              
20004ba4  pMacEnhancedAck                          
20004ba8  macRadioAckFrame                         
20004bb0  macAckTimer                              
20004bd0  macTxSlottedDelay                        
20004bd1  macTxSlottedDelayFactor                  
20004bd2  macTxType                                
20004bd3  macTxBe                                  
20004bd4  macTxCsmaBackoffDelay                    
20004bd5  macTxGpInterframeDelay                   
20004bec  macAckDbg                                
20004c01  osal_entity                              
20004c08  osal_qHead                               
20004c0c  osal_eventloop_hook                      
20004c10  osal_semaphore                           
20004c14  osal_last_timestamp                      
20004c18  osal_tickperiod                          
20004c1c  osal_max_msecs                           
20004c2c  macRadioYielded                          
20004c2d  bInSwi                                   
20004c30  macPhyChannel                            
20004c31  macUnitBackoffPeriod                     
20004c34  macPhyTxPower                            
20004c3c  RF_handle                                
20004c40  RF_params                                
20004c4c  macSpecUsecsPerSymbol                    
20004c50  macPrevPeriodRatCount                    
20004c54  macSymbolTimerRollover                   
20004c58  macSymbolTimerTrigger                    
20004c64  timerUnalignedQ                          
20004c68  timerAlignedQ                            
20004c7c  OSAL_timeSeconds                         
20004c88  pwrmgr_initialized                       
20004c8a  pwrmgr_attribute                         
20004e00  __stack                                  
20004f00  __STACK_END                              
20004f00  __STACK_TOP                              
ffffffff  __binit__                                
ffffffff  binit                                    
UNDEFED   SHT$$INIT_ARRAY$$Base                    
UNDEFED   SHT$$INIT_ARRAY$$Limit                   

[671 symbols]
